Archive member included to satisfy reference by file (symbol)

/home/jaremekg/.pico-sdk/toolchain/14_2_Rel1/bin/../lib/gcc/arm-none-eabi/14.2.1/../../../../arm-none-eabi/lib/thumb/v8-m.main+fp/softfp/libm.a(libm_a-wf_sqrt.o)
                              scd30_meter/CMakeFiles/proj_scd30_meter.dir/home/jaremekg/.pico-sdk/sdk/2.2.0/src/rp2_common/pico_float/float_math.c.o (sqrtf)
/home/jaremekg/.pico-sdk/toolchain/14_2_Rel1/bin/../lib/gcc/arm-none-eabi/14.2.1/../../../../arm-none-eabi/lib/thumb/v8-m.main+fp/softfp/libm.a(libm_a-ef_sqrt.o)
                              /home/jaremekg/.pico-sdk/toolchain/14_2_Rel1/bin/../lib/gcc/arm-none-eabi/14.2.1/../../../../arm-none-eabi/lib/thumb/v8-m.main+fp/softfp/libm.a(libm_a-wf_sqrt.o) (__ieee754_sqrtf)
/home/jaremekg/.pico-sdk/toolchain/14_2_Rel1/bin/../lib/gcc/arm-none-eabi/14.2.1/thumb/v8-m.main+fp/softfp/libgcc.a(_arm_addsubdf3.o)
                              scd30_meter/CMakeFiles/proj_scd30_meter.dir/home/jaremekg/.pico-sdk/sdk/2.2.0/src/rp2_common/pico_float/float_math.c.o (__aeabi_f2d)
/home/jaremekg/.pico-sdk/toolchain/14_2_Rel1/bin/../lib/gcc/arm-none-eabi/14.2.1/thumb/v8-m.main+fp/softfp/libgcc.a(_aeabi_ldivmod.o)
                              scd30_meter/CMakeFiles/proj_scd30_meter.dir/home/jaremekg/.pico-sdk/sdk/2.2.0/src/common/pico_time/time.c.o (__aeabi_ldivmod)
/home/jaremekg/.pico-sdk/toolchain/14_2_Rel1/bin/../lib/gcc/arm-none-eabi/14.2.1/thumb/v8-m.main+fp/softfp/libgcc.a(_aeabi_uldivmod.o)
                              scd30_meter/CMakeFiles/proj_scd30_meter.dir/home/jaremekg/.pico-sdk/sdk/2.2.0/src/rp2_common/hardware_clocks/clocks.c.o (__aeabi_uldivmod)
/home/jaremekg/.pico-sdk/toolchain/14_2_Rel1/bin/../lib/gcc/arm-none-eabi/14.2.1/thumb/v8-m.main+fp/softfp/libgcc.a(_udivmoddi4.o)
                              /home/jaremekg/.pico-sdk/toolchain/14_2_Rel1/bin/../lib/gcc/arm-none-eabi/14.2.1/thumb/v8-m.main+fp/softfp/libgcc.a(_aeabi_ldivmod.o) (__udivmoddi4)
/home/jaremekg/.pico-sdk/toolchain/14_2_Rel1/bin/../lib/gcc/arm-none-eabi/14.2.1/thumb/v8-m.main+fp/softfp/libgcc.a(_dvmd_tls.o)
                              /home/jaremekg/.pico-sdk/toolchain/14_2_Rel1/bin/../lib/gcc/arm-none-eabi/14.2.1/thumb/v8-m.main+fp/softfp/libgcc.a(_aeabi_ldivmod.o) (__aeabi_ldiv0)
/home/jaremekg/.pico-sdk/toolchain/14_2_Rel1/bin/../lib/gcc/arm-none-eabi/14.2.1/../../../../arm-none-eabi/lib/thumb/v8-m.main+fp/softfp/libg.a(libc_a-calloc.o)
                              scd30_meter/CMakeFiles/proj_scd30_meter.dir/home/jaremekg/.pico-sdk/sdk/2.2.0/src/rp2_common/pico_malloc/malloc.c.o (calloc)
/home/jaremekg/.pico-sdk/toolchain/14_2_Rel1/bin/../lib/gcc/arm-none-eabi/14.2.1/../../../../arm-none-eabi/lib/thumb/v8-m.main+fp/softfp/libg.a(libc_a-callocr.o)
                              /home/jaremekg/.pico-sdk/toolchain/14_2_Rel1/bin/../lib/gcc/arm-none-eabi/14.2.1/../../../../arm-none-eabi/lib/thumb/v8-m.main+fp/softfp/libg.a(libc_a-calloc.o) (_calloc_r)
/home/jaremekg/.pico-sdk/toolchain/14_2_Rel1/bin/../lib/gcc/arm-none-eabi/14.2.1/../../../../arm-none-eabi/lib/thumb/v8-m.main+fp/softfp/libg.a(libc_a-malloc.o)
                              scd30_meter/CMakeFiles/proj_scd30_meter.dir/home/jaremekg/.pico-sdk/sdk/2.2.0/src/rp2_common/pico_malloc/malloc.c.o (malloc)
/home/jaremekg/.pico-sdk/toolchain/14_2_Rel1/bin/../lib/gcc/arm-none-eabi/14.2.1/../../../../arm-none-eabi/lib/thumb/v8-m.main+fp/softfp/libg.a(libc_a-mallocr.o)
                              /home/jaremekg/.pico-sdk/toolchain/14_2_Rel1/bin/../lib/gcc/arm-none-eabi/14.2.1/../../../../arm-none-eabi/lib/thumb/v8-m.main+fp/softfp/libg.a(libc_a-callocr.o) (_malloc_r)
/home/jaremekg/.pico-sdk/toolchain/14_2_Rel1/bin/../lib/gcc/arm-none-eabi/14.2.1/../../../../arm-none-eabi/lib/thumb/v8-m.main+fp/softfp/libg.a(libc_a-mlock.o)
                              /home/jaremekg/.pico-sdk/toolchain/14_2_Rel1/bin/../lib/gcc/arm-none-eabi/14.2.1/../../../../arm-none-eabi/lib/thumb/v8-m.main+fp/softfp/libg.a(libc_a-mallocr.o) (__malloc_lock)
/home/jaremekg/.pico-sdk/toolchain/14_2_Rel1/bin/../lib/gcc/arm-none-eabi/14.2.1/../../../../arm-none-eabi/lib/thumb/v8-m.main+fp/softfp/libg.a(libc_a-realloc.o)
                              scd30_meter/CMakeFiles/proj_scd30_meter.dir/home/jaremekg/.pico-sdk/sdk/2.2.0/src/rp2_common/pico_malloc/malloc.c.o (realloc)
/home/jaremekg/.pico-sdk/toolchain/14_2_Rel1/bin/../lib/gcc/arm-none-eabi/14.2.1/../../../../arm-none-eabi/lib/thumb/v8-m.main+fp/softfp/libg.a(libc_a-reallocr.o)
                              /home/jaremekg/.pico-sdk/toolchain/14_2_Rel1/bin/../lib/gcc/arm-none-eabi/14.2.1/../../../../arm-none-eabi/lib/thumb/v8-m.main+fp/softfp/libg.a(libc_a-realloc.o) (_realloc_r)
/home/jaremekg/.pico-sdk/toolchain/14_2_Rel1/bin/../lib/gcc/arm-none-eabi/14.2.1/../../../../arm-none-eabi/lib/thumb/v8-m.main+fp/softfp/libg.a(libc_a-memcmp.o)
                              scd30_meter/CMakeFiles/proj_scd30_meter.dir/home/jaremekg/.pico-sdk/sdk/2.2.0/src/rp2_common/pico_atomic/atomic.c.o (memcmp)
[...]
Memory Configuration

Name             Origin             Length             Attributes
FLASH            0x10000000         0x00400000         xr
RAM              0x20000000         0x00080000         xrw
SCRATCH_X        0x20080000         0x00001000         xrw
SCRATCH_Y        0x20081000         0x00001000         xrw
*default*        0x00000000         0xffffffff

Linker script and memory map

LOAD /home/jaremekg/.pico-sdk/toolchain/14_2_Rel1/bin/../lib/gcc/arm-none-eabi/14.2.1/thumb/v8-m.main+fp/softfp/crti.o
LOAD /home/jaremekg/.pico-sdk/toolchain/14_2_Rel1/bin/../lib/gcc/arm-none-eabi/14.2.1/thumb/v8-m.main+fp/softfp/crtbegin.o
LOAD /home/jaremekg/.pico-sdk/toolchain/14_2_Rel1/bin/../lib/gcc/arm-none-eabi/14.2.1/../../../../arm-none-eabi/lib/thumb/v8-m.main+fp/softfp/crt0.o

.flash_begin    0x10000000        0x0
                0x10000000                        __flash_binary_start = .

.text           0x10000000     0x50ec
                0x10000000                        __logical_binary_start = .
 *(.vectors)
 .vectors       0x10000000      0x124 scd30_meter/CMakeFiles/proj_scd30_meter.dir/home/jaremekg/.pico-sdk/sdk/2.2.0/src/rp2_common/pico_crt0/crt0.S.o
                0x10000000                __vectors
                0x10000000                __VECTOR_TABLE
                0x10000110                isr_securefault
                0x10000110                isr_irq30
                0x10000110                __unhandled_user_irq
                0x10000110                isr_irq49
                0x10000110                isr_irq13
                0x10000110                isr_irq43
                0x10000110                isr_irq45
                0x10000110                isr_irq27
                0x10000110                isr_irq32
                0x10000110                isr_irq31
                0x10000110                isr_irq5
                0x10000110                isr_irq11
                0x10000110                isr_irq23
                0x10000110                isr_usagefault
                0x10000110                isr_irq48
                0x10000110                isr_irq35
                0x10000110                isr_irq18
                0x10000110                isr_irq50
                0x10000110                isr_irq40
                0x10000110                isr_irq28
                0x10000110                isr_irq19
                0x10000110                isr_irq36
                0x10000110                isr_irq41
                0x10000110                isr_irq0
                0x10000110                isr_irq6
                0x10000110                isr_memmanage
                0x10000110                isr_irq37
                0x10000110                isr_irq42
                0x10000110                isr_irq22
                0x10000110                isr_irq17
                0x10000110                isr_irq38
                0x10000110                isr_irq14
                0x10000110                __vectors_end
                0x10000110                __default_isrs_start
                0x10000110                isr_irq2
                0x10000110                isr_irq10
                0x10000110                isr_irq8
                0x10000110                isr_debugmonitor
                0x10000110                isr_irq24
                0x10000110                isr_irq46
                0x10000110                isr_irq1
                0x10000110                isr_irq47
                0x10000110                isr_irq51
                0x10000110                isr_irq7
                0x10000110                isr_irq21
                0x10000110                isr_irq39
                0x10000110                isr_irq20
                0x10000110                isr_irq15
                0x10000110                isr_irq25
                0x10000110                isr_irq34
                0x10000110                isr_irq4
                0x10000110                isr_busfault
                0x10000110                isr_irq16
                0x10000110                isr_irq44
                0x10000110                isr_irq29
                0x10000110                isr_irq26
                0x10000110                isr_irq33
                0x10000110                isr_irq3
                0x10000110                isr_irq12
                0x10000110                isr_irq9
                0x10000116                unhandled_user_irq_num_in_r0
                0x10000118                isr_invalid
                0x1000011a                isr_nmi
                0x1000011c                isr_hardfault
                0x1000011e                isr_svcall
                0x10000120                isr_pendsv
                0x10000122                isr_systick
                0x10000124                __default_isrs_end
 *(.binary_info_header)
 .binary_info_header
                0x10000124       0x14 scd30_meter/CMakeFiles/proj_scd30_meter.dir/home/jaremekg/.pico-sdk/sdk/2.2.0/src/rp2_common/pico_crt0/crt0.S.o
                0x10000138                        __binary_info_header_end = .
 *(.embedded_block)
 .embedded_block
                0x10000138       0x14 scd30_meter/CMakeFiles/proj_scd30_meter.dir/home/jaremekg/.pico-sdk/sdk/2.2.0/src/rp2_common/pico_crt0/crt0.S.o
                0x1000014c                        __embedded_block_end = .
 *(.reset)
 .reset         0x1000014c       0x98 scd30_meter/CMakeFiles/proj_scd30_meter.dir/home/jaremekg/.pico-sdk/sdk/2.2.0/src/rp2_common/pico_crt0/crt0.S.o
                0x1000014c                _entry_point
 *(.init)
 .init          0x100001e4        0x4 /home/jaremekg/.pico-sdk/toolchain/14_2_Rel1/bin/../lib/gcc/arm-none-eabi/14.2.1/thumb/v8-m.main+fp/softfp/crti.o
                0x100001e4                _init
 *libgcc.a:cmse_nonsecure_call.o()
 *(EXCLUDE_FILE(*libm.a: *libc.a:*lib_a-mem*.o *libgcc.a:) .text*)
 .text.register_tm_clones
                0x100001e8       0x28 /home/jaremekg/.pico-sdk/toolchain/14_2_Rel1/bin/../lib/gcc/arm-none-eabi/14.2.1/thumb/v8-m.main+fp/softfp/crtbegin.o
 .text.frame_dummy
                0x10000210       0x24 /home/jaremekg/.pico-sdk/toolchain/14_2_Rel1/bin/../lib/gcc/arm-none-eabi/14.2.1/thumb/v8-m.main+fp/softfp/crtbegin.o
 .text.main     0x10000234       0xac scd30_meter/CMakeFiles/proj_scd30_meter.dir/main.c.o
                0x10000234                main
 .text.gpio_set_function
                0x100002e0       0x38 scd30_meter/CMakeFiles/proj_scd30_meter.dir/home/jaremekg/.pico-sdk/sdk/2.2.0/src/rp2_common/hardware_gpio/gpio.c.o
                0x100002e0                gpio_set_function
 .text.gpio_init
                0x10000318       0x16 scd30_meter/CMakeFiles/proj_scd30_meter.dir/home/jaremekg/.pico-sdk/sdk/2.2.0/src/rp2_common/hardware_gpio/gpio.c.o
                0x10000318                gpio_init
 *fill*         0x1000032e        0x2 
 .text.panic    0x10000330       0x30 scd30_meter/CMakeFiles/proj_scd30_meter.dir/home/jaremekg/.pico-sdk/sdk/2.2.0/src/rp2_common/pico_platform_panic/panic.c.o
                0x10000330                panic
 .text.hw_claim_lock
                0x10000360       0x24 scd30_meter/CMakeFiles/proj_scd30_meter.dir/home/jaremekg/.pico-sdk/sdk/2.2.0/src/common/hardware_claim/claim.c.o
                0x10000360                hw_claim_lock
 .text.hw_claim_unlock
                0x10000384       0x14 scd30_meter/CMakeFiles/proj_scd30_meter.dir/home/jaremekg/.pico-sdk/sdk/2.2.0/src/common/hardware_claim/claim.c.o
                0x10000384                hw_claim_unlock
 .text.hw_claim_or_assert
                0x10000398       0x32 scd30_meter/CMakeFiles/proj_scd30_meter.dir/home/jaremekg/.pico-sdk/sdk/2.2.0/src/common/hardware_claim/claim.c.o
                0x10000398                hw_claim_or_assert
 .text.hw_claim_unused_from_range
                0x100003ca       0x4e scd30_meter/CMakeFiles/proj_scd30_meter.dir/home/jaremekg/.pico-sdk/sdk/2.2.0/src/common/hardware_claim/claim.c.o
                0x100003ca                hw_claim_unused_from_range
 .text.next_striped_spin_lock_num
                0x10000418       0x1c scd30_meter/CMakeFiles/proj_scd30_meter.dir/home/jaremekg/.pico-sdk/sdk/2.2.0/src/rp2_common/hardware_sync/sync.c.o
                0x10000418                next_striped_spin_lock_num
 .text.spin_lock_claim_unused
                0x10000434       0x24 scd30_meter/CMakeFiles/proj_scd30_meter.dir/home/jaremekg/.pico-sdk/sdk/2.2.0/src/rp2_common/hardware_sync/sync.c.o
                0x10000434                spin_lock_claim_unused
 .text.spinlock_set_extexclall
                0x10000458        0xe scd30_meter/CMakeFiles/proj_scd30_meter.dir/home/jaremekg/.pico-sdk/sdk/2.2.0/src/rp2_common/hardware_sync_spin_lock/sync_spin_lock.c.o
 *fill*         0x10000466        0x2 
 .text.spin_locks_reset
                0x10000468       0x1c scd30_meter/CMakeFiles/proj_scd30_meter.dir/home/jaremekg/.pico-sdk/sdk/2.2.0/src/rp2_common/hardware_sync_spin_lock/sync_spin_lock.c.o
                0x10000468                spin_locks_reset
 .text.set_raw_irq_handler_and_unlock
                0x10000484       0x24 scd30_meter/CMakeFiles/proj_scd30_meter.dir/home/jaremekg/.pico-sdk/sdk/2.2.0/src/rp2_common/hardware_irq/irq.c.o
 .text.nvic_ipr0
                0x100004a8        0x8 scd30_meter/CMakeFiles/proj_scd30_meter.dir/home/jaremekg/.pico-sdk/sdk/2.2.0/src/rp2_common/hardware_irq/irq.c.o
 .text.runtime_init_per_core_irq_priorities
                0x100004b0       0x1c scd30_meter/CMakeFiles/proj_scd30_meter.dir/home/jaremekg/.pico-sdk/sdk/2.2.0/src/rp2_common/hardware_irq/irq.c.o
                0x100004b0                runtime_init_per_core_irq_priorities
 .text.resolve_j_16
                0x100004cc       0x40 scd30_meter/CMakeFiles/proj_scd30_meter.dir/home/jaremekg/.pico-sdk/sdk/2.2.0/src/rp2_common/hardware_irq/irq.c.o
 .text.make_j_16
                0x1000050c       0x3c scd30_meter/CMakeFiles/proj_scd30_meter.dir/home/jaremekg/.pico-sdk/sdk/2.2.0/src/rp2_common/hardware_irq/irq.c.o
 .text.insert_bl_32
                0x10000548       0x3c scd30_meter/CMakeFiles/proj_scd30_meter.dir/home/jaremekg/.pico-sdk/sdk/2.2.0/src/rp2_common/hardware_irq/irq.c.o
 .text.irq_is_enabled
                0x10000584       0x20 scd30_meter/CMakeFiles/proj_scd30_meter.dir/home/jaremekg/.pico-sdk/sdk/2.2.0/src/rp2_common/hardware_irq/irq.c.o
                0x10000584                irq_is_enabled
 .text.irq_set_mask_n_enabled
                0x100005a4       0x20 scd30_meter/CMakeFiles/proj_scd30_meter.dir/home/jaremekg/.pico-sdk/sdk/2.2.0/src/rp2_common/hardware_irq/irq.c.o
                0x100005a4                irq_set_mask_n_enabled
 .text.irq_set_enabled
                0x100005c4       0x14 scd30_meter/CMakeFiles/proj_scd30_meter.dir/home/jaremekg/.pico-sdk/sdk/2.2.0/src/rp2_common/hardware_irq/irq.c.o
                0x100005c4                irq_set_enabled
 .text.irq_get_vtable_handler
                0x100005d8       0x10 scd30_meter/CMakeFiles/proj_scd30_meter.dir/home/jaremekg/.pico-sdk/sdk/2.2.0/src/rp2_common/hardware_irq/irq.c.o
                0x100005d8                irq_get_vtable_handler
 .text.irq_set_exclusive_handler
                0x100005e8       0x60 scd30_meter/CMakeFiles/proj_scd30_meter.dir/home/jaremekg/.pico-sdk/sdk/2.2.0/src/rp2_common/hardware_irq/irq.c.o
                0x100005e8                irq_set_exclusive_handler
 .text.irq_remove_handler
                0x10000648      0x178 scd30_meter/CMakeFiles/proj_scd30_meter.dir/home/jaremekg/.pico-sdk/sdk/2.2.0/src/rp2_common/hardware_irq/irq.c.o
                0x10000648                irq_remove_handler
 .text.irq_add_tail_to_free_list
                0x100007c0       0xf8 scd30_meter/CMakeFiles/proj_scd30_meter.dir/home/jaremekg/.pico-sdk/sdk/2.2.0/src/rp2_common/hardware_irq/irq.c.o
                0x100007c0                irq_add_tail_to_free_list
 .text.lock_init
                0x100008b8        0xc scd30_meter/CMakeFiles/proj_scd30_meter.dir/home/jaremekg/.pico-sdk/sdk/2.2.0/src/common/pico_sync/lock_core.c.o
                0x100008b8                lock_init
 .text.mutex_init
                0x100008c4       0x1a scd30_meter/CMakeFiles/proj_scd30_meter.dir/home/jaremekg/.pico-sdk/sdk/2.2.0/src/common/pico_sync/mutex.c.o
                0x100008c4                mutex_init
 .text.recursive_mutex_init
                0x100008de       0x1e scd30_meter/CMakeFiles/proj_scd30_meter.dir/home/jaremekg/.pico-sdk/sdk/2.2.0/src/common/pico_sync/mutex.c.o
                0x100008de                recursive_mutex_init
 .text.runtime_init_mutex
                0x100008fc       0x4c scd30_meter/CMakeFiles/proj_scd30_meter.dir/home/jaremekg/.pico-sdk/sdk/2.2.0/src/common/pico_sync/mutex.c.o
                0x100008fc                runtime_init_mutex
 .text.critical_section_init_with_lock_num
                0x10000948       0x10 scd30_meter/CMakeFiles/proj_scd30_meter.dir/home/jaremekg/.pico-sdk/sdk/2.2.0/src/common/pico_sync/critical_section.c.o
                0x10000948                critical_section_init_with_lock_num
 .text.critical_section_init
                0x10000958       0x14 scd30_meter/CMakeFiles/proj_scd30_meter.dir/home/jaremekg/.pico-sdk/sdk/2.2.0/src/common/pico_sync/critical_section.c.o
                0x10000958                critical_section_init
 .text.ta_from_current_irq
                0x1000096c       0x24 scd30_meter/CMakeFiles/proj_scd30_meter.dir/home/jaremekg/.pico-sdk/sdk/2.2.0/src/common/pico_time/time.c.o
 .text.ta_set_timeout
                0x10000990       0x2a scd30_meter/CMakeFiles/proj_scd30_meter.dir/home/jaremekg/.pico-sdk/sdk/2.2.0/src/common/pico_time/time.c.o
 .text.make_alarm_id
                0x100009ba        0x6 scd30_meter/CMakeFiles/proj_scd30_meter.dir/home/jaremekg/.pico-sdk/sdk/2.2.0/src/common/pico_time/time.c.o
 .text.sleep_until_callback
                0x100009c0       0x3c scd30_meter/CMakeFiles/proj_scd30_meter.dir/home/jaremekg/.pico-sdk/sdk/2.2.0/src/common/pico_time/time.c.o
 .text.alarm_pool_irq_handler
                0x100009fc      0x2ec scd30_meter/CMakeFiles/proj_scd30_meter.dir/home/jaremekg/.pico-sdk/sdk/2.2.0/src/common/pico_time/time.c.o
 .text.ta_enable_irq_handler
                0x10000ce8       0x38 scd30_meter/CMakeFiles/proj_scd30_meter.dir/home/jaremekg/.pico-sdk/sdk/2.2.0/src/common/pico_time/time.c.o
 .text.alarm_pool_post_alloc_init
                0x10000d20       0x7c scd30_meter/CMakeFiles/proj_scd30_meter.dir/home/jaremekg/.pico-sdk/sdk/2.2.0/src/common/pico_time/time.c.o
 .text.alarm_pool_get_default
                0x10000d9c       0x28 scd30_meter/CMakeFiles/proj_scd30_meter.dir/home/jaremekg/.pico-sdk/sdk/2.2.0/src/common/pico_time/time.c.o
                0x10000d9c                alarm_pool_get_default
 .text.alarm_pool_add_alarm_at_force_in_context
                0x10000dc4       0xc0 scd30_meter/CMakeFiles/proj_scd30_meter.dir/home/jaremekg/.pico-sdk/sdk/2.2.0/src/common/pico_time/time.c.o
                0x10000dc4                alarm_pool_add_alarm_at_force_in_context
 .text.alarm_pool_add_alarm_at
                0x10000e84       0x38 scd30_meter/CMakeFiles/proj_scd30_meter.dir/home/jaremekg/.pico-sdk/sdk/2.2.0/src/common/pico_time/time.c.o
                0x10000e84                alarm_pool_add_alarm_at
 .text.add_alarm_at
                0x10000ebc       0x26 scd30_meter/CMakeFiles/proj_scd30_meter.dir/home/jaremekg/.pico-sdk/sdk/2.2.0/src/common/pico_time/time.c.o
 .text.alarm_pool_cancel_alarm
                0x10000ee2       0x72 scd30_meter/CMakeFiles/proj_scd30_meter.dir/home/jaremekg/.pico-sdk/sdk/2.2.0/src/common/pico_time/time.c.o
                0x10000ee2                alarm_pool_cancel_alarm
 .text.cancel_alarm
                0x10000f54       0x10 scd30_meter/CMakeFiles/proj_scd30_meter.dir/home/jaremekg/.pico-sdk/sdk/2.2.0/src/common/pico_time/time.c.o
 .text.sleep_until
                0x10000f64       0xb4 scd30_meter/CMakeFiles/proj_scd30_meter.dir/home/jaremekg/.pico-sdk/sdk/2.2.0/src/common/pico_time/time.c.o
                0x10000f64                sleep_until
 .text.sleep_us
                0x10001018       0x24 scd30_meter/CMakeFiles/proj_scd30_meter.dir/home/jaremekg/.pico-sdk/sdk/2.2.0/src/common/pico_time/time.c.o
                0x10001018                sleep_us
 .text.sleep_ms
                0x1000103c       0x28 scd30_meter/CMakeFiles/proj_scd30_meter.dir/home/jaremekg/.pico-sdk/sdk/2.2.0/src/common/pico_time/time.c.o
                0x1000103c                sleep_ms
 .text.best_effort_wfe_or_timeout
                0x10001064       0xfc scd30_meter/CMakeFiles/proj_scd30_meter.dir/home/jaremekg/.pico-sdk/sdk/2.2.0/src/common/pico_time/time.c.o
                0x10001064                best_effort_wfe_or_timeout
 .text.alarm_pool_get_default_timer
                0x10001160        0x8 scd30_meter/CMakeFiles/proj_scd30_meter.dir/home/jaremekg/.pico-sdk/sdk/2.2.0/src/common/pico_time/time.c.o
                0x10001160                alarm_pool_get_default_timer
 .text.runtime_init_default_alarm_pool
                0x10001168       0x34 scd30_meter/CMakeFiles/proj_scd30_meter.dir/home/jaremekg/.pico-sdk/sdk/2.2.0/src/common/pico_time/time.c.o
                0x10001168                runtime_init_default_alarm_pool
 .text.timer_hardware_alarm_claim
                0x1000119c       0x24 scd30_meter/CMakeFiles/proj_scd30_meter.dir/home/jaremekg/.pico-sdk/sdk/2.2.0/src/rp2_common/hardware_timer/timer.c.o
                0x1000119c                timer_hardware_alarm_claim
 .text.timer_time_us_64
                0x100011c0       0x10 scd30_meter/CMakeFiles/proj_scd30_meter.dir/home/jaremekg/.pico-sdk/sdk/2.2.0/src/rp2_common/hardware_timer/timer.c.o
                0x100011c0                timer_time_us_64
 .text.timer_busy_wait_until
                0x100011d0       0x1a scd30_meter/CMakeFiles/proj_scd30_meter.dir/home/jaremekg/.pico-sdk/sdk/2.2.0/src/rp2_common/hardware_timer/timer.c.o
                0x100011d0                timer_busy_wait_until
 .text.timer_busy_wait_us
                0x100011ea       0x28 scd30_meter/CMakeFiles/proj_scd30_meter.dir/home/jaremekg/.pico-sdk/sdk/2.2.0/src/rp2_common/hardware_timer/timer.c.o
                0x100011ea                timer_busy_wait_us
 *fill*         0x10001212        0x2 
 .text.time_us_64
                0x10001214       0x10 scd30_meter/CMakeFiles/proj_scd30_meter.dir/home/jaremekg/.pico-sdk/sdk/2.2.0/src/rp2_common/hardware_timer/timer.c.o
                0x10001214                time_us_64
 .text.busy_wait_us
                0x10001224       0x14 scd30_meter/CMakeFiles/proj_scd30_meter.dir/home/jaremekg/.pico-sdk/sdk/2.2.0/src/rp2_common/hardware_timer/timer.c.o
                0x10001224                busy_wait_us
 .text.busy_wait_until
                0x10001238       0x14 scd30_meter/CMakeFiles/proj_scd30_meter.dir/home/jaremekg/.pico-sdk/sdk/2.2.0/src/rp2_common/hardware_timer/timer.c.o
                0x10001238                busy_wait_until
 .text.uart_unreset
                0x1000124c       0x2c scd30_meter/CMakeFiles/proj_scd30_meter.dir/home/jaremekg/.pico-sdk/sdk/2.2.0/src/rp2_common/hardware_uart/uart.c.o
 .text.uart_disable_before_lcr_write
                0x10001278       0x40 scd30_meter/CMakeFiles/proj_scd30_meter.dir/home/jaremekg/.pico-sdk/sdk/2.2.0/src/rp2_common/hardware_uart/uart.c.o
 .text.uart_write_lcr_bits_masked
                0x100012b8       0x1c scd30_meter/CMakeFiles/proj_scd30_meter.dir/home/jaremekg/.pico-sdk/sdk/2.2.0/src/rp2_common/hardware_uart/uart.c.o
 .text.uart_set_baudrate
                0x100012d4       0x52 scd30_meter/CMakeFiles/proj_scd30_meter.dir/home/jaremekg/.pico-sdk/sdk/2.2.0/src/rp2_common/hardware_uart/uart.c.o
                0x100012d4                uart_set_baudrate
 *fill*         0x10001326        0x2 
 .text.uart_set_translate_crlf
                0x10001328       0x24 scd30_meter/CMakeFiles/proj_scd30_meter.dir/home/jaremekg/.pico-sdk/sdk/2.2.0/src/rp2_common/hardware_uart/uart.c.o
                0x10001328                uart_set_translate_crlf
 .text.uart_init
                0x1000134c       0x5c scd30_meter/CMakeFiles/proj_scd30_meter.dir/home/jaremekg/.pico-sdk/sdk/2.2.0/src/rp2_common/hardware_uart/uart.c.o
                0x1000134c                uart_init
 .text.clock_configure_internal
                0x100013a8       0xb8 scd30_meter/CMakeFiles/proj_scd30_meter.dir/home/jaremekg/.pico-sdk/sdk/2.2.0/src/rp2_common/hardware_clocks/clocks.c.o
 .text.clock_configure_undivided
                0x10001460       0x12 scd30_meter/CMakeFiles/proj_scd30_meter.dir/home/jaremekg/.pico-sdk/sdk/2.2.0/src/rp2_common/hardware_clocks/clocks.c.o
                0x10001460                clock_configure_undivided
 *fill*         0x10001472        0x2 
 .text.clock_get_hz
                0x10001474        0xc scd30_meter/CMakeFiles/proj_scd30_meter.dir/home/jaremekg/.pico-sdk/sdk/2.2.0/src/rp2_common/hardware_clocks/clocks.c.o
                0x10001474                clock_get_hz
 .text.pll_init
                0x10001480      0x108 scd30_meter/CMakeFiles/proj_scd30_meter.dir/home/jaremekg/.pico-sdk/sdk/2.2.0/src/rp2_common/hardware_pll/pll.c.o
                0x10001480                pll_init
 .text.tick_start
                0x10001588       0x1c scd30_meter/CMakeFiles/proj_scd30_meter.dir/home/jaremekg/.pico-sdk/sdk/2.2.0/src/rp2_common/hardware_ticks/ticks.c.o
                0x10001588                tick_start
 .text.rom_func_lookup
                0x100015a4       0x1e scd30_meter/CMakeFiles/proj_scd30_meter.dir/home/jaremekg/.pico-sdk/sdk/2.2.0/src/rp2_common/pico_bootrom/bootrom.c.o
                0x100015a4                rom_func_lookup
 *fill*         0x100015c2        0x2 
 .text.runtime_init_bootrom_locking_enable
                0x100015c4       0x14 scd30_meter/CMakeFiles/proj_scd30_meter.dir/home/jaremekg/.pico-sdk/sdk/2.2.0/src/rp2_common/pico_bootrom/bootrom_lock.c.o
                0x100015c4                runtime_init_bootrom_locking_enable
 .text.boot_locks_reset
                0x100015d8       0x20 scd30_meter/CMakeFiles/proj_scd30_meter.dir/home/jaremekg/.pico-sdk/sdk/2.2.0/src/rp2_common/hardware_boot_lock/boot_lock.c.o
                0x100015d8                boot_locks_reset
 .text.runtime_init_boot_locks_reset
                0x100015f8        0x8 scd30_meter/CMakeFiles/proj_scd30_meter.dir/home/jaremekg/.pico-sdk/sdk/2.2.0/src/rp2_common/hardware_boot_lock/boot_lock.c.o
                0x100015f8                runtime_init_boot_locks_reset
 .text.xosc_init
                0x10001600       0x28 scd30_meter/CMakeFiles/proj_scd30_meter.dir/home/jaremekg/.pico-sdk/sdk/2.2.0/src/rp2_common/hardware_xosc/xosc.c.o
                0x10001600                xosc_init
 .text.runtime_run_initializers_from
                0x10001628       0x18 scd30_meter/CMakeFiles/proj_scd30_meter.dir/home/jaremekg/.pico-sdk/sdk/2.2.0/src/rp2_common/pico_runtime/runtime.c.o
 .text.first_per_core_initializer
                0x10001640        0x2 scd30_meter/CMakeFiles/proj_scd30_meter.dir/home/jaremekg/.pico-sdk/sdk/2.2.0/src/rp2_common/pico_runtime/runtime.c.o
 *fill*         0x10001642        0x2 
 .text.runtime_run_initializers
                0x10001644       0x10 scd30_meter/CMakeFiles/proj_scd30_meter.dir/home/jaremekg/.pico-sdk/sdk/2.2.0/src/rp2_common/pico_runtime/runtime.c.o
                0x10001644                runtime_run_initializers
 .text.runtime_init_early_resets
                0x10001654       0x2c scd30_meter/CMakeFiles/proj_scd30_meter.dir/home/jaremekg/.pico-sdk/sdk/2.2.0/src/rp2_common/pico_runtime_init/runtime_init.c.o
                0x10001654                runtime_init_early_resets
 .text.runtime_init_usb_power_down
                0x10001680       0x20 scd30_meter/CMakeFiles/proj_scd30_meter.dir/home/jaremekg/.pico-sdk/sdk/2.2.0/src/rp2_common/pico_runtime_init/runtime_init.c.o
                0x10001680                runtime_init_usb_power_down
 .text.runtime_init_per_core_enable_coprocessors
                0x100016a0       0x1c scd30_meter/CMakeFiles/proj_scd30_meter.dir/home/jaremekg/.pico-sdk/sdk/2.2.0/src/rp2_common/pico_runtime_init/runtime_init.c.o
                0x100016a0                runtime_init_per_core_enable_coprocessors
 .text.runtime_init_post_clock_resets
                0x100016bc       0x20 scd30_meter/CMakeFiles/proj_scd30_meter.dir/home/jaremekg/.pico-sdk/sdk/2.2.0/src/rp2_common/pico_runtime_init/runtime_init.c.o
                0x100016bc                runtime_init_post_clock_resets
 .text.runtime_init_bootrom_reset
                0x100016dc       0x12 scd30_meter/CMakeFiles/proj_scd30_meter.dir/home/jaremekg/.pico-sdk/sdk/2.2.0/src/rp2_common/pico_runtime_init/runtime_init.c.o
                0x100016dc                runtime_init_bootrom_reset
 .text.runtime_init_per_core_bootrom_reset
                0x100016ee       0x12 scd30_meter/CMakeFiles/proj_scd30_meter.dir/home/jaremekg/.pico-sdk/sdk/2.2.0/src/rp2_common/pico_runtime_init/runtime_init.c.o
                0x100016ee                runtime_init_per_core_bootrom_reset
 .text.runtime_init_spin_locks_reset
                0x10001700        0x8 scd30_meter/CMakeFiles/proj_scd30_meter.dir/home/jaremekg/.pico-sdk/sdk/2.2.0/src/rp2_common/pico_runtime_init/runtime_init.c.o
                0x10001700                runtime_init_spin_locks_reset
 .text.runtime_init_install_ram_vector_table
                0x10001708       0x48 scd30_meter/CMakeFiles/proj_scd30_meter.dir/home/jaremekg/.pico-sdk/sdk/2.2.0/src/rp2_common/pico_runtime_init/runtime_init.c.o
                0x10001708                runtime_init_install_ram_vector_table
 .text.start_all_ticks
                0x10001750       0x28 scd30_meter/CMakeFiles/proj_scd30_meter.dir/home/jaremekg/.pico-sdk/sdk/2.2.0/src/rp2_common/pico_runtime_init/runtime_init_clocks.c.o
 .text.runtime_init_clocks
                0x10001778       0xc4 scd30_meter/CMakeFiles/proj_scd30_meter.dir/home/jaremekg/.pico-sdk/sdk/2.2.0/src/rp2_common/pico_runtime_init/runtime_init_clocks.c.o
                0x10001778                runtime_init_clocks
 .text.__rp2350_dcp_engaged_state_save_restore
                0x1000183c       0x3a scd30_meter/CMakeFiles/proj_scd30_meter.dir/home/jaremekg/.pico-sdk/sdk/2.2.0/src/rp2_common/pico_double/double_aeabi_dcp.S.o
 *fill*         0x10001876        0x2 
 .text.__wrap___aeabi_dadd
                0x10001878       0x28 scd30_meter/CMakeFiles/proj_scd30_meter.dir/home/jaremekg/.pico-sdk/sdk/2.2.0/src/rp2_common/pico_double/double_aeabi_dcp.S.o
                0x10001880                __wrap___aeabi_dadd
 .text.__wrap___aeabi_dsub
                0x100018a0       0x28 scd30_meter/CMakeFiles/proj_scd30_meter.dir/home/jaremekg/.pico-sdk/sdk/2.2.0/src/rp2_common/pico_double/double_aeabi_dcp.S.o
                0x100018a8                __wrap___aeabi_dsub
 .text.__wrap___aeabi_dmul
                0x100018c8       0x4c scd30_meter/CMakeFiles/proj_scd30_meter.dir/home/jaremekg/.pico-sdk/sdk/2.2.0/src/rp2_common/pico_double/double_aeabi_dcp.S.o
                0x100018d0                __wrap___aeabi_dmul
 .text.__wrap___aeabi_ddiv
                0x10001914       0x9c scd30_meter/CMakeFiles/proj_scd30_meter.dir/home/jaremekg/.pico-sdk/sdk/2.2.0/src/rp2_common/pico_double/double_aeabi_dcp.S.o
                0x1000191c                __wrap___aeabi_ddiv
 .text.__wrap___aeabi_i2d
                0x100019b0       0x24 scd30_meter/CMakeFiles/proj_scd30_meter.dir/home/jaremekg/.pico-sdk/sdk/2.2.0/src/rp2_common/pico_double/double_aeabi_dcp.S.o
                0x100019b8                __wrap___aeabi_i2d
                0x100019b8                int2double
 .text.__wrap___aeabi_ui2d
                0x100019d4       0x24 scd30_meter/CMakeFiles/proj_scd30_meter.dir/home/jaremekg/.pico-sdk/sdk/2.2.0/src/rp2_common/pico_double/double_aeabi_dcp.S.o
                0x100019dc                __wrap___aeabi_ui2d
                0x100019dc                uint2double
 .text.__wrap___aeabi_d2iz
                0x100019f8       0x24 scd30_meter/CMakeFiles/proj_scd30_meter.dir/home/jaremekg/.pico-sdk/sdk/2.2.0/src/rp2_common/pico_double/double_aeabi_dcp.S.o
                0x10001a00                __wrap___aeabi_d2iz
                0x10001a00                double2int_z
 .text.__wrap___aeabi_d2uiz
                0x10001a1c       0x24 scd30_meter/CMakeFiles/proj_scd30_meter.dir/home/jaremekg/.pico-sdk/sdk/2.2.0/src/rp2_common/pico_double/double_aeabi_dcp.S.o
                0x10001a24                double2uint_z
                0x10001a24                double2uint
                0x10001a24                __wrap___aeabi_d2uiz
 .text.__wrap___aeabi_dcmpun
                0x10001a40       0x24 scd30_meter/CMakeFiles/proj_scd30_meter.dir/home/jaremekg/.pico-sdk/sdk/2.2.0/src/rp2_common/pico_double/double_aeabi_dcp.S.o
                0x10001a48                __wrap___aeabi_dcmpun
 .text.__wrap___aeabi_dcmplt
                0x10001a64       0x28 scd30_meter/CMakeFiles/proj_scd30_meter.dir/home/jaremekg/.pico-sdk/sdk/2.2.0/src/rp2_common/pico_double/double_aeabi_dcp.S.o
                0x10001a6c                __wrap___aeabi_dcmplt
 .text.__wrap___aeabi_dcmple
                0x10001a8c       0x28 scd30_meter/CMakeFiles/proj_scd30_meter.dir/home/jaremekg/.pico-sdk/sdk/2.2.0/src/rp2_common/pico_double/double_aeabi_dcp.S.o
                0x10001a94                __wrap___aeabi_dcmple
 .text.__wrap___aeabi_dcmpge
                0x10001ab4       0x28 scd30_meter/CMakeFiles/proj_scd30_meter.dir/home/jaremekg/.pico-sdk/sdk/2.2.0/src/rp2_common/pico_double/double_aeabi_dcp.S.o
                0x10001abc                __wrap___aeabi_dcmpge
 .text.__wrap___aeabi_dcmpgt
                0x10001adc       0x28 scd30_meter/CMakeFiles/proj_scd30_meter.dir/home/jaremekg/.pico-sdk/sdk/2.2.0/src/rp2_common/pico_double/double_aeabi_dcp.S.o
                0x10001ae4                __wrap___aeabi_dcmpgt
 .text._out_null
                0x10001b04        0x2 scd30_meter/CMakeFiles/proj_scd30_meter.dir/home/jaremekg/.pico-sdk/sdk/2.2.0/src/rp2_common/pico_printf/printf.c.o
 .text._out_fct
                0x10001b06        0xe scd30_meter/CMakeFiles/proj_scd30_meter.dir/home/jaremekg/.pico-sdk/sdk/2.2.0/src/rp2_common/pico_printf/printf.c.o
 .text._atoi    0x10001b14       0x26 scd30_meter/CMakeFiles/proj_scd30_meter.dir/home/jaremekg/.pico-sdk/sdk/2.2.0/src/rp2_common/pico_printf/printf.c.o
 .text._out_rev
                0x10001b3a       0x7e scd30_meter/CMakeFiles/proj_scd30_meter.dir/home/jaremekg/.pico-sdk/sdk/2.2.0/src/rp2_common/pico_printf/printf.c.o
 .text._ntoa_format
                0x10001bb8      0x134 scd30_meter/CMakeFiles/proj_scd30_meter.dir/home/jaremekg/.pico-sdk/sdk/2.2.0/src/rp2_common/pico_printf/printf.c.o
 .text._ntoa_long
                0x10001cec       0x94 scd30_meter/CMakeFiles/proj_scd30_meter.dir/home/jaremekg/.pico-sdk/sdk/2.2.0/src/rp2_common/pico_printf/printf.c.o
 .text._ntoa_long_long
                0x10001d80       0xc2 scd30_meter/CMakeFiles/proj_scd30_meter.dir/home/jaremekg/.pico-sdk/sdk/2.2.0/src/rp2_common/pico_printf/printf.c.o
 *fill*         0x10001e42        0x6 
 .text._etoa    0x10001e48      0x420 scd30_meter/CMakeFiles/proj_scd30_meter.dir/home/jaremekg/.pico-sdk/sdk/2.2.0/src/rp2_common/pico_printf/printf.c.o
 .text._ftoa    0x10002268      0x398 scd30_meter/CMakeFiles/proj_scd30_meter.dir/home/jaremekg/.pico-sdk/sdk/2.2.0/src/rp2_common/pico_printf/printf.c.o
 .text._vsnprintf
                0x10002600      0x6d8 scd30_meter/CMakeFiles/proj_scd30_meter.dir/home/jaremekg/.pico-sdk/sdk/2.2.0/src/rp2_common/pico_printf/printf.c.o
 .text.vfctprintf
                0x10002cd8       0x24 scd30_meter/CMakeFiles/proj_scd30_meter.dir/home/jaremekg/.pico-sdk/sdk/2.2.0/src/rp2_common/pico_printf/printf.c.o
                0x10002cd8                vfctprintf
 .text._exit    0x10002cfc        0x4 scd30_meter/CMakeFiles/proj_scd30_meter.dir/home/jaremekg/.pico-sdk/sdk/2.2.0/src/rp2_common/pico_clib_interface/newlib_interface.c.o
                0x10002cfc                _exit
 .text.exit     0x10002d00        0x6 scd30_meter/CMakeFiles/proj_scd30_meter.dir/home/jaremekg/.pico-sdk/sdk/2.2.0/src/rp2_common/pico_clib_interface/newlib_interface.c.o
                0x10002d00                exit
 *fill*         0x10002d06        0x2 
 .text.__assert_func
                0x10002d08       0x34 scd30_meter/CMakeFiles/proj_scd30_meter.dir/home/jaremekg/.pico-sdk/sdk/2.2.0/src/rp2_common/pico_clib_interface/newlib_interface.c.o
                0x10002d08                __assert_func
 .text.runtime_init
                0x10002d3c       0x2c scd30_meter/CMakeFiles/proj_scd30_meter.dir/home/jaremekg/.pico-sdk/sdk/2.2.0/src/rp2_common/pico_clib_interface/newlib_interface.c.o
                0x10002d3c                runtime_init
 .text.stdio_out_chars_no_crlf
                0x10002d68        0xe scd30_meter/CMakeFiles/proj_scd30_meter.dir/home/jaremekg/.pico-sdk/sdk/2.2.0/src/rp2_common/pico_stdio/stdio.c.o
 *fill*         0x10002d76        0x2 
 .text.stdio_out_chars_crlf
                0x10002d78       0x80 scd30_meter/CMakeFiles/proj_scd30_meter.dir/home/jaremekg/.pico-sdk/sdk/2.2.0/src/rp2_common/pico_stdio/stdio.c.o
 .text.stdio_stack_buffer_flush
                0x10002df8       0x40 scd30_meter/CMakeFiles/proj_scd30_meter.dir/home/jaremekg/.pico-sdk/sdk/2.2.0/src/rp2_common/pico_stdio/stdio.c.o
 .text.stdio_buffered_printer
                0x10002e38       0x20 scd30_meter/CMakeFiles/proj_scd30_meter.dir/home/jaremekg/.pico-sdk/sdk/2.2.0/src/rp2_common/pico_stdio/stdio.c.o
 .text.stdout_serialize_begin
                0x10002e58       0x2c scd30_meter/CMakeFiles/proj_scd30_meter.dir/home/jaremekg/.pico-sdk/sdk/2.2.0/src/rp2_common/pico_stdio/stdio.c.o
                0x10002e58                stdout_serialize_begin
 .text.stdout_serialize_end
                0x10002e84       0x10 scd30_meter/CMakeFiles/proj_scd30_meter.dir/home/jaremekg/.pico-sdk/sdk/2.2.0/src/rp2_common/pico_stdio/stdio.c.o
                0x10002e84                stdout_serialize_end
 .text.stdio_put_string
                0x10002e94       0x8c scd30_meter/CMakeFiles/proj_scd30_meter.dir/home/jaremekg/.pico-sdk/sdk/2.2.0/src/rp2_common/pico_stdio/stdio.c.o
                0x10002e94                stdio_put_string
 .text.stdio_set_driver_enabled
                0x10002f20       0x2c scd30_meter/CMakeFiles/proj_scd30_meter.dir/home/jaremekg/.pico-sdk/sdk/2.2.0/src/rp2_common/pico_stdio/stdio.c.o
                0x10002f20                stdio_set_driver_enabled
 .text.stdio_flush
                0x10002f4c       0x1c scd30_meter/CMakeFiles/proj_scd30_meter.dir/home/jaremekg/.pico-sdk/sdk/2.2.0/src/rp2_common/pico_stdio/stdio.c.o
                0x10002f4c                stdio_flush
 .text.stdio_init_all
                0x10002f68        0xa scd30_meter/CMakeFiles/proj_scd30_meter.dir/home/jaremekg/.pico-sdk/sdk/2.2.0/src/rp2_common/pico_stdio/stdio.c.o
                0x10002f68                stdio_init_all
 .text.__wrap_puts
                0x10002f72       0x1e scd30_meter/CMakeFiles/proj_scd30_meter.dir/home/jaremekg/.pico-sdk/sdk/2.2.0/src/rp2_common/pico_stdio/stdio.c.o
                0x10002f72                __wrap_puts
                0x10002f72                stdio_puts
 .text.__wrap_vprintf
                0x10002f90       0x40 scd30_meter/CMakeFiles/proj_scd30_meter.dir/home/jaremekg/.pico-sdk/sdk/2.2.0/src/rp2_common/pico_stdio/stdio.c.o
                0x10002f90                __wrap_vprintf
                0x10002f90                stdio_vprintf
 .text.__wrap_printf
                0x10002fd0       0x1c scd30_meter/CMakeFiles/proj_scd30_meter.dir/home/jaremekg/.pico-sdk/sdk/2.2.0/src/rp2_common/pico_stdio/stdio.c.o
                0x10002fd0                stdio_printf
                0x10002fd0                __wrap_printf
 .text.uart_putc
                0x10002fec       0x70 scd30_meter/CMakeFiles/proj_scd30_meter.dir/home/jaremekg/.pico-sdk/sdk/2.2.0/src/rp2_common/pico_stdio_uart/stdio_uart.c.o
 .text.uart_getc
                0x1000305c       0x30 scd30_meter/CMakeFiles/proj_scd30_meter.dir/home/jaremekg/.pico-sdk/sdk/2.2.0/src/rp2_common/pico_stdio_uart/stdio_uart.c.o
 .text.stdio_uart_out_chars
                0x1000308c       0x20 scd30_meter/CMakeFiles/proj_scd30_meter.dir/home/jaremekg/.pico-sdk/sdk/2.2.0/src/rp2_common/pico_stdio_uart/stdio_uart.c.o
 .text.stdio_uart_in_chars
                0x100030ac       0x54 scd30_meter/CMakeFiles/proj_scd30_meter.dir/home/jaremekg/.pico-sdk/sdk/2.2.0/src/rp2_common/pico_stdio_uart/stdio_uart.c.o
                0x100030ac                stdio_uart_in_chars
 .text.on_uart_rx
                0x10003100       0x24 scd30_meter/CMakeFiles/proj_scd30_meter.dir/home/jaremekg/.pico-sdk/sdk/2.2.0/src/rp2_common/pico_stdio_uart/stdio_uart.c.o
 .text.stdio_uart_out_flush
                0x10003124       0x14 scd30_meter/CMakeFiles/proj_scd30_meter.dir/home/jaremekg/.pico-sdk/sdk/2.2.0/src/rp2_common/pico_stdio_uart/stdio_uart.c.o
 .text.stdio_uart_set_chars_available_callback
                0x10003138       0x84 scd30_meter/CMakeFiles/proj_scd30_meter.dir/home/jaremekg/.pico-sdk/sdk/2.2.0/src/rp2_common/pico_stdio_uart/stdio_uart.c.o
 .text.stdio_uart_init_full
                0x100031bc       0x50 scd30_meter/CMakeFiles/proj_scd30_meter.dir/home/jaremekg/.pico-sdk/sdk/2.2.0/src/rp2_common/pico_stdio_uart/stdio_uart.c.o
                0x100031bc                stdio_uart_init_full
 .text.stdio_uart_init
                0x1000320c       0x30 scd30_meter/CMakeFiles/proj_scd30_meter.dir/home/jaremekg/.pico-sdk/sdk/2.2.0/src/rp2_common/pico_stdio_uart/stdio_uart.c.o
                0x1000320c                stdio_uart_init
 .text.spi_unreset
                0x1000323c       0x2c scd30_meter/CMakeFiles/proj_scd30_meter.dir/home/jaremekg/.pico-sdk/sdk/2.2.0/src/rp2_common/hardware_spi/spi.c.o
 .text.spi_set_baudrate
                0x10003268       0x7e scd30_meter/CMakeFiles/proj_scd30_meter.dir/home/jaremekg/.pico-sdk/sdk/2.2.0/src/rp2_common/hardware_spi/spi.c.o
                0x10003268                spi_set_baudrate
 *fill*         0x100032e6        0x2 
 .text.spi_init
                0x100032e8       0x68 scd30_meter/CMakeFiles/proj_scd30_meter.dir/home/jaremekg/.pico-sdk/sdk/2.2.0/src/rp2_common/hardware_spi/spi.c.o
                0x100032e8                spi_init
 .text.close    0x10003350       0x78 scd30_meter/CMakeFiles/proj_scd30_meter.dir/home/jaremekg/project/pico2/work/WIZnet-PICO-C/libraries/ioLibrary_Driver/Ethernet/socket.c.o
                0x10003350                close
 .text.socket   0x100033c8      0x268 scd30_meter/CMakeFiles/proj_scd30_meter.dir/home/jaremekg/project/pico2/work/WIZnet-PICO-C/libraries/ioLibrary_Driver/Ethernet/socket.c.o
                0x100033c8                socket
 .text.listen   0x10003630       0x6c scd30_meter/CMakeFiles/proj_scd30_meter.dir/home/jaremekg/project/pico2/work/WIZnet-PICO-C/libraries/ioLibrary_Driver/Ethernet/socket.c.o
                0x10003630                listen
 .text.disconnect
                0x1000369c       0x9c scd30_meter/CMakeFiles/proj_scd30_meter.dir/home/jaremekg/project/pico2/work/WIZnet-PICO-C/libraries/ioLibrary_Driver/Ethernet/socket.c.o
                0x1000369c                disconnect
 .text.send     0x10003738      0x108 scd30_meter/CMakeFiles/proj_scd30_meter.dir/home/jaremekg/project/pico2/work/WIZnet-PICO-C/libraries/ioLibrary_Driver/Ethernet/socket.c.o
                0x10003738                send
 .text.recv     0x10003840       0xd8 scd30_meter/CMakeFiles/proj_scd30_meter.dir/home/jaremekg/project/pico2/work/WIZnet-PICO-C/libraries/ioLibrary_Driver/Ethernet/socket.c.o
                0x10003840                recv
 .text.ctlsocket
                0x10003918      0x138 scd30_meter/CMakeFiles/proj_scd30_meter.dir/home/jaremekg/project/pico2/work/WIZnet-PICO-C/libraries/ioLibrary_Driver/Ethernet/socket.c.o
                0x10003918                ctlsocket
 .text.getsockopt
                0x10003a50      0x244 scd30_meter/CMakeFiles/proj_scd30_meter.dir/home/jaremekg/project/pico2/work/WIZnet-PICO-C/libraries/ioLibrary_Driver/Ethernet/socket.c.o
                0x10003a50                getsockopt
 .text.wizchip_cris_enter
                0x10003c94        0x2 scd30_meter/CMakeFiles/proj_scd30_meter.dir/home/jaremekg/project/pico2/work/WIZnet-PICO-C/libraries/ioLibrary_Driver/Ethernet/wizchip_conf.c.o
                0x10003c94                wizchip_cris_enter
 .text.wizchip_cris_exit
                0x10003c96        0x2 scd30_meter/CMakeFiles/proj_scd30_meter.dir/home/jaremekg/project/pico2/work/WIZnet-PICO-C/libraries/ioLibrary_Driver/Ethernet/wizchip_conf.c.o
                0x10003c96                wizchip_cris_exit
 .text.wizchip_cs_select
                0x10003c98        0x2 scd30_meter/CMakeFiles/proj_scd30_meter.dir/home/jaremekg/project/pico2/work/WIZnet-PICO-C/libraries/ioLibrary_Driver/Ethernet/wizchip_conf.c.o
                0x10003c98                wizchip_cs_select
 .text.wizchip_cs_deselect
                0x10003c9a        0x2 scd30_meter/CMakeFiles/proj_scd30_meter.dir/home/jaremekg/project/pico2/work/WIZnet-PICO-C/libraries/ioLibrary_Driver/Ethernet/wizchip_conf.c.o
                0x10003c9a                wizchip_cs_deselect
 .text.wizchip_bus_readdata
                0x10003c9c        0x4 scd30_meter/CMakeFiles/proj_scd30_meter.dir/home/jaremekg/project/pico2/work/WIZnet-PICO-C/libraries/ioLibrary_Driver/Ethernet/wizchip_conf.c.o
                0x10003c9c                wizchip_bus_readdata
 .text.wizchip_bus_writedata
                0x10003ca0        0x4 scd30_meter/CMakeFiles/proj_scd30_meter.dir/home/jaremekg/project/pico2/work/WIZnet-PICO-C/libraries/ioLibrary_Driver/Ethernet/wizchip_conf.c.o
                0x10003ca0                wizchip_bus_writedata
 .text.wizchip_spi_readbyte
                0x10003ca4        0x4 scd30_meter/CMakeFiles/proj_scd30_meter.dir/home/jaremekg/project/pico2/work/WIZnet-PICO-C/libraries/ioLibrary_Driver/Ethernet/wizchip_conf.c.o
                0x10003ca4                wizchip_spi_readbyte
 .text.wizchip_spi_writebyte
                0x10003ca8        0x2 scd30_meter/CMakeFiles/proj_scd30_meter.dir/home/jaremekg/project/pico2/work/WIZnet-PICO-C/libraries/ioLibrary_Driver/Ethernet/wizchip_conf.c.o
                0x10003ca8                wizchip_spi_writebyte
 *fill*         0x10003caa        0x2 
 .text.wizchip_spi_readburst
                0x10003cac       0x24 scd30_meter/CMakeFiles/proj_scd30_meter.dir/home/jaremekg/project/pico2/work/WIZnet-PICO-C/libraries/ioLibrary_Driver/Ethernet/wizchip_conf.c.o
                0x10003cac                wizchip_spi_readburst
 .text.wizchip_spi_writeburst
                0x10003cd0       0x24 scd30_meter/CMakeFiles/proj_scd30_meter.dir/home/jaremekg/project/pico2/work/WIZnet-PICO-C/libraries/ioLibrary_Driver/Ethernet/wizchip_conf.c.o
                0x10003cd0                wizchip_spi_writeburst
 .text.reg_wizchip_cris_cbfunc
                0x10003cf4       0x24 scd30_meter/CMakeFiles/proj_scd30_meter.dir/home/jaremekg/project/pico2/work/WIZnet-PICO-C/libraries/ioLibrary_Driver/Ethernet/wizchip_conf.c.o
                0x10003cf4                reg_wizchip_cris_cbfunc
 .text.reg_wizchip_cs_cbfunc
                0x10003d18       0x24 scd30_meter/CMakeFiles/proj_scd30_meter.dir/home/jaremekg/project/pico2/work/WIZnet-PICO-C/libraries/ioLibrary_Driver/Ethernet/wizchip_conf.c.o
                0x10003d18                reg_wizchip_cs_cbfunc
 .text.reg_wizchip_spi_cbfunc
                0x10003d3c       0x60 scd30_meter/CMakeFiles/proj_scd30_meter.dir/home/jaremekg/project/pico2/work/WIZnet-PICO-C/libraries/ioLibrary_Driver/Ethernet/wizchip_conf.c.o
                0x10003d3c                reg_wizchip_spi_cbfunc
 .text.wizchip_sw_reset
                0x10003d9c      0x13c scd30_meter/CMakeFiles/proj_scd30_meter.dir/home/jaremekg/project/pico2/work/WIZnet-PICO-C/libraries/ioLibrary_Driver/Ethernet/wizchip_conf.c.o
                0x10003d9c                wizchip_sw_reset
 .text.wizchip_init
                0x10003ed8       0x8a scd30_meter/CMakeFiles/proj_scd30_meter.dir/home/jaremekg/project/pico2/work/WIZnet-PICO-C/libraries/ioLibrary_Driver/Ethernet/wizchip_conf.c.o
                0x10003ed8                wizchip_init
 *fill*         0x10003f62        0x2 
 .text.wizchip_clrinterrupt
                0x10003f64       0x4c scd30_meter/CMakeFiles/proj_scd30_meter.dir/home/jaremekg/project/pico2/work/WIZnet-PICO-C/libraries/ioLibrary_Driver/Ethernet/wizchip_conf.c.o
                0x10003f64                wizchip_clrinterrupt
 .text.wizchip_getinterrupt
                0x10003fb0       0x2c scd30_meter/CMakeFiles/proj_scd30_meter.dir/home/jaremekg/project/pico2/work/WIZnet-PICO-C/libraries/ioLibrary_Driver/Ethernet/wizchip_conf.c.o
                0x10003fb0                wizchip_getinterrupt
 .text.wizchip_setinterruptmask
                0x10003fdc       0x30 scd30_meter/CMakeFiles/proj_scd30_meter.dir/home/jaremekg/project/pico2/work/WIZnet-PICO-C/libraries/ioLibrary_Driver/Ethernet/wizchip_conf.c.o
                0x10003fdc                wizchip_setinterruptmask
 .text.wizchip_getinterruptmask
                0x1000400c       0x2c scd30_meter/CMakeFiles/proj_scd30_meter.dir/home/jaremekg/project/pico2/work/WIZnet-PICO-C/libraries/ioLibrary_Driver/Ethernet/wizchip_conf.c.o
                0x1000400c                wizchip_getinterruptmask
 .text.wizphy_getphylink
                0x10004038       0x10 scd30_meter/CMakeFiles/proj_scd30_meter.dir/home/jaremekg/project/pico2/work/WIZnet-PICO-C/libraries/ioLibrary_Driver/Ethernet/wizchip_conf.c.o
                0x10004038                wizphy_getphylink
 .text.wizphy_getphypmode
                0x10004048       0x1c scd30_meter/CMakeFiles/proj_scd30_meter.dir/home/jaremekg/project/pico2/work/WIZnet-PICO-C/libraries/ioLibrary_Driver/Ethernet/wizchip_conf.c.o
                0x10004048                wizphy_getphypmode
 .text.wizphy_reset
                0x10004064       0x34 scd30_meter/CMakeFiles/proj_scd30_meter.dir/home/jaremekg/project/pico2/work/WIZnet-PICO-C/libraries/ioLibrary_Driver/Ethernet/wizchip_conf.c.o
                0x10004064                wizphy_reset
 .text.wizphy_setphyconf
                0x10004098       0x60 scd30_meter/CMakeFiles/proj_scd30_meter.dir/home/jaremekg/project/pico2/work/WIZnet-PICO-C/libraries/ioLibrary_Driver/Ethernet/wizchip_conf.c.o
                0x10004098                wizphy_setphyconf
 .text.wizphy_getphyconf
                0x100040f8       0x44 scd30_meter/CMakeFiles/proj_scd30_meter.dir/home/jaremekg/project/pico2/work/WIZnet-PICO-C/libraries/ioLibrary_Driver/Ethernet/wizchip_conf.c.o
                0x100040f8                wizphy_getphyconf
 .text.wizphy_setphypmode
                0x1000413c       0x28 scd30_meter/CMakeFiles/proj_scd30_meter.dir/home/jaremekg/project/pico2/work/WIZnet-PICO-C/libraries/ioLibrary_Driver/Ethernet/wizchip_conf.c.o
                0x1000413c                wizphy_setphypmode
 .text.ctlwizchip
                0x10004164      0x1c8 scd30_meter/CMakeFiles/proj_scd30_meter.dir/home/jaremekg/project/pico2/work/WIZnet-PICO-C/libraries/ioLibrary_Driver/Ethernet/wizchip_conf.c.o
                0x10004164                ctlwizchip
 .text.wizchip_setnetinfo
                0x1000432c       0xc4 scd30_meter/CMakeFiles/proj_scd30_meter.dir/home/jaremekg/project/pico2/work/WIZnet-PICO-C/libraries/ioLibrary_Driver/Ethernet/wizchip_conf.c.o
                0x1000432c                wizchip_setnetinfo
 .text.wizchip_getnetinfo
                0x100043f0       0xc4 scd30_meter/CMakeFiles/proj_scd30_meter.dir/home/jaremekg/project/pico2/work/WIZnet-PICO-C/libraries/ioLibrary_Driver/Ethernet/wizchip_conf.c.o
                0x100043f0                wizchip_getnetinfo
 .text.wizchip_setnetmode
                0x100044b4       0x38 scd30_meter/CMakeFiles/proj_scd30_meter.dir/home/jaremekg/project/pico2/work/WIZnet-PICO-C/libraries/ioLibrary_Driver/Ethernet/wizchip_conf.c.o
                0x100044b4                wizchip_setnetmode
 .text.wizchip_getnetmode
                0x100044ec       0x30 scd30_meter/CMakeFiles/proj_scd30_meter.dir/home/jaremekg/project/pico2/work/WIZnet-PICO-C/libraries/ioLibrary_Driver/Ethernet/wizchip_conf.c.o
                0x100044ec                wizchip_getnetmode
 .text.wizchip_settimeout
                0x1000451c       0x50 scd30_meter/CMakeFiles/proj_scd30_meter.dir/home/jaremekg/project/pico2/work/WIZnet-PICO-C/libraries/ioLibrary_Driver/Ethernet/wizchip_conf.c.o
                0x1000451c                wizchip_settimeout
 .text.wizchip_gettimeout
                0x1000456c       0x54 scd30_meter/CMakeFiles/proj_scd30_meter.dir/home/jaremekg/project/pico2/work/WIZnet-PICO-C/libraries/ioLibrary_Driver/Ethernet/wizchip_conf.c.o
                0x1000456c                wizchip_gettimeout
 .text.ctlnetwork
                0x100045c0       0x70 scd30_meter/CMakeFiles/proj_scd30_meter.dir/home/jaremekg/project/pico2/work/WIZnet-PICO-C/libraries/ioLibrary_Driver/Ethernet/wizchip_conf.c.o
                0x100045c0                ctlnetwork
 .text.WIZCHIP_WRITE
                0x10004630       0x74 scd30_meter/CMakeFiles/proj_scd30_meter.dir/home/jaremekg/project/pico2/work/WIZnet-PICO-C/libraries/ioLibrary_Driver/Ethernet/W6100/w6100.c.o
                0x10004630                WIZCHIP_WRITE
 .text.WIZCHIP_READ
                0x100046a4       0x68 scd30_meter/CMakeFiles/proj_scd30_meter.dir/home/jaremekg/project/pico2/work/WIZnet-PICO-C/libraries/ioLibrary_Driver/Ethernet/W6100/w6100.c.o
                0x100046a4                WIZCHIP_READ
 .text.WIZCHIP_WRITE_BUF
                0x1000470c       0x88 scd30_meter/CMakeFiles/proj_scd30_meter.dir/home/jaremekg/project/pico2/work/WIZnet-PICO-C/libraries/ioLibrary_Driver/Ethernet/W6100/w6100.c.o
                0x1000470c                WIZCHIP_WRITE_BUF
 .text.WIZCHIP_READ_BUF
                0x10004794       0x7c scd30_meter/CMakeFiles/proj_scd30_meter.dir/home/jaremekg/project/pico2/work/WIZnet-PICO-C/libraries/ioLibrary_Driver/Ethernet/W6100/w6100.c.o
                0x10004794                WIZCHIP_READ_BUF
 .text.getSn_TX_FSR
                0x10004810       0x30 scd30_meter/CMakeFiles/proj_scd30_meter.dir/home/jaremekg/project/pico2/work/WIZnet-PICO-C/libraries/ioLibrary_Driver/Ethernet/W6100/w6100.c.o
                0x10004810                getSn_TX_FSR
 .text.getSn_RX_RSR
                0x10004840       0x30 scd30_meter/CMakeFiles/proj_scd30_meter.dir/home/jaremekg/project/pico2/work/WIZnet-PICO-C/libraries/ioLibrary_Driver/Ethernet/W6100/w6100.c.o
                0x10004840                getSn_RX_RSR
 .text.wiz_send_data
                0x10004870       0x54 scd30_meter/CMakeFiles/proj_scd30_meter.dir/home/jaremekg/project/pico2/work/WIZnet-PICO-C/libraries/ioLibrary_Driver/Ethernet/W6100/w6100.c.o
                0x10004870                wiz_send_data
 .text.wiz_recv_data
                0x100048c4       0x5a scd30_meter/CMakeFiles/proj_scd30_meter.dir/home/jaremekg/project/pico2/work/WIZnet-PICO-C/libraries/ioLibrary_Driver/Ethernet/W6100/w6100.c.o
                0x100048c4                wiz_recv_data
 .text.wizchip_select
                0x1000491e        0xc scd30_meter/CMakeFiles/proj_scd30_meter.dir/home/jaremekg/project/pico2/work/WIZnet-PICO-C/port/ioLibrary_Driver/src/wizchip_spi.c.o
 .text.wizchip_deselect
                0x1000492a        0xc scd30_meter/CMakeFiles/proj_scd30_meter.dir/home/jaremekg/project/pico2/work/WIZnet-PICO-C/port/ioLibrary_Driver/src/wizchip_spi.c.o
 *fill*         0x10004936        0x2 
 .text.wizchip_critical_section_lock
                0x10004938       0x2c scd30_meter/CMakeFiles/proj_scd30_meter.dir/home/jaremekg/project/pico2/work/WIZnet-PICO-C/port/ioLibrary_Driver/src/wizchip_spi.c.o
 .text.wizchip_critical_section_unlock
                0x10004964       0x18 scd30_meter/CMakeFiles/proj_scd30_meter.dir/home/jaremekg/project/pico2/work/WIZnet-PICO-C/port/ioLibrary_Driver/src/wizchip_spi.c.o
 .text.wizchip_write_buf
                0x1000497c       0x14 scd30_meter/CMakeFiles/proj_scd30_meter.dir/home/jaremekg/project/pico2/work/WIZnet-PICO-C/port/ioLibrary_Driver/src/wizchip_spi.c.o
 .text.wizchip_write
                0x10004990       0x20 scd30_meter/CMakeFiles/proj_scd30_meter.dir/home/jaremekg/project/pico2/work/WIZnet-PICO-C/port/ioLibrary_Driver/src/wizchip_spi.c.o
 .text.wizchip_read_buf
                0x100049b0       0x14 scd30_meter/CMakeFiles/proj_scd30_meter.dir/home/jaremekg/project/pico2/work/WIZnet-PICO-C/port/ioLibrary_Driver/src/wizchip_spi.c.o
 .text.wizchip_read
                0x100049c4       0x28 scd30_meter/CMakeFiles/proj_scd30_meter.dir/home/jaremekg/project/pico2/work/WIZnet-PICO-C/port/ioLibrary_Driver/src/wizchip_spi.c.o
 .text.wizchip_reset
                0x100049ec       0x2c scd30_meter/CMakeFiles/proj_scd30_meter.dir/home/jaremekg/project/pico2/work/WIZnet-PICO-C/port/ioLibrary_Driver/src/wizchip_spi.c.o
                0x100049ec                wizchip_reset
 .text.wizchip_spi_initialize
                0x10004a18       0x40 scd30_meter/CMakeFiles/proj_scd30_meter.dir/home/jaremekg/project/pico2/work/WIZnet-PICO-C/port/ioLibrary_Driver/src/wizchip_spi.c.o
                0x10004a18                wizchip_spi_initialize
 .text.wizchip_cris_initialize
                0x10004a58       0x20 scd30_meter/CMakeFiles/proj_scd30_meter.dir/home/jaremekg/project/pico2/work/WIZnet-PICO-C/port/ioLibrary_Driver/src/wizchip_spi.c.o
                0x10004a58                wizchip_cris_initialize
 .text.wizchip_initialize
                0x10004a78       0x90 scd30_meter/CMakeFiles/proj_scd30_meter.dir/home/jaremekg/project/pico2/work/WIZnet-PICO-C/port/ioLibrary_Driver/src/wizchip_spi.c.o
                0x10004a78                wizchip_initialize
 .text.wizchip_check
                0x10004b08       0x3c scd30_meter/CMakeFiles/proj_scd30_meter.dir/home/jaremekg/project/pico2/work/WIZnet-PICO-C/port/ioLibrary_Driver/src/wizchip_spi.c.o
                0x10004b08                wizchip_check
 .text.network_initialize
                0x10004b44       0x30 scd30_meter/CMakeFiles/proj_scd30_meter.dir/home/jaremekg/project/pico2/work/WIZnet-PICO-C/port/ioLibrary_Driver/src/wizchip_spi.c.o
                0x10004b44                network_initialize
 .text.print_ipv6_addr
                0x10004b74       0x78 scd30_meter/CMakeFiles/proj_scd30_meter.dir/home/jaremekg/project/pico2/work/WIZnet-PICO-C/port/ioLibrary_Driver/src/wizchip_spi.c.o
                0x10004b74                print_ipv6_addr
 .text.print_network_information
                0x10004bec      0x12c scd30_meter/CMakeFiles/proj_scd30_meter.dir/home/jaremekg/project/pico2/work/WIZnet-PICO-C/port/ioLibrary_Driver/src/wizchip_spi.c.o
                0x10004bec                print_network_information
 .text.check_loopback_mode_W6x00
                0x10004d18       0x30 scd30_meter/CMakeFiles/proj_scd30_meter.dir/home/jaremekg/project/pico2/work/WIZnet-PICO-C/libraries/ioLibrary_Driver/Application/loopback/loopback.c.o
                0x10004d18                check_loopback_mode_W6x00
 .text.loopback_tcps
                0x10004d48      0x1e8 scd30_meter/CMakeFiles/proj_scd30_meter.dir/home/jaremekg/project/pico2/work/WIZnet-PICO-C/libraries/ioLibrary_Driver/Application/loopback/loopback.c.o
                0x10004d48                loopback_tcps
 .text          0x10004f30       0xec /home/jaremekg/.pico-sdk/toolchain/14_2_Rel1/bin/../lib/gcc/arm-none-eabi/14.2.1/../../../../arm-none-eabi/lib/thumb/v8-m.main+fp/softfp/libg.a(libc_a-memcpy.o)
                0x10004f30                memcpy
 .text.strlen   0x1000501c       0x5c /home/jaremekg/.pico-sdk/toolchain/14_2_Rel1/bin/../lib/gcc/arm-none-eabi/14.2.1/../../../../arm-none-eabi/lib/thumb/v8-m.main+fp/softfp/libg.a(libc_a-strlen-stub.o)
                0x1000501c                strlen
 *(.fini)
 .fini          0x10005078        0x4 /home/jaremekg/.pico-sdk/toolchain/14_2_Rel1/bin/../lib/gcc/arm-none-eabi/14.2.1/thumb/v8-m.main+fp/softfp/crti.o
                0x10005078                _fini
 *fill*         0x1000507c        0x4 
 .fini.__stub   0x10005080       0x28 linker stubs
 *crtbegin.o(.ctors)
 *crtbegin?.o(.ctors)
 *(EXCLUDE_FILE(*crtend.o *crtend?.o) .ctors)
 *(SORT_BY_NAME(.ctors.*))
 *(.ctors)
 *crtbegin.o(.dtors)
 *crtbegin?.o(.dtors)
 *(EXCLUDE_FILE(*crtend.o *crtend?.o) .dtors)
 *(SORT_BY_NAME(.dtors.*))
 *(.dtors)
                0x100050a8                        . = ALIGN (0x4)
                0x100050a8                        PROVIDE (__preinit_array_start = .)
 *(SORT_BY_NAME(.preinit_array.*))
 .preinit_array.00050
                0x100050a8        0x4 scd30_meter/CMakeFiles/proj_scd30_meter.dir/home/jaremekg/.pico-sdk/sdk/2.2.0/src/rp2_common/pico_runtime_init/runtime_init.c.o
                0x100050a8                __pre_init_runtime_init_bootrom_reset
 .preinit_array.00100
                0x100050ac        0x4 scd30_meter/CMakeFiles/proj_scd30_meter.dir/home/jaremekg/.pico-sdk/sdk/2.2.0/src/rp2_common/pico_runtime_init/runtime_init.c.o
                0x100050ac                __pre_init_runtime_init_early_resets
 .preinit_array.00101
                0x100050b0        0x4 scd30_meter/CMakeFiles/proj_scd30_meter.dir/home/jaremekg/.pico-sdk/sdk/2.2.0/src/rp2_common/pico_runtime_init/runtime_init.c.o
                0x100050b0                __pre_init_runtime_init_usb_power_down
 .preinit_array.00500
                0x100050b4        0x4 scd30_meter/CMakeFiles/proj_scd30_meter.dir/home/jaremekg/.pico-sdk/sdk/2.2.0/src/rp2_common/pico_runtime_init/runtime_init.c.o
                0x100050b4                __pre_init_runtime_init_clocks
 .preinit_array.00600
                0x100050b8        0x4 scd30_meter/CMakeFiles/proj_scd30_meter.dir/home/jaremekg/.pico-sdk/sdk/2.2.0/src/rp2_common/pico_runtime_init/runtime_init.c.o
                0x100050b8                __pre_init_runtime_init_post_clock_resets
 .preinit_array.01000
                0x100050bc        0x4 scd30_meter/CMakeFiles/proj_scd30_meter.dir/home/jaremekg/.pico-sdk/sdk/2.2.0/src/rp2_common/hardware_boot_lock/boot_lock.c.o
                0x100050bc                __pre_init_runtime_init_boot_locks_reset
 .preinit_array.01000
                0x100050c0        0x4 scd30_meter/CMakeFiles/proj_scd30_meter.dir/home/jaremekg/.pico-sdk/sdk/2.2.0/src/rp2_common/pico_runtime_init/runtime_init.c.o
                0x100050c0                __pre_init_runtime_init_spin_locks_reset
 .preinit_array.01010
                0x100050c4        0x4 scd30_meter/CMakeFiles/proj_scd30_meter.dir/home/jaremekg/.pico-sdk/sdk/2.2.0/src/rp2_common/pico_bootrom/bootrom_lock.c.o
                0x100050c4                __pre_init_runtime_init_bootrom_locking_enable
 .preinit_array.01100
                0x100050c8        0x4 scd30_meter/CMakeFiles/proj_scd30_meter.dir/home/jaremekg/.pico-sdk/sdk/2.2.0/src/common/pico_sync/mutex.c.o
                0x100050c8                __pre_init_runtime_init_mutex
 .preinit_array.10080
                0x100050cc        0x4 scd30_meter/CMakeFiles/proj_scd30_meter.dir/home/jaremekg/.pico-sdk/sdk/2.2.0/src/rp2_common/pico_runtime_init/runtime_init.c.o
                0x100050cc                __pre_init_runtime_init_install_ram_vector_table
 .preinit_array.11000
                0x100050d0        0x4 scd30_meter/CMakeFiles/proj_scd30_meter.dir/home/jaremekg/.pico-sdk/sdk/2.2.0/src/common/pico_time/time.c.o
                0x100050d0                __pre_init_runtime_init_default_alarm_pool
 .preinit_array.YYYYY
                0x100050d4        0x4 scd30_meter/CMakeFiles/proj_scd30_meter.dir/home/jaremekg/.pico-sdk/sdk/2.2.0/src/rp2_common/pico_runtime/runtime.c.o
                0x100050d4                __pre_init_first_per_core_initializer
 .preinit_array.ZZZZZ.00051
                0x100050d8        0x4 scd30_meter/CMakeFiles/proj_scd30_meter.dir/home/jaremekg/.pico-sdk/sdk/2.2.0/src/rp2_common/pico_runtime_init/runtime_init.c.o
                0x100050d8                __pre_init_runtime_init_per_core_bootrom_reset
 .preinit_array.ZZZZZ.00200
                0x100050dc        0x4 scd30_meter/CMakeFiles/proj_scd30_meter.dir/home/jaremekg/.pico-sdk/sdk/2.2.0/src/rp2_common/pico_runtime_init/runtime_init.c.o
                0x100050dc                __pre_init_runtime_init_per_core_enable_coprocessors
 .preinit_array.ZZZZZ.01000
                0x100050e0        0x4 scd30_meter/CMakeFiles/proj_scd30_meter.dir/home/jaremekg/.pico-sdk/sdk/2.2.0/src/rp2_common/hardware_sync_spin_lock/sync_spin_lock.c.o
                0x100050e0                __pre_init_spinlock_set_extexclall
 .preinit_array.ZZZZZ.01200
                0x100050e4        0x4 scd30_meter/CMakeFiles/proj_scd30_meter.dir/home/jaremekg/.pico-sdk/sdk/2.2.0/src/rp2_common/hardware_irq/irq.c.o
                0x100050e4                __pre_init_runtime_init_per_core_irq_priorities
 *(.preinit_array)
                0x100050e8                        PROVIDE (__preinit_array_end = .)
                0x100050e8                        . = ALIGN (0x4)
                0x100050e8                        PROVIDE (__init_array_start = .)
 *(SORT_BY_NAME(.init_array.*))
 *(.init_array)
 .init_array    0x100050e8        0x4 /home/jaremekg/.pico-sdk/toolchain/14_2_Rel1/bin/../lib/gcc/arm-none-eabi/14.2.1/thumb/v8-m.main+fp/softfp/crtbegin.o
                0x100050ec                        PROVIDE (__init_array_end = .)
                0x100050ec                        . = ALIGN (0x4)
                [!provide]                        PROVIDE (__fini_array_start = .)
 *(SORT_BY_NAME(.fini_array.*))
 *(.fini_array)
                [!provide]                        PROVIDE (__fini_array_end = .)
 *(.eh_frame*)
 .eh_frame      0x100050ec        0x0 /home/jaremekg/.pico-sdk/toolchain/14_2_Rel1/bin/../lib/gcc/arm-none-eabi/14.2.1/thumb/v8-m.main+fp/softfp/crtbegin.o
                0x100050ec                        . = ALIGN (0x4)

.glue_7         0x100050ec        0x0
 .glue_7        0x100050ec        0x0 linker stubs

.glue_7t        0x100050ec        0x0
 .glue_7t       0x100050ec        0x0 linker stubs

.vfp11_veneer   0x100050ec        0x0
 .vfp11_veneer  0x100050ec        0x0 linker stubs

.v4_bx          0x100050ec        0x0
 .v4_bx         0x100050ec        0x0 linker stubs

.iplt           0x100050ec        0x0
 .iplt          0x100050ec        0x0 /home/jaremekg/.pico-sdk/toolchain/14_2_Rel1/bin/../lib/gcc/arm-none-eabi/14.2.1/thumb/v8-m.main+fp/softfp/crtbegin.o

.boot2          0x100050ec        0x0
                0x100050ec                        __boot2_start__ = .
 *(.boot2)
                0x100050ec                        __boot2_end__ = .
                0x00000001                        ASSERT (((__boot2_end__ - __boot2_start__) <= 0x100), ERROR: Pico second stage bootloader must be no more than 256 bytes in size)

.rodata         0x100050f0      0xaf8
 *(EXCLUDE_FILE(*libm.a: *libc.a:*lib_a-mem*.o *libgcc.a:) .rodata*)
 .rodata.main.str1.4
                0x100050f0      0x862 scd30_meter/CMakeFiles/proj_scd30_meter.dir/main.c.o
                                 0x83 (size before relaxing)
 .rodata.str1.4
                0x10005952       0x5c scd30_meter/CMakeFiles/proj_scd30_meter.dir/main.c.o
 *fill*         0x10005952        0x2 
 .rodata.__bi_191.0
                0x10005954        0xc scd30_meter/CMakeFiles/proj_scd30_meter.dir/main.c.o
 .rodata.__bi_192.1
                0x10005960        0xc scd30_meter/CMakeFiles/proj_scd30_meter.dir/main.c.o
 .rodata.__bi_193.2
                0x1000596c        0xc scd30_meter/CMakeFiles/proj_scd30_meter.dir/main.c.o
 .rodata.__bi_194.3
                0x10005978        0xc scd30_meter/CMakeFiles/proj_scd30_meter.dir/main.c.o
 .rodata.__bi_195.4
                0x10005984        0xc scd30_meter/CMakeFiles/proj_scd30_meter.dir/main.c.o
 .rodata.g_net_info
                0x10005990       0x68 scd30_meter/CMakeFiles/proj_scd30_meter.dir/main.c.o
 .rodata.panic.str1.4
                0x100059f8       0x12 scd30_meter/CMakeFiles/proj_scd30_meter.dir/home/jaremekg/.pico-sdk/sdk/2.2.0/src/rp2_common/pico_platform_panic/panic.c.o
 .rodata.spin_lock_claim_unused.str1.4
                0x100059f8       0x1b scd30_meter/CMakeFiles/proj_scd30_meter.dir/home/jaremekg/.pico-sdk/sdk/2.2.0/src/rp2_common/hardware_sync/sync.c.o
 .rodata.resolve_j_16.str1.4
                0x100059f8       0x5d scd30_meter/CMakeFiles/proj_scd30_meter.dir/home/jaremekg/.pico-sdk/sdk/2.2.0/src/rp2_common/hardware_irq/irq.c.o
 .rodata.make_j_16.str1.4
                0x100059f8       0x30 scd30_meter/CMakeFiles/proj_scd30_meter.dir/home/jaremekg/.pico-sdk/sdk/2.2.0/src/rp2_common/hardware_irq/irq.c.o
 .rodata.insert_bl_32.str1.4
                0x100059f8       0x10 scd30_meter/CMakeFiles/proj_scd30_meter.dir/home/jaremekg/.pico-sdk/sdk/2.2.0/src/rp2_common/hardware_irq/irq.c.o
 .rodata.irq_set_exclusive_handler.str1.4
                0x100059f8       0x36 scd30_meter/CMakeFiles/proj_scd30_meter.dir/home/jaremekg/.pico-sdk/sdk/2.2.0/src/rp2_common/hardware_irq/irq.c.o
 .rodata.irq_remove_handler.str1.4
                0x100059f8       0x3a scd30_meter/CMakeFiles/proj_scd30_meter.dir/home/jaremekg/.pico-sdk/sdk/2.2.0/src/rp2_common/hardware_irq/irq.c.o
 .rodata.irq_add_tail_to_free_list.str1.4
                0x100059f8       0x3a scd30_meter/CMakeFiles/proj_scd30_meter.dir/home/jaremekg/.pico-sdk/sdk/2.2.0/src/rp2_common/hardware_irq/irq.c.o
 .rodata.__func__.0
                0x100059f8       0x1a scd30_meter/CMakeFiles/proj_scd30_meter.dir/home/jaremekg/.pico-sdk/sdk/2.2.0/src/rp2_common/hardware_irq/irq.c.o
 *fill*         0x10005a12        0x2 
 .rodata.__func__.1
                0x10005a14        0xd scd30_meter/CMakeFiles/proj_scd30_meter.dir/home/jaremekg/.pico-sdk/sdk/2.2.0/src/rp2_common/hardware_irq/irq.c.o
 *fill*         0x10005a21        0x3 
 .rodata.__func__.2
                0x10005a24       0x13 scd30_meter/CMakeFiles/proj_scd30_meter.dir/home/jaremekg/.pico-sdk/sdk/2.2.0/src/rp2_common/hardware_irq/irq.c.o
 *fill*         0x10005a37        0x1 
 .rodata.__func__.3
                0x10005a38        0xa scd30_meter/CMakeFiles/proj_scd30_meter.dir/home/jaremekg/.pico-sdk/sdk/2.2.0/src/rp2_common/hardware_irq/irq.c.o
 *fill*         0x10005a42        0x2 
 .rodata.__func__.4
                0x10005a44        0xd scd30_meter/CMakeFiles/proj_scd30_meter.dir/home/jaremekg/.pico-sdk/sdk/2.2.0/src/rp2_common/hardware_irq/irq.c.o
 *fill*         0x10005a51        0x3 
 .rodata.__func__.6
                0x10005a54       0x1a scd30_meter/CMakeFiles/proj_scd30_meter.dir/home/jaremekg/.pico-sdk/sdk/2.2.0/src/rp2_common/hardware_irq/irq.c.o
 .rodata.runtime_init_mutex.str1.4
                0x10005a6e       0x60 scd30_meter/CMakeFiles/proj_scd30_meter.dir/home/jaremekg/.pico-sdk/sdk/2.2.0/src/common/pico_sync/mutex.c.o
 .rodata.str1.4
                0x10005a6e       0x51 scd30_meter/CMakeFiles/proj_scd30_meter.dir/home/jaremekg/.pico-sdk/sdk/2.2.0/src/common/pico_sync/mutex.c.o
 *fill*         0x10005a6e        0x2 
 .rodata.__func__.1
                0x10005a70        0xb scd30_meter/CMakeFiles/proj_scd30_meter.dir/home/jaremekg/.pico-sdk/sdk/2.2.0/src/common/pico_sync/mutex.c.o
 *fill*         0x10005a7b        0x1 
 .rodata.__func__.3
                0x10005a7c       0x18 scd30_meter/CMakeFiles/proj_scd30_meter.dir/home/jaremekg/.pico-sdk/sdk/2.2.0/src/common/pico_sync/mutex.c.o
 .rodata.__func__.6
                0x10005a94       0x13 scd30_meter/CMakeFiles/proj_scd30_meter.dir/home/jaremekg/.pico-sdk/sdk/2.2.0/src/common/pico_sync/mutex.c.o
 .rodata.alarm_pool_irq_handler.str1.4
                0x10005aa7       0x6b scd30_meter/CMakeFiles/proj_scd30_meter.dir/home/jaremekg/.pico-sdk/sdk/2.2.0/src/common/pico_time/time.c.o
 .rodata.alarm_pool_get_default.str1.4
                0x10005aa7       0x21 scd30_meter/CMakeFiles/proj_scd30_meter.dir/home/jaremekg/.pico-sdk/sdk/2.2.0/src/common/pico_time/time.c.o
 .rodata.sleep_until.str1.4
                0x10005aa7       0x4d scd30_meter/CMakeFiles/proj_scd30_meter.dir/home/jaremekg/.pico-sdk/sdk/2.2.0/src/common/pico_time/time.c.o
 *fill*         0x10005aa7        0x1 
 .rodata.__func__.1
                0x10005aa8       0x17 scd30_meter/CMakeFiles/proj_scd30_meter.dir/home/jaremekg/.pico-sdk/sdk/2.2.0/src/common/pico_time/time.c.o
 *fill*         0x10005abf        0x1 
 .rodata.__func__.2
                0x10005ac0       0x17 scd30_meter/CMakeFiles/proj_scd30_meter.dir/home/jaremekg/.pico-sdk/sdk/2.2.0/src/common/pico_time/time.c.o
 .rodata.timer_hardware_alarm_claim.str1.4
                0x10005ad7       0x22 scd30_meter/CMakeFiles/proj_scd30_meter.dir/home/jaremekg/.pico-sdk/sdk/2.2.0/src/rp2_common/hardware_timer/timer.c.o
 .rodata.pll_init.str1.4
                0x10005ad7      0x11c scd30_meter/CMakeFiles/proj_scd30_meter.dir/home/jaremekg/.pico-sdk/sdk/2.2.0/src/rp2_common/hardware_pll/pll.c.o
 *fill*         0x10005ad7        0x1 
 .rodata.__func__.0
                0x10005ad8        0x9 scd30_meter/CMakeFiles/proj_scd30_meter.dir/home/jaremekg/.pico-sdk/sdk/2.2.0/src/rp2_common/hardware_pll/pll.c.o
 .rodata.str1.4
                0x10005ae1       0x6c scd30_meter/CMakeFiles/proj_scd30_meter.dir/home/jaremekg/.pico-sdk/sdk/2.2.0/src/rp2_common/pico_standard_binary_info/standard_binary_info.c.o
 *fill*         0x10005ae1        0x3 
 .rodata.__bi_94
                0x10005ae4        0xc scd30_meter/CMakeFiles/proj_scd30_meter.dir/home/jaremekg/.pico-sdk/sdk/2.2.0/src/rp2_common/pico_standard_binary_info/standard_binary_info.c.o
 .rodata.__bi_84
                0x10005af0        0xc scd30_meter/CMakeFiles/proj_scd30_meter.dir/home/jaremekg/.pico-sdk/sdk/2.2.0/src/rp2_common/pico_standard_binary_info/standard_binary_info.c.o
 .rodata.__bi_78
                0x10005afc        0xc scd30_meter/CMakeFiles/proj_scd30_meter.dir/home/jaremekg/.pico-sdk/sdk/2.2.0/src/rp2_common/pico_standard_binary_info/standard_binary_info.c.o
 .rodata.__bi_54
                0x10005b08        0xc scd30_meter/CMakeFiles/proj_scd30_meter.dir/home/jaremekg/.pico-sdk/sdk/2.2.0/src/rp2_common/pico_standard_binary_info/standard_binary_info.c.o
 .rodata.__bi_48
                0x10005b14        0xc scd30_meter/CMakeFiles/proj_scd30_meter.dir/home/jaremekg/.pico-sdk/sdk/2.2.0/src/rp2_common/pico_standard_binary_info/standard_binary_info.c.o
 .rodata.__bi_42
                0x10005b20        0xc scd30_meter/CMakeFiles/proj_scd30_meter.dir/home/jaremekg/.pico-sdk/sdk/2.2.0/src/rp2_common/pico_standard_binary_info/standard_binary_info.c.o
 .rodata.__bi_34
                0x10005b2c        0xc scd30_meter/CMakeFiles/proj_scd30_meter.dir/home/jaremekg/.pico-sdk/sdk/2.2.0/src/rp2_common/pico_standard_binary_info/standard_binary_info.c.o
 .rodata.__bi_26
                0x10005b38        0xc scd30_meter/CMakeFiles/proj_scd30_meter.dir/home/jaremekg/.pico-sdk/sdk/2.2.0/src/rp2_common/pico_standard_binary_info/standard_binary_info.c.o
 .rodata._ftoa.str1.4
                0x10005b44       0x15 scd30_meter/CMakeFiles/proj_scd30_meter.dir/home/jaremekg/.pico-sdk/sdk/2.2.0/src/rp2_common/pico_printf/printf.c.o
 *fill*         0x10005b44        0x4 
 .rodata.pow10.0
                0x10005b48       0x50 scd30_meter/CMakeFiles/proj_scd30_meter.dir/home/jaremekg/.pico-sdk/sdk/2.2.0/src/rp2_common/pico_printf/printf.c.o
 .rodata.__assert_func.str1.4
                0x10005b98       0x43 scd30_meter/CMakeFiles/proj_scd30_meter.dir/home/jaremekg/.pico-sdk/sdk/2.2.0/src/rp2_common/pico_clib_interface/newlib_interface.c.o
 .rodata.crlf_str.0
                0x10005b98        0x2 scd30_meter/CMakeFiles/proj_scd30_meter.dir/home/jaremekg/.pico-sdk/sdk/2.2.0/src/rp2_common/pico_stdio/stdio.c.o
 .rodata.str1.4
                0x10005b9a       0x2c scd30_meter/CMakeFiles/proj_scd30_meter.dir/home/jaremekg/.pico-sdk/sdk/2.2.0/src/rp2_common/pico_stdio_uart/stdio_uart.c.o
 *fill*         0x10005b9a        0x2 
 .rodata.__bi_45.4
                0x10005b9c        0xc scd30_meter/CMakeFiles/proj_scd30_meter.dir/home/jaremekg/.pico-sdk/sdk/2.2.0/src/rp2_common/pico_stdio_uart/stdio_uart.c.o
 .rodata.__bi_49.5
                0x10005ba8        0x8 scd30_meter/CMakeFiles/proj_scd30_meter.dir/home/jaremekg/.pico-sdk/sdk/2.2.0/src/rp2_common/pico_stdio_uart/stdio_uart.c.o
 .rodata.__bi_50.6
                0x10005bb0        0x8 scd30_meter/CMakeFiles/proj_scd30_meter.dir/home/jaremekg/.pico-sdk/sdk/2.2.0/src/rp2_common/pico_stdio_uart/stdio_uart.c.o
 .rodata.wizchip_initialize.str1.4
                0x10005bb8       0x31 scd30_meter/CMakeFiles/proj_scd30_meter.dir/home/jaremekg/project/pico2/work/WIZnet-PICO-C/port/ioLibrary_Driver/src/wizchip_spi.c.o
 .rodata.wizchip_check.str1.4
                0x10005bb8       0x36 scd30_meter/CMakeFiles/proj_scd30_meter.dir/home/jaremekg/project/pico2/work/WIZnet-PICO-C/port/ioLibrary_Driver/src/wizchip_spi.c.o
 .rodata.print_ipv6_addr.str1.4
                0x10005bb8       0x35 scd30_meter/CMakeFiles/proj_scd30_meter.dir/home/jaremekg/project/pico2/work/WIZnet-PICO-C/port/ioLibrary_Driver/src/wizchip_spi.c.o
 .rodata.print_network_information.str1.4
                0x10005bb8      0x15c scd30_meter/CMakeFiles/proj_scd30_meter.dir/home/jaremekg/project/pico2/work/WIZnet-PICO-C/port/ioLibrary_Driver/src/wizchip_spi.c.o
 .rodata.__bi_209.0
                0x10005bb8        0x8 scd30_meter/CMakeFiles/proj_scd30_meter.dir/home/jaremekg/project/pico2/work/WIZnet-PICO-C/port/ioLibrary_Driver/src/wizchip_spi.c.o
 .rodata.str1.4
                0x10005bc0       0x22 scd30_meter/CMakeFiles/proj_scd30_meter.dir/home/jaremekg/project/pico2/work/WIZnet-PICO-C/port/ioLibrary_Driver/src/wizchip_spi.c.o
 .rodata.__bi_217.1
                0x10005bc0        0xc scd30_meter/CMakeFiles/proj_scd30_meter.dir/home/jaremekg/project/pico2/work/WIZnet-PICO-C/port/ioLibrary_Driver/src/wizchip_spi.c.o
 .rodata.__bi_106.2
                0x10005bcc        0xc scd30_meter/CMakeFiles/proj_scd30_meter.dir/home/jaremekg/project/pico2/work/WIZnet-PICO-C/port/ioLibrary_Driver/src/wizchip_spi.c.o
 .rodata        0x10005bd8       0x10 scd30_meter/CMakeFiles/proj_scd30_meter.dir/home/jaremekg/project/pico2/work/WIZnet-PICO-C/port/ioLibrary_Driver/src/wizchip_spi.c.o
 .rodata.loopback_tcps.str1.4
                0x10005be8       0x32 scd30_meter/CMakeFiles/proj_scd30_meter.dir/home/jaremekg/project/pico2/work/WIZnet-PICO-C/libraries/ioLibrary_Driver/Application/loopback/loopback.c.o
 .rodata.str1.4
                0x10005be8       0x26 scd30_meter/CMakeFiles/proj_scd30_meter.dir/home/jaremekg/project/pico2/work/WIZnet-PICO-C/libraries/ioLibrary_Driver/Application/loopback/loopback.c.o
 *(.srodata*)
                0x10005d14                        . = ALIGN (0x4)
 *(SORT_BY_ALIGNMENT(SORT_BY_NAME(.flashdata*)))
                0x10005d14                        . = ALIGN (0x4)

.ARM.extab
 *(.ARM.extab* .gnu.linkonce.armextab.*)
                0x10005be8                        __exidx_start = .

.ARM.exidx      0x10005be8        0x8
 *(.ARM.exidx* .gnu.linkonce.armexidx.*)
 .ARM.exidx     0x10005be8        0x8 /home/jaremekg/.pico-sdk/toolchain/14_2_Rel1/bin/../lib/gcc/arm-none-eabi/14.2.1/../../../../arm-none-eabi/lib/thumb/v8-m.main+fp/softfp/libg.a(libc_a-memcpy.o)
 .ARM.exidx.text.__udivmoddi4
                0x10005bf0        0x0 /home/jaremekg/.pico-sdk/toolchain/14_2_Rel1/bin/../lib/gcc/arm-none-eabi/14.2.1/thumb/v8-m.main+fp/softfp/libgcc.a(_udivmoddi4.o)
                                  0x8 (size before relaxing)
                0x10005bf0                        __exidx_end = .
                0x10005bf0                        . = ALIGN (0x4)
                0x10005bf0                        __binary_info_start = .

.binary_info    0x10005bf0       0x4c
 *(.binary_info.keep.*)
 .binary_info.keep.__bi_ptr195
                0x10005bf0        0x4 scd30_meter/CMakeFiles/proj_scd30_meter.dir/main.c.o
 .binary_info.keep.__bi_ptr194
                0x10005bf4        0x4 scd30_meter/CMakeFiles/proj_scd30_meter.dir/main.c.o
 .binary_info.keep.__bi_ptr193
                0x10005bf8        0x4 scd30_meter/CMakeFiles/proj_scd30_meter.dir/main.c.o
 .binary_info.keep.__bi_ptr192
                0x10005bfc        0x4 scd30_meter/CMakeFiles/proj_scd30_meter.dir/main.c.o
 .binary_info.keep.__bi_ptr191
                0x10005c00        0x4 scd30_meter/CMakeFiles/proj_scd30_meter.dir/main.c.o
 .binary_info.keep.__bi_ptr94
                0x10005c04        0x4 scd30_meter/CMakeFiles/proj_scd30_meter.dir/home/jaremekg/.pico-sdk/sdk/2.2.0/src/rp2_common/pico_standard_binary_info/standard_binary_info.c.o
 .binary_info.keep.__bi_ptr84
                0x10005c08        0x4 scd30_meter/CMakeFiles/proj_scd30_meter.dir/home/jaremekg/.pico-sdk/sdk/2.2.0/src/rp2_common/pico_standard_binary_info/standard_binary_info.c.o
 .binary_info.keep.__bi_ptr78
                0x10005c0c        0x4 scd30_meter/CMakeFiles/proj_scd30_meter.dir/home/jaremekg/.pico-sdk/sdk/2.2.0/src/rp2_common/pico_standard_binary_info/standard_binary_info.c.o
 .binary_info.keep.__bi_ptr54
                0x10005c10        0x4 scd30_meter/CMakeFiles/proj_scd30_meter.dir/home/jaremekg/.pico-sdk/sdk/2.2.0/src/rp2_common/pico_standard_binary_info/standard_binary_info.c.o
 .binary_info.keep.__bi_ptr48
                0x10005c14        0x4 scd30_meter/CMakeFiles/proj_scd30_meter.dir/home/jaremekg/.pico-sdk/sdk/2.2.0/src/rp2_common/pico_standard_binary_info/standard_binary_info.c.o
 .binary_info.keep.__bi_ptr42
                0x10005c18        0x4 scd30_meter/CMakeFiles/proj_scd30_meter.dir/home/jaremekg/.pico-sdk/sdk/2.2.0/src/rp2_common/pico_standard_binary_info/standard_binary_info.c.o
 .binary_info.keep.__bi_ptr34
                0x10005c1c        0x4 scd30_meter/CMakeFiles/proj_scd30_meter.dir/home/jaremekg/.pico-sdk/sdk/2.2.0/src/rp2_common/pico_standard_binary_info/standard_binary_info.c.o
 .binary_info.keep.__bi_ptr26
                0x10005c20        0x4 scd30_meter/CMakeFiles/proj_scd30_meter.dir/home/jaremekg/.pico-sdk/sdk/2.2.0/src/rp2_common/pico_standard_binary_info/standard_binary_info.c.o
 .binary_info.keep.__bi_ptr217
                0x10005c24        0x4 scd30_meter/CMakeFiles/proj_scd30_meter.dir/home/jaremekg/project/pico2/work/WIZnet-PICO-C/port/ioLibrary_Driver/src/wizchip_spi.c.o
 .binary_info.keep.__bi_ptr209
                0x10005c28        0x4 scd30_meter/CMakeFiles/proj_scd30_meter.dir/home/jaremekg/project/pico2/work/WIZnet-PICO-C/port/ioLibrary_Driver/src/wizchip_spi.c.o
 .binary_info.keep.__bi_ptr106
                0x10005c2c        0x4 scd30_meter/CMakeFiles/proj_scd30_meter.dir/home/jaremekg/project/pico2/work/WIZnet-PICO-C/port/ioLibrary_Driver/src/wizchip_spi.c.o
 *(.binary_info.*)
 .binary_info.__bi_ptr50
                0x10005c30        0x4 scd30_meter/CMakeFiles/proj_scd30_meter.dir/home/jaremekg/.pico-sdk/sdk/2.2.0/src/rp2_common/pico_stdio_uart/stdio_uart.c.o
 .binary_info.__bi_ptr49
                0x10005c34        0x4 scd30_meter/CMakeFiles/proj_scd30_meter.dir/home/jaremekg/.pico-sdk/sdk/2.2.0/src/rp2_common/pico_stdio_uart/stdio_uart.c.o
 .binary_info.__bi_ptr45
                0x10005c38        0x4 scd30_meter/CMakeFiles/proj_scd30_meter.dir/home/jaremekg/.pico-sdk/sdk/2.2.0/src/rp2_common/pico_stdio_uart/stdio_uart.c.o
                0x10005c3c                        __binary_info_end = .
                0x10005c3c                        . = ALIGN (0x4)

.ram_vector_table
                0x20000000      0x110
 *(.ram_vector_table)
 .ram_vector_table
                0x20000000      0x110 scd30_meter/CMakeFiles/proj_scd30_meter.dir/home/jaremekg/.pico-sdk/sdk/2.2.0/src/rp2_common/pico_runtime_init/runtime_init.c.o
                0x20000000                ram_vector_table

.uninitialized_data
                0x20000110        0x0
                0x20000110                        . = ALIGN (0x4)
 *(.uninitialized_data*)

.data           0x20000110      0x660 load address 0x10005c3c
                0x20000110                        __data_start__ = .
 *(vtable)
 *(.time_critical*)
 .time_critical.mutex_try_enter
                0x20000110       0x58 scd30_meter/CMakeFiles/proj_scd30_meter.dir/home/jaremekg/.pico-sdk/sdk/2.2.0/src/common/pico_sync/mutex.c.o
                0x20000110                mutex_try_enter
 .time_critical.mutex_enter_block_until
                0x20000168       0x84 scd30_meter/CMakeFiles/proj_scd30_meter.dir/home/jaremekg/.pico-sdk/sdk/2.2.0/src/common/pico_sync/mutex.c.o
                0x20000168                mutex_enter_block_until
 .time_critical.mutex_try_enter_block_until
                0x200001ec       0x32 scd30_meter/CMakeFiles/proj_scd30_meter.dir/home/jaremekg/.pico-sdk/sdk/2.2.0/src/common/pico_sync/mutex.c.o
                0x200001ec                mutex_try_enter_block_until
 *fill*         0x2000021e        0x2 
 .time_critical.mutex_exit
                0x20000220       0x58 scd30_meter/CMakeFiles/proj_scd30_meter.dir/home/jaremekg/.pico-sdk/sdk/2.2.0/src/common/pico_sync/mutex.c.o
                0x20000220                mutex_exit
 .time_critical.spi_write_blocking
                0x20000278       0x5a scd30_meter/CMakeFiles/proj_scd30_meter.dir/home/jaremekg/.pico-sdk/sdk/2.2.0/src/rp2_common/hardware_spi/spi.c.o
                0x20000278                spi_write_blocking
 .time_critical.spi_read_blocking
                0x200002d2       0x48 scd30_meter/CMakeFiles/proj_scd30_meter.dir/home/jaremekg/.pico-sdk/sdk/2.2.0/src/rp2_common/hardware_spi/spi.c.o
                0x200002d2                spi_read_blocking
 *(.text*)
 *fill*         0x2000031a        0x2 
 .text          0x2000031c       0x30 /home/jaremekg/.pico-sdk/toolchain/14_2_Rel1/bin/../lib/gcc/arm-none-eabi/14.2.1/thumb/v8-m.main+fp/softfp/libgcc.a(_aeabi_uldivmod.o)
                0x2000031c                __aeabi_uldivmod
 .text.__udivmoddi4
                0x2000034c      0x34c /home/jaremekg/.pico-sdk/toolchain/14_2_Rel1/bin/../lib/gcc/arm-none-eabi/14.2.1/thumb/v8-m.main+fp/softfp/libgcc.a(_udivmoddi4.o)
                0x2000034c                __udivmoddi4
 .text          0x20000698        0x4 /home/jaremekg/.pico-sdk/toolchain/14_2_Rel1/bin/../lib/gcc/arm-none-eabi/14.2.1/thumb/v8-m.main+fp/softfp/libgcc.a(_dvmd_tls.o)
                0x20000698                __aeabi_ldiv0
                0x20000698                __aeabi_idiv0
 *fill*         0x2000069c        0x4 
 .text.__stub   0x200006a0       0x10 linker stubs
                0x200006b0                        . = ALIGN (0x4)
 *(.rodata*)
                0x200006b0                        . = ALIGN (0x4)
 *(.data*)
 .data.striped_spin_lock_num
                0x200006b0        0x1 scd30_meter/CMakeFiles/proj_scd30_meter.dir/home/jaremekg/.pico-sdk/sdk/2.2.0/src/rp2_common/hardware_sync/sync.c.o
 *fill*         0x200006b1        0x3 
 .data          0x200006b4       0x48 scd30_meter/CMakeFiles/proj_scd30_meter.dir/home/jaremekg/.pico-sdk/sdk/2.2.0/src/rp2_common/hardware_irq/irq_handler_chain.S.o
                0x200006b4                irq_handler_chain_slots
                0x200006e4                irq_handler_chain_first_slot
                0x200006ee                irq_handler_chain_remove_tail
 .data.default_alarm_pool
                0x200006fc       0x18 scd30_meter/CMakeFiles/proj_scd30_meter.dir/home/jaremekg/.pico-sdk/sdk/2.2.0/src/common/pico_time/time.c.o
 .data.stdio_uart
                0x20000714       0x18 scd30_meter/CMakeFiles/proj_scd30_meter.dir/home/jaremekg/.pico-sdk/sdk/2.2.0/src/rp2_common/pico_stdio_uart/stdio_uart.c.o
                0x20000714                stdio_uart
 .data.sock_any_port
                0x2000072c        0x2 scd30_meter/CMakeFiles/proj_scd30_meter.dir/home/jaremekg/project/pico2/work/WIZnet-PICO-C/libraries/ioLibrary_Driver/Ethernet/socket.c.o
 *fill*         0x2000072e        0x2 
 .data.WIZCHIP  0x20000730       0x2c scd30_meter/CMakeFiles/proj_scd30_meter.dir/home/jaremekg/project/pico2/work/WIZnet-PICO-C/libraries/ioLibrary_Driver/Ethernet/wizchip_conf.c.o
                0x20000730                WIZCHIP
 .data.msg_dual
                0x2000075c        0x4 scd30_meter/CMakeFiles/proj_scd30_meter.dir/home/jaremekg/project/pico2/work/WIZnet-PICO-C/libraries/ioLibrary_Driver/Application/loopback/loopback.c.o
                0x2000075c                msg_dual
 .data.msg_v6   0x20000760        0x4 scd30_meter/CMakeFiles/proj_scd30_meter.dir/home/jaremekg/project/pico2/work/WIZnet-PICO-C/libraries/ioLibrary_Driver/Application/loopback/loopback.c.o
                0x20000760                msg_v6
 .data.msg_v4   0x20000764        0x4 scd30_meter/CMakeFiles/proj_scd30_meter.dir/home/jaremekg/project/pico2/work/WIZnet-PICO-C/libraries/ioLibrary_Driver/Application/loopback/loopback.c.o
                0x20000764                msg_v4
 *(.sdata*)
                0x20000768                        . = ALIGN (0x4)
 *(.after_data.*)
                0x20000768                        . = ALIGN (0x4)
                0x20000768                        PROVIDE (__mutex_array_start = .)
 *(SORT_BY_NAME(.mutex_array.*))
 *(.mutex_array)
 .mutex_array   0x20000768        0x8 scd30_meter/CMakeFiles/proj_scd30_meter.dir/home/jaremekg/.pico-sdk/sdk/2.2.0/src/rp2_common/pico_stdio/stdio.c.o
                0x20000770                        PROVIDE (__mutex_array_end = .)
 *(.jcr)
                0x20000770                        . = ALIGN (0x4)

.tm_clone_table
                0x20000770        0x0 load address 0x1000629c
 .tm_clone_table
                0x20000770        0x0 /home/jaremekg/.pico-sdk/toolchain/14_2_Rel1/bin/../lib/gcc/arm-none-eabi/14.2.1/thumb/v8-m.main+fp/softfp/crtbegin.o
 .tm_clone_table
                0x20000770        0x0 /home/jaremekg/.pico-sdk/toolchain/14_2_Rel1/bin/../lib/gcc/arm-none-eabi/14.2.1/thumb/v8-m.main+fp/softfp/crtend.o

.igot.plt       0x20000770        0x0 load address 0x1000629c
 .igot.plt      0x20000770        0x0 /home/jaremekg/.pico-sdk/toolchain/14_2_Rel1/bin/../lib/gcc/arm-none-eabi/14.2.1/thumb/v8-m.main+fp/softfp/crtbegin.o

.tdata          0x20000770        0x0 load address 0x1000629c
                0x20000770                        . = ALIGN (0x4)
 *(.tdata .tdata.* .gnu.linkonce.td.*)
                0x20000770                        __tdata_end = .
                0x20000770                        PROVIDE (__data_end__ = .)
                0x10005c3c                        __etext = LOADADDR (.data)

.tbss           0x20000770        0x0 load address 0x1000629c
                0x20000770                        . = ALIGN (0x4)
                0x20000770                        __bss_start__ = .
                0x20000770                        __tls_base = .
 *(.tbss .tbss.* .gnu.linkonce.tb.*)
 *(.tcommon)
                0x20000770                        __tls_end = .

.bss            0x20000770      0xa64 load address 0x1000629c
                0x20000770                        . = ALIGN (0x4)
                0x20000770                        __tbss_end = .
 *(SORT_BY_ALIGNMENT(SORT_BY_NAME(.bss*)))
 .bss.default_alarm_pool_entries
                0x20000770      0x180 scd30_meter/CMakeFiles/proj_scd30_meter.dir/home/jaremekg/.pico-sdk/sdk/2.2.0/src/common/pico_time/time.c.o
 .bss._DNS6_    0x200008f0       0x10 scd30_meter/CMakeFiles/proj_scd30_meter.dir/home/jaremekg/project/pico2/work/WIZnet-PICO-C/libraries/ioLibrary_Driver/Ethernet/wizchip_conf.c.o
 .bss._DNS_     0x20000900        0x4 scd30_meter/CMakeFiles/proj_scd30_meter.dir/home/jaremekg/project/pico2/work/WIZnet-PICO-C/libraries/ioLibrary_Driver/Ethernet/wizchip_conf.c.o
 .bss._sw_spin_locks
                0x20000904       0x20 scd30_meter/CMakeFiles/proj_scd30_meter.dir/home/jaremekg/.pico-sdk/sdk/2.2.0/src/rp2_common/hardware_sync_spin_lock/sync_spin_lock.c.o
                0x20000904                _sw_spin_locks
 .bss.chars_available_callback
                0x20000924        0x4 scd30_meter/CMakeFiles/proj_scd30_meter.dir/home/jaremekg/.pico-sdk/sdk/2.2.0/src/rp2_common/pico_stdio_uart/stdio_uart.c.o
 .bss.chars_available_param
                0x20000928        0x4 scd30_meter/CMakeFiles/proj_scd30_meter.dir/home/jaremekg/.pico-sdk/sdk/2.2.0/src/rp2_common/pico_stdio_uart/stdio_uart.c.o
 .bss.claimed   0x2000092c        0x4 scd30_meter/CMakeFiles/proj_scd30_meter.dir/home/jaremekg/.pico-sdk/sdk/2.2.0/src/rp2_common/hardware_sync/sync.c.o
 .bss.claimed   0x20000930        0x2 scd30_meter/CMakeFiles/proj_scd30_meter.dir/home/jaremekg/.pico-sdk/sdk/2.2.0/src/rp2_common/hardware_timer/timer.c.o
 *fill*         0x20000932        0x2 
 .bss.configured_freq
                0x20000934       0x28 scd30_meter/CMakeFiles/proj_scd30_meter.dir/home/jaremekg/.pico-sdk/sdk/2.2.0/src/rp2_common/hardware_clocks/clocks.c.o
 .bss.drivers   0x2000095c        0x4 scd30_meter/CMakeFiles/proj_scd30_meter.dir/home/jaremekg/.pico-sdk/sdk/2.2.0/src/rp2_common/pico_stdio/stdio.c.o
 .bss.filter    0x20000960        0x4 scd30_meter/CMakeFiles/proj_scd30_meter.dir/home/jaremekg/.pico-sdk/sdk/2.2.0/src/rp2_common/pico_stdio/stdio.c.o
 .bss.g_tcp_server_buf
                0x20000964      0x800 scd30_meter/CMakeFiles/proj_scd30_meter.dir/main.c.o
 .bss.g_wizchip_cri_sec
                0x20001164        0x8 scd30_meter/CMakeFiles/proj_scd30_meter.dir/home/jaremekg/project/pico2/work/WIZnet-PICO-C/port/ioLibrary_Driver/src/wizchip_spi.c.o
 .bss.object.0  0x2000116c       0x18 /home/jaremekg/.pico-sdk/toolchain/14_2_Rel1/bin/../lib/gcc/arm-none-eabi/14.2.1/thumb/v8-m.main+fp/softfp/crtbegin.o
 .bss.pools     0x20001184       0x20 scd30_meter/CMakeFiles/proj_scd30_meter.dir/home/jaremekg/.pico-sdk/sdk/2.2.0/src/common/pico_time/time.c.o
 .bss.sleep_notifier
                0x200011a4        0x4 scd30_meter/CMakeFiles/proj_scd30_meter.dir/home/jaremekg/.pico-sdk/sdk/2.2.0/src/common/pico_time/time.c.o
 .bss.sock_pack_info
                0x200011a8        0x8 scd30_meter/CMakeFiles/proj_scd30_meter.dir/home/jaremekg/project/pico2/work/WIZnet-PICO-C/libraries/ioLibrary_Driver/Ethernet/socket.c.o
                0x200011a8                sock_pack_info
 .bss.sock_remained_size
                0x200011b0       0x10 scd30_meter/CMakeFiles/proj_scd30_meter.dir/home/jaremekg/project/pico2/work/WIZnet-PICO-C/libraries/ioLibrary_Driver/Ethernet/socket.c.o
 .bss.uart_char_to_line_feed
                0x200011c0        0x4 scd30_meter/CMakeFiles/proj_scd30_meter.dir/home/jaremekg/.pico-sdk/sdk/2.2.0/src/rp2_common/hardware_uart/uart.c.o
                0x200011c0                uart_char_to_line_feed
 .bss.uart_instance
                0x200011c4        0x4 scd30_meter/CMakeFiles/proj_scd30_meter.dir/home/jaremekg/.pico-sdk/sdk/2.2.0/src/rp2_common/pico_stdio_uart/stdio_uart.c.o
 .bss.g_msec_temp
                0x200011c8        0x2 scd30_meter/CMakeFiles/proj_scd30_meter.dir/main.c.o
                0x200011c8                g_msec_temp
 .bss.sock_io_mode
                0x200011ca        0x2 scd30_meter/CMakeFiles/proj_scd30_meter.dir/home/jaremekg/project/pico2/work/WIZnet-PICO-C/libraries/ioLibrary_Driver/Ethernet/socket.c.o
 .bss.sock_is_sending
                0x200011cc        0x2 scd30_meter/CMakeFiles/proj_scd30_meter.dir/home/jaremekg/project/pico2/work/WIZnet-PICO-C/libraries/ioLibrary_Driver/Ethernet/socket.c.o
 .bss._IPMODE_  0x200011ce        0x1 scd30_meter/CMakeFiles/proj_scd30_meter.dir/home/jaremekg/project/pico2/work/WIZnet-PICO-C/libraries/ioLibrary_Driver/Ethernet/wizchip_conf.c.o
 .bss.irq_handler_chain_free_slot_head
                0x200011cf        0x1 scd30_meter/CMakeFiles/proj_scd30_meter.dir/home/jaremekg/.pico-sdk/sdk/2.2.0/src/rp2_common/hardware_irq/irq.c.o
 .bss.loopback_mode
                0x200011d0        0x1 scd30_meter/CMakeFiles/proj_scd30_meter.dir/home/jaremekg/project/pico2/work/WIZnet-PICO-C/libraries/ioLibrary_Driver/Application/loopback/loopback.c.o
 *(COMMON)
                [!provide]                        PROVIDE (__global_pointer$ = (. + 0x800))
 *(.sbss*)
                0x200011d4                        . = ALIGN (0x4)
 *fill*         0x200011d1        0x3 
                0x200011d4                        __bss_end__ = .

.heap           0x200011d4      0x800 load address 0x1000629c
                0x200011d4                        __end__ = .
                0x200011d4                        end = __end__
 *(.heap*)
 .heap          0x200011d4      0x800 scd30_meter/CMakeFiles/proj_scd30_meter.dir/home/jaremekg/.pico-sdk/sdk/2.2.0/src/rp2_common/pico_crt0/crt0.S.o
                0x20080000                        __HeapLimit = (ORIGIN (RAM) + LENGTH (RAM))

.scratch_x      0x20080000        0x0 load address 0x1000629c
                0x20080000                        __scratch_x_start__ = .
 *(.scratch_x.*)
                0x20080000                        . = ALIGN (0x4)
                0x20080000                        __scratch_x_end__ = .
                0x1000629c                        __scratch_x_source__ = LOADADDR (.scratch_x)

.scratch_y      0x20081000        0x0 load address 0x1000629c
                0x20081000                        __scratch_y_start__ = .
 *(.scratch_y.*)
                0x20081000                        . = ALIGN (0x4)
                0x20081000                        __scratch_y_end__ = .
                0x1000629c                        __scratch_y_source__ = LOADADDR (.scratch_y)

.stack1_dummy
 *(.stack1*)

.stack_dummy    0x20081000      0x800
 *(.stack*)
 .stack         0x20081000      0x800 scd30_meter/CMakeFiles/proj_scd30_meter.dir/home/jaremekg/.pico-sdk/sdk/2.2.0/src/rp2_common/pico_crt0/crt0.S.o

.flash_end      0x1000629c       0x14
 *(.embedded_end_block*)
 .embedded_end_block
                0x1000629c       0x14 scd30_meter/CMakeFiles/proj_scd30_meter.dir/home/jaremekg/.pico-sdk/sdk/2.2.0/src/rp2_common/pico_crt0/crt0.S.o
                0x100062b0                        PROVIDE (__flash_binary_end = .)
                0x20080000                        __StackLimit = (ORIGIN (RAM) + LENGTH (RAM))
                0x20081000                        __StackOneTop = (ORIGIN (SCRATCH_X) + LENGTH (SCRATCH_X))
                0x20082000                        __StackTop = (ORIGIN (SCRATCH_Y) + LENGTH (SCRATCH_Y))
                0x20081000                        __StackOneBottom = (__StackOneTop - SIZEOF (.stack1_dummy))
                0x20081800                        __StackBottom = (__StackTop - SIZEOF (.stack_dummy))
                0x20082000                        PROVIDE (__stack = __StackTop)