Archive member included to satisfy reference by file (symbol)

/home/jaremekg/.pico-sdk/toolchain/14_2_Rel1/bin/../lib/gcc/arm-none-eabi/14.2.1/../../../../arm-none-eabi/lib/thumb/v8-m.main+fp/softfp/libm.a(libm_a-wf_sqrt.o)
                              stairs_ws2815/CMakeFiles/proj_stairs_ws2815.dir/home/jaremekg/.pico-sdk/sdk/2.2.0/src/rp2_common/pico_float/float_math.c.o (sqrtf)
/home/jaremekg/.pico-sdk/toolchain/14_2_Rel1/bin/../lib/gcc/arm-none-eabi/14.2.1/../../../../arm-none-eabi/lib/thumb/v8-m.main+fp/softfp/libm.a(libm_a-ef_sqrt.o)
                              /home/jaremekg/.pico-sdk/toolchain/14_2_Rel1/bin/../lib/gcc/arm-none-eabi/14.2.1/../../../../arm-none-eabi/lib/thumb/v8-m.main+fp/softfp/libm.a(libm_a-wf_sqrt.o) (__ieee754_sqrtf)
/home/jaremekg/.pico-sdk/toolchain/14_2_Rel1/bin/../lib/gcc/arm-none-eabi/14.2.1/thumb/v8-m.main+fp/softfp/libgcc.a(_arm_addsubdf3.o)
                              stairs_ws2815/CMakeFiles/proj_stairs_ws2815.dir/home/jaremekg/.pico-sdk/sdk/2.2.0/src/rp2_common/pico_float/float_math.c.o (__aeabi_f2d)
/home/jaremekg/.pico-sdk/toolchain/14_2_Rel1/bin/../lib/gcc/arm-none-eabi/14.2.1/thumb/v8-m.main+fp/softfp/libgcc.a(_aeabi_ldivmod.o)
                              stairs_ws2815/CMakeFiles/proj_stairs_ws2815.dir/home/jaremekg/.pico-sdk/sdk/2.2.0/src/common/pico_time/time.c.o (__aeabi_ldivmod)
/home/jaremekg/.pico-sdk/toolchain/14_2_Rel1/bin/../lib/gcc/arm-none-eabi/14.2.1/thumb/v8-m.main+fp/softfp/libgcc.a(_aeabi_uldivmod.o)
                              stairs_ws2815/CMakeFiles/proj_stairs_ws2815.dir/home/jaremekg/.pico-sdk/sdk/2.2.0/src/rp2_common/hardware_clocks/clocks.c.o (__aeabi_uldivmod)
/home/jaremekg/.pico-sdk/toolchain/14_2_Rel1/bin/../lib/gcc/arm-none-eabi/14.2.1/thumb/v8-m.main+fp/softfp/libgcc.a(_udivmoddi4.o)
                              /home/jaremekg/.pico-sdk/toolchain/14_2_Rel1/bin/../lib/gcc/arm-none-eabi/14.2.1/thumb/v8-m.main+fp/softfp/libgcc.a(_aeabi_ldivmod.o) (__udivmoddi4)
/home/jaremekg/.pico-sdk/toolchain/14_2_Rel1/bin/../lib/gcc/arm-none-eabi/14.2.1/thumb/v8-m.main+fp/softfp/libgcc.a(_dvmd_tls.o)
                              /home/jaremekg/.pico-sdk/toolchain/14_2_Rel1/bin/../lib/gcc/arm-none-eabi/14.2.1/thumb/v8-m.main+fp/softfp/libgcc.a(_aeabi_ldivmod.o) (__aeabi_ldiv0)
/home/jaremekg/.pico-sdk/toolchain/14_2_Rel1/bin/../lib/gcc/arm-none-eabi/14.2.1/../../../../arm-none-eabi/lib/thumb/v8-m.main+fp/softfp/libg.a(libc_a-calloc.o)
                              stairs_ws2815/CMakeFiles/proj_stairs_ws2815.dir/home/jaremekg/.pico-sdk/sdk/2.2.0/src/rp2_common/pico_malloc/malloc.c.o (calloc)
/home/jaremekg/.pico-sdk/toolchain/14_2_Rel1/bin/../lib/gcc/arm-none-eabi/14.2.1/../../../../arm-none-eabi/lib/thumb/v8-m.main+fp/softfp/libg.a(libc_a-callocr.o)
                              /home/jaremekg/.pico-sdk/toolchain/14_2_Rel1/bin/../lib/gcc/arm-none-eabi/14.2.1/../../../../arm-none-eabi/lib/thumb/v8-m.main+fp/softfp/libg.a(libc_a-calloc.o) (_calloc_r)
/home/jaremekg/.pico-sdk/toolchain/14_2_Rel1/bin/../lib/gcc/arm-none-eabi/14.2.1/../../../../arm-none-eabi/lib/thumb/v8-m.main+fp/softfp/libg.a(libc_a-malloc.o)
                              stairs_ws2815/CMakeFiles/proj_stairs_ws2815.dir/home/jaremekg/.pico-sdk/sdk/2.2.0/src/rp2_common/pico_malloc/malloc.c.o (malloc)
/home/jaremekg/.pico-sdk/toolchain/14_2_Rel1/bin/../lib/gcc/arm-none-eabi/14.2.1/../../../../arm-none-eabi/lib/thumb/v8-m.main+fp/softfp/libg.a(libc_a-mallocr.o)
                              /home/jaremekg/.pico-sdk/toolchain/14_2_Rel1/bin/../lib/gcc/arm-none-eabi/14.2.1/../../../../arm-none-eabi/lib/thumb/v8-m.main+fp/softfp/libg.a(libc_a-callocr.o) (_malloc_r)
/home/jaremekg/.pico-sdk/toolchain/14_2_Rel1/bin/../lib/gcc/arm-none-eabi/14.2.1/../../../../arm-none-eabi/lib/thumb/v8-m.main+fp/softfp/libg.a(libc_a-mlock.o)
                              /home/jaremekg/.pico-sdk/toolchain/14_2_Rel1/bin/../lib/gcc/arm-none-eabi/14.2.1/../../../../arm-none-eabi/lib/thumb/v8-m.main+fp/softfp/libg.a(libc_a-mallocr.o) (__malloc_lock)
/home/jaremekg/.pico-sdk/toolchain/14_2_Rel1/bin/../lib/gcc/arm-none-eabi/14.2.1/../../../../arm-none-eabi/lib/thumb/v8-m.main+fp/softfp/libg.a(libc_a-rand.o)
                              stairs_ws2815/CMakeFiles/proj_stairs_ws2815.dir/ws2815_control_dma_parallel.c.o (rand)
/home/jaremekg/.pico-sdk/toolchain/14_2_Rel1/bin/../lib/gcc/arm-none-eabi/14.2.1/../../../../arm-none-eabi/lib/thumb/v8-m.main+fp/softfp/libg.a(libc_a-realloc.o)
                              stairs_ws2815/CMakeFiles/proj_stairs_ws2815.dir/home/jaremekg/.pico-sdk/sdk/2.2.0/src/rp2_common/pico_malloc/malloc.c.o (realloc)
/home/jaremekg/.pico-sdk/toolchain/14_2_Rel1/bin/../lib/gcc/arm-none-eabi/14.2.1/../../../../arm-none-eabi/lib/thumb/v8-m.main+fp/softfp/libg.a(libc_a-reallocr.o)
                              /home/jaremekg/.pico-sdk/toolchain/14_2_Rel1/bin/../lib/gcc/arm-none-eabi/14.2.1/../../../../arm-none-eabi/lib/thumb/v8-m.main+fp/softfp/libg.a(libc_a-realloc.o) (_realloc_r)
[...]
Memory Configuration

Name             Origin             Length             Attributes
FLASH            0x10000000         0x00400000         xr
RAM              0x20000000         0x00080000         xrw
SCRATCH_X        0x20080000         0x00001000         xrw
SCRATCH_Y        0x20081000         0x00001000         xrw
*default*        0x00000000         0xffffffff

Linker script and memory map

LOAD /home/jaremekg/.pico-sdk/toolchain/14_2_Rel1/bin/../lib/gcc/arm-none-eabi/14.2.1/thumb/v8-m.main+fp/softfp/crti.o
LOAD /home/jaremekg/.pico-sdk/toolchain/14_2_Rel1/bin/../lib/gcc/arm-none-eabi/14.2.1/thumb/v8-m.main+fp/softfp/crtbegin.o
LOAD /home/jaremekg/.pico-sdk/toolchain/14_2_Rel1/bin/../lib/gcc/arm-none-eabi/14.2.1/../../../../arm-none-eabi/lib/thumb/v8-m.main+fp/softfp/crt0.o

.flash_begin    0x10000000        0x0
                0x10000000                        __flash_binary_start = .

.text           0x10000000    0x12388
                0x10000000                        __logical_binary_start = .
 *(.vectors)
 .vectors       0x10000000      0x124 stairs_ws2815/CMakeFiles/proj_stairs_ws2815.dir/home/jaremekg/.pico-sdk/sdk/2.2.0/src/rp2_common/pico_crt0/crt0.S.o
                0x10000000                __vectors
                0x10000000                __VECTOR_TABLE
                0x10000110                isr_securefault
                0x10000110                isr_irq30
                0x10000110                __unhandled_user_irq
                0x10000110                isr_irq49
                0x10000110                isr_irq13
                0x10000110                isr_irq43
                0x10000110                isr_irq45
                0x10000110                isr_irq27
                0x10000110                isr_irq32
                0x10000110                isr_irq31
                0x10000110                isr_irq5
                0x10000110                isr_irq11
                0x10000110                isr_irq23
                0x10000110                isr_usagefault
                0x10000110                isr_irq48
                0x10000110                isr_irq35
                0x10000110                isr_irq18
                0x10000110                isr_irq50
                0x10000110                isr_irq40
                0x10000110                isr_irq28
                0x10000110                isr_irq19
                0x10000110                isr_irq36
                0x10000110                isr_irq41
                0x10000110                isr_irq0
                0x10000110                isr_irq6
                0x10000110                isr_memmanage
                0x10000110                isr_irq37
                0x10000110                isr_irq42
                0x10000110                isr_irq22
                0x10000110                isr_irq17
                0x10000110                isr_irq38
                0x10000110                isr_irq14
                0x10000110                __vectors_end
                0x10000110                __default_isrs_start
                0x10000110                isr_irq2
                0x10000110                isr_irq10
                0x10000110                isr_irq8
                0x10000110                isr_debugmonitor
                0x10000110                isr_irq24
                0x10000110                isr_irq46
                0x10000110                isr_irq1
                0x10000110                isr_irq47
                0x10000110                isr_irq51
                0x10000110                isr_irq7
                0x10000110                isr_irq21
                0x10000110                isr_irq39
                0x10000110                isr_irq20
                0x10000110                isr_irq15
                0x10000110                isr_irq25
                0x10000110                isr_irq34
                0x10000110                isr_irq4
                0x10000110                isr_busfault
                0x10000110                isr_irq16
                0x10000110                isr_irq44
                0x10000110                isr_irq29
                0x10000110                isr_irq26
                0x10000110                isr_irq33
                0x10000110                isr_irq3
                0x10000110                isr_irq12
                0x10000110                isr_irq9
                0x10000116                unhandled_user_irq_num_in_r0
                0x10000118                isr_invalid
                0x1000011a                isr_nmi
                0x1000011c                isr_hardfault
                0x1000011e                isr_svcall
                0x10000120                isr_pendsv
                0x10000122                isr_systick
                0x10000124                __default_isrs_end
 *(.binary_info_header)
 .binary_info_header
                0x10000124       0x14 stairs_ws2815/CMakeFiles/proj_stairs_ws2815.dir/home/jaremekg/.pico-sdk/sdk/2.2.0/src/rp2_common/pico_crt0/crt0.S.o
                0x10000138                        __binary_info_header_end = .
 *(.embedded_block)
 .embedded_block
                0x10000138       0x14 stairs_ws2815/CMakeFiles/proj_stairs_ws2815.dir/home/jaremekg/.pico-sdk/sdk/2.2.0/src/rp2_common/pico_crt0/crt0.S.o
                0x1000014c                        __embedded_block_end = .
 *(.reset)
 .reset         0x1000014c       0x98 stairs_ws2815/CMakeFiles/proj_stairs_ws2815.dir/home/jaremekg/.pico-sdk/sdk/2.2.0/src/rp2_common/pico_crt0/crt0.S.o
                0x1000014c                _entry_point
 *(.init)
 .init          0x100001e4        0x4 /home/jaremekg/.pico-sdk/toolchain/14_2_Rel1/bin/../lib/gcc/arm-none-eabi/14.2.1/thumb/v8-m.main+fp/softfp/crti.o
                0x100001e4                _init
 *libgcc.a:cmse_nonsecure_call.o()
 *(EXCLUDE_FILE(*libm.a: *libc.a:*lib_a-mem*.o *libgcc.a:) .text*)
 .text.register_tm_clones
                0x100001e8       0x28 /home/jaremekg/.pico-sdk/toolchain/14_2_Rel1/bin/../lib/gcc/arm-none-eabi/14.2.1/thumb/v8-m.main+fp/softfp/crtbegin.o
 .text.frame_dummy
                0x10000210       0x24 /home/jaremekg/.pico-sdk/toolchain/14_2_Rel1/bin/../lib/gcc/arm-none-eabi/14.2.1/thumb/v8-m.main+fp/softfp/crtbegin.o
 .text.timer_callback
                0x10000234       0x10 stairs_ws2815/CMakeFiles/proj_stairs_ws2815.dir/main.c.o
                0x10000234                timer_callback
 .text.add_repeating_timer_ms
                0x10000244       0x52 stairs_ws2815/CMakeFiles/proj_stairs_ws2815.dir/main.c.o
 *fill*         0x10000296        0x2 
 .text.run_periodically_ws2815_tasks
                0x10000298       0x48 stairs_ws2815/CMakeFiles/proj_stairs_ws2815.dir/main.c.o
                0x10000298                run_periodically_ws2815_tasks
 .text.main     0x100002e0       0x9c stairs_ws2815/CMakeFiles/proj_stairs_ws2815.dir/main.c.o
                0x100002e0                main
 .text.sm_config_set_clkdiv
                0x1000037c       0x5c stairs_ws2815/CMakeFiles/proj_stairs_ws2815.dir/ws2815_control_dma_parallel.c.o
 .text.pio_get_default_sm_config
                0x100003d8       0x24 stairs_ws2815/CMakeFiles/proj_stairs_ws2815.dir/ws2815_control_dma_parallel.c.o
 .text.ws2815_parallel_program_get_default_config
                0x100003fc       0x20 stairs_ws2815/CMakeFiles/proj_stairs_ws2815.dir/ws2815_control_dma_parallel.c.o
 .text.reset_delay_complete
                0x1000041c       0x1c stairs_ws2815/CMakeFiles/proj_stairs_ws2815.dir/ws2815_control_dma_parallel.c.o
                0x1000041c                reset_delay_complete
 .text.cancel_alarm
                0x10000438       0x10 stairs_ws2815/CMakeFiles/proj_stairs_ws2815.dir/ws2815_control_dma_parallel.c.o
 .text.alarm_pool_add_alarm_in_us
                0x10000448       0x3a stairs_ws2815/CMakeFiles/proj_stairs_ws2815.dir/ws2815_control_dma_parallel.c.o
 .text.add_alarm_in_us
                0x10000482       0x26 stairs_ws2815/CMakeFiles/proj_stairs_ws2815.dir/ws2815_control_dma_parallel.c.o
 .text.dma_complete_handler
                0x100004a8       0x50 stairs_ws2815/CMakeFiles/proj_stairs_ws2815.dir/ws2815_control_dma_parallel.c.o
                0x100004a8                dma_complete_handler
 .text.channel_config_set_dreq
                0x100004f8       0x30 stairs_ws2815/CMakeFiles/proj_stairs_ws2815.dir/ws2815_control_dma_parallel.c.o
 .text.channel_config_set_chain_to
                0x10000528       0x30 stairs_ws2815/CMakeFiles/proj_stairs_ws2815.dir/ws2815_control_dma_parallel.c.o
 .text.dma_channel_get_default_config
                0x10000558       0x78 stairs_ws2815/CMakeFiles/proj_stairs_ws2815.dir/ws2815_control_dma_parallel.c.o
 .text.ws2815_parallel_program_init
                0x100005d0       0xd0 stairs_ws2815/CMakeFiles/proj_stairs_ws2815.dir/ws2815_control_dma_parallel.c.o
 .text.dma_init
                0x100006a0       0x90 stairs_ws2815/CMakeFiles/proj_stairs_ws2815.dir/ws2815_control_dma_parallel.c.o
                0x100006a0                dma_init
 .text.output_strips_dma
                0x10000730       0x30 stairs_ws2815/CMakeFiles/proj_stairs_ws2815.dir/ws2815_control_dma_parallel.c.o
                0x10000730                output_strips_dma
 .text.transform_framebuf
                0x10000760      0x11a stairs_ws2815/CMakeFiles/proj_stairs_ws2815.dir/ws2815_control_dma_parallel.c.o
                0x10000760                transform_framebuf
 *fill*         0x1000087a        0x2 
 .text.ws2815_init
                0x1000087c       0x8c stairs_ws2815/CMakeFiles/proj_stairs_ws2815.dir/ws2815_control_dma_parallel.c.o
                0x1000087c                ws2815_init
 .text.set_pattern_index
                0x10000908       0x24 stairs_ws2815/CMakeFiles/proj_stairs_ws2815.dir/ws2815_control_dma_parallel.c.o
                0x10000908                set_pattern_index
 .text.get_pattern_index
                0x1000092c        0xc stairs_ws2815/CMakeFiles/proj_stairs_ws2815.dir/ws2815_control_dma_parallel.c.o
                0x1000092c                get_pattern_index
 .text.ws2815_pattern_loop
                0x10000938      0x10c stairs_ws2815/CMakeFiles/proj_stairs_ws2815.dir/ws2815_control_dma_parallel.c.o
                0x10000938                ws2815_pattern_loop
 .text.ws2815_loop
                0x10000a44       0x4c stairs_ws2815/CMakeFiles/proj_stairs_ws2815.dir/ws2815_control_dma_parallel.c.o
                0x10000a44                ws2815_loop
 .text.ws2815_show
                0x10000a90       0x54 stairs_ws2815/CMakeFiles/proj_stairs_ws2815.dir/ws2815_control_dma_parallel.c.o
                0x10000a90                ws2815_show
 .text.ddp_copy_payload
                0x10000ae4       0x28 stairs_ws2815/CMakeFiles/proj_stairs_ws2815.dir/network.c.o
 .text.wiznet_gpio_irq_handler
                0x10000b0c      0x168 stairs_ws2815/CMakeFiles/proj_stairs_ws2815.dir/network.c.o
                0x10000b0c                wiznet_gpio_irq_handler
 .text.process_ddp_packet
                0x10000c74       0x50 stairs_ws2815/CMakeFiles/proj_stairs_ws2815.dir/network.c.o
 .text.init_net_info
                0x10000cc4      0x15c stairs_ws2815/CMakeFiles/proj_stairs_ws2815.dir/network.c.o
                0x10000cc4                init_net_info
 .text.tcp_cli_service
                0x10000e20      0x1dc stairs_ws2815/CMakeFiles/proj_stairs_ws2815.dir/network.c.o
                0x10000e20                tcp_cli_service
 .text.udp_interrupts_enable
                0x10000ffc       0x2c stairs_ws2815/CMakeFiles/proj_stairs_ws2815.dir/network.c.o
                0x10000ffc                udp_interrupts_enable
 .text.wiznet_gpio_irq_init
                0x10001028       0x2c stairs_ws2815/CMakeFiles/proj_stairs_ws2815.dir/network.c.o
                0x10001028                wiznet_gpio_irq_init
 .text.udp_socket_init
                0x10001054       0x5c stairs_ws2815/CMakeFiles/proj_stairs_ws2815.dir/network.c.o
                0x10001054                udp_socket_init
 .text.process_udp_ring
                0x100010b0       0x88 stairs_ws2815/CMakeFiles/proj_stairs_ws2815.dir/network.c.o
                0x100010b0                process_udp_ring
 .text.ddp_loop
                0x10001138      0x17c stairs_ws2815/CMakeFiles/proj_stairs_ws2815.dir/network.c.o
                0x10001138                ddp_loop
 .text.wizchip_select
                0x100012b4        0xc stairs_ws2815/CMakeFiles/proj_stairs_ws2815.dir/wizchip_custom.c.o
 .text.wizchip_deselect
                0x100012c0        0xc stairs_ws2815/CMakeFiles/proj_stairs_ws2815.dir/wizchip_custom.c.o
 .text.wizchip_write_buf
                0x100012cc       0x14 stairs_ws2815/CMakeFiles/proj_stairs_ws2815.dir/wizchip_custom.c.o
 .text.wizchip_write
                0x100012e0       0x20 stairs_ws2815/CMakeFiles/proj_stairs_ws2815.dir/wizchip_custom.c.o
 .text.wizchip_read_buf
                0x10001300       0x14 stairs_ws2815/CMakeFiles/proj_stairs_ws2815.dir/wizchip_custom.c.o
 .text.wizchip_read
                0x10001314       0x28 stairs_ws2815/CMakeFiles/proj_stairs_ws2815.dir/wizchip_custom.c.o
 .text.w6100_read_phy_status
                0x1000133c       0x4c stairs_ws2815/CMakeFiles/proj_stairs_ws2815.dir/wizchip_custom.c.o
                0x1000133c                w6100_read_phy_status
 .text.wizchip_init_nonblocking
                0x10001388       0xa0 stairs_ws2815/CMakeFiles/proj_stairs_ws2815.dir/wizchip_custom.c.o
                0x10001388                wizchip_init_nonblocking
 .text.put_pixel
                0x10001428       0x28 stairs_ws2815/CMakeFiles/proj_stairs_ws2815.dir/led_pattern.c.o
 .text.percent_to_u8
                0x10001450       0x58 stairs_ws2815/CMakeFiles/proj_stairs_ws2815.dir/led_pattern.c.o
 .text.percept_to_u8
                0x100014a8       0x58 stairs_ws2815/CMakeFiles/proj_stairs_ws2815.dir/led_pattern.c.o
 .text.init_start_strips
                0x10001500      0x11c stairs_ws2815/CMakeFiles/proj_stairs_ws2815.dir/led_pattern.c.o
                0x10001500                init_start_strips
 .text.pattern_snakes
                0x1000161c       0x8c stairs_ws2815/CMakeFiles/proj_stairs_ws2815.dir/led_pattern.c.o
                0x1000161c                pattern_snakes
 .text.pattern_random
                0x100016a8       0xa0 stairs_ws2815/CMakeFiles/proj_stairs_ws2815.dir/led_pattern.c.o
                0x100016a8                pattern_random
 .text.pattern_sparkle
                0x10001748       0x80 stairs_ws2815/CMakeFiles/proj_stairs_ws2815.dir/led_pattern.c.o
                0x10001748                pattern_sparkle
 .text.pattern_drop1
                0x100017c8       0xac stairs_ws2815/CMakeFiles/proj_stairs_ws2815.dir/led_pattern.c.o
                0x100017c8                pattern_drop1
 .text.pattern_solid
                0x10001874       0xb4 stairs_ws2815/CMakeFiles/proj_stairs_ws2815.dir/led_pattern.c.o
                0x10001874                pattern_solid
 .text.pattern_jaremek
                0x10001928       0x9c stairs_ws2815/CMakeFiles/proj_stairs_ws2815.dir/led_pattern.c.o
                0x10001928                pattern_jaremek
 .text.telnet_send
                0x100019c4       0x28 stairs_ws2815/CMakeFiles/proj_stairs_ws2815.dir/telnet.c.o
                0x100019c4                telnet_send
 .text.telnet_greeting
                0x100019ec       0x34 stairs_ws2815/CMakeFiles/proj_stairs_ws2815.dir/telnet.c.o
                0x100019ec                telnet_greeting
 .text.handle_command
                0x10001a20      0x214 stairs_ws2815/CMakeFiles/proj_stairs_ws2815.dir/telnet.c.o
                0x10001a20                handle_command
 .text.rom_get_partition_table_info
                0x10001c34       0x5c stairs_ws2815/CMakeFiles/proj_stairs_ws2815.dir/partition.c.o
 .text.rom_load_partition_table
                0x10001c90       0x5c stairs_ws2815/CMakeFiles/proj_stairs_ws2815.dir/partition.c.o
 .text.rom_get_b_partition
                0x10001cec       0x30 stairs_ws2815/CMakeFiles/proj_stairs_ws2815.dir/partition.c.o
 .text.rom_get_sys_info
                0x10001d1c       0x38 stairs_ws2815/CMakeFiles/proj_stairs_ws2815.dir/partition.c.o
 .text.get_corresponding_partition_id
                0x10001d54       0x10 stairs_ws2815/CMakeFiles/proj_stairs_ws2815.dir/partition.c.o
 .text.ensure_partition_table_loaded
                0x10001d64       0x1a stairs_ws2815/CMakeFiles/proj_stairs_ws2815.dir/partition.c.o
 .text.get_single_partition_info
                0x10001d7e       0x5a stairs_ws2815/CMakeFiles/proj_stairs_ws2815.dir/partition.c.o
 .text.rom_get_boot_info
                0x10001dd8       0x38 stairs_ws2815/CMakeFiles/proj_stairs_ws2815.dir/partition.c.o
 .text._add     0x10001e10       0x40 stairs_ws2815/CMakeFiles/proj_stairs_ws2815.dir/partition.c.o
 .text._add_default_families
                0x10001e50       0x80 stairs_ws2815/CMakeFiles/proj_stairs_ws2815.dir/partition.c.o
 .text.show_current_partition
                0x10001ed0       0x20 stairs_ws2815/CMakeFiles/proj_stairs_ws2815.dir/partition.c.o
                0x10001ed0                show_current_partition
 .text.get_alt_part_addr
                0x10001ef0       0x1c stairs_ws2815/CMakeFiles/proj_stairs_ws2815.dir/partition.c.o
                0x10001ef0                get_alt_part_addr
 .text.uf2_family_ids_new
                0x10001f0c       0x1c stairs_ws2815/CMakeFiles/proj_stairs_ws2815.dir/partition.c.o
                0x10001f0c                uf2_family_ids_new
 .text.uf2_family_ids_join
                0x10001f28       0x80 stairs_ws2815/CMakeFiles/proj_stairs_ws2815.dir/partition.c.o
                0x10001f28                uf2_family_ids_join
 .text.uf2_family_ids_free
                0x10001fa8       0x28 stairs_ws2815/CMakeFiles/proj_stairs_ws2815.dir/partition.c.o
                0x10001fa8                uf2_family_ids_free
 .text.uf2_family_ids_add_extra_family_id
                0x10001fd0       0x38 stairs_ws2815/CMakeFiles/proj_stairs_ws2815.dir/partition.c.o
                0x10001fd0                uf2_family_ids_add_extra_family_id
 .text.read_partition_table
                0x10002008       0x7c stairs_ws2815/CMakeFiles/proj_stairs_ws2815.dir/partition.c.o
                0x10002008                read_partition_table
 .text.read_next_partition
                0x10002084      0x118 stairs_ws2815/CMakeFiles/proj_stairs_ws2815.dir/partition.c.o
                0x10002084                read_next_partition
 .text.partition_info
                0x1000219c      0x240 stairs_ws2815/CMakeFiles/proj_stairs_ws2815.dir/partition.c.o
                0x1000219c                partition_info
 .text.rom_reboot
                0x100023dc       0x40 stairs_ws2815/CMakeFiles/proj_stairs_ws2815.dir/efu_update.c.o
 .text.rom_get_sys_info
                0x1000241c       0x38 stairs_ws2815/CMakeFiles/proj_stairs_ws2815.dir/efu_update.c.o
 .text.rom_get_boot_info
                0x10002454       0x38 stairs_ws2815/CMakeFiles/proj_stairs_ws2815.dir/efu_update.c.o
 .text.efu_server_init
                0x1000248c       0x74 stairs_ws2815/CMakeFiles/proj_stairs_ws2815.dir/efu_update.c.o
                0x1000248c                efu_server_init
 .text.efu_server_poll
                0x10002500      0x468 stairs_ws2815/CMakeFiles/proj_stairs_ws2815.dir/efu_update.c.o
                0x10002500                efu_server_poll
 .text.crc32_step
                0x10002968       0x3c stairs_ws2815/CMakeFiles/proj_stairs_ws2815.dir/utility.c.o
                0x10002968                crc32_step
 .text.msg_printf
                0x100029a4       0x54 stairs_ws2815/CMakeFiles/proj_stairs_ws2815.dir/utility.c.o
                0x100029a4                msg_printf
 .text.gpio_default_irq_handler
                0x100029f8       0x8c stairs_ws2815/CMakeFiles/proj_stairs_ws2815.dir/home/jaremekg/.pico-sdk/sdk/2.2.0/src/rp2_common/hardware_gpio/gpio.c.o
 .text._gpio_set_irq_enabled
                0x10002a84       0x38 stairs_ws2815/CMakeFiles/proj_stairs_ws2815.dir/home/jaremekg/.pico-sdk/sdk/2.2.0/src/rp2_common/hardware_gpio/gpio.c.o
 .text.gpio_set_function
                0x10002abc       0x38 stairs_ws2815/CMakeFiles/proj_stairs_ws2815.dir/home/jaremekg/.pico-sdk/sdk/2.2.0/src/rp2_common/hardware_gpio/gpio.c.o
                0x10002abc                gpio_set_function
 .text.gpio_set_pulls
                0x10002af4       0x38 stairs_ws2815/CMakeFiles/proj_stairs_ws2815.dir/home/jaremekg/.pico-sdk/sdk/2.2.0/src/rp2_common/hardware_gpio/gpio.c.o
                0x10002af4                gpio_set_pulls
 .text.gpio_set_irq_enabled
                0x10002b2c       0x50 stairs_ws2815/CMakeFiles/proj_stairs_ws2815.dir/home/jaremekg/.pico-sdk/sdk/2.2.0/src/rp2_common/hardware_gpio/gpio.c.o
                0x10002b2c                gpio_set_irq_enabled
 .text.gpio_set_irq_callback
                0x10002b7c       0x44 stairs_ws2815/CMakeFiles/proj_stairs_ws2815.dir/home/jaremekg/.pico-sdk/sdk/2.2.0/src/rp2_common/hardware_gpio/gpio.c.o
                0x10002b7c                gpio_set_irq_callback
 .text.gpio_set_irq_enabled_with_callback
                0x10002bc0       0x32 stairs_ws2815/CMakeFiles/proj_stairs_ws2815.dir/home/jaremekg/.pico-sdk/sdk/2.2.0/src/rp2_common/hardware_gpio/gpio.c.o
                0x10002bc0                gpio_set_irq_enabled_with_callback
 .text.gpio_init
                0x10002bf2       0x16 stairs_ws2815/CMakeFiles/proj_stairs_ws2815.dir/home/jaremekg/.pico-sdk/sdk/2.2.0/src/rp2_common/hardware_gpio/gpio.c.o
                0x10002bf2                gpio_init
 .text.panic    0x10002c08       0x30 stairs_ws2815/CMakeFiles/proj_stairs_ws2815.dir/home/jaremekg/.pico-sdk/sdk/2.2.0/src/rp2_common/pico_platform_panic/panic.c.o
                0x10002c08                panic
 .text.hw_claim_lock
                0x10002c38       0x24 stairs_ws2815/CMakeFiles/proj_stairs_ws2815.dir/home/jaremekg/.pico-sdk/sdk/2.2.0/src/common/hardware_claim/claim.c.o
                0x10002c38                hw_claim_lock
 .text.hw_claim_unlock
                0x10002c5c       0x14 stairs_ws2815/CMakeFiles/proj_stairs_ws2815.dir/home/jaremekg/.pico-sdk/sdk/2.2.0/src/common/hardware_claim/claim.c.o
                0x10002c5c                hw_claim_unlock
 .text.hw_claim_or_assert
                0x10002c70       0x32 stairs_ws2815/CMakeFiles/proj_stairs_ws2815.dir/home/jaremekg/.pico-sdk/sdk/2.2.0/src/common/hardware_claim/claim.c.o
                0x10002c70                hw_claim_or_assert
 .text.hw_claim_unused_from_range
                0x10002ca2       0x4e stairs_ws2815/CMakeFiles/proj_stairs_ws2815.dir/home/jaremekg/.pico-sdk/sdk/2.2.0/src/common/hardware_claim/claim.c.o
                0x10002ca2                hw_claim_unused_from_range
 .text.hw_claim_clear
                0x10002cf0       0x40 stairs_ws2815/CMakeFiles/proj_stairs_ws2815.dir/home/jaremekg/.pico-sdk/sdk/2.2.0/src/common/hardware_claim/claim.c.o
                0x10002cf0                hw_claim_clear
 .text.next_striped_spin_lock_num
                0x10002d30       0x1c stairs_ws2815/CMakeFiles/proj_stairs_ws2815.dir/home/jaremekg/.pico-sdk/sdk/2.2.0/src/rp2_common/hardware_sync/sync.c.o
                0x10002d30                next_striped_spin_lock_num
 .text.spin_lock_claim_unused
                0x10002d4c       0x24 stairs_ws2815/CMakeFiles/proj_stairs_ws2815.dir/home/jaremekg/.pico-sdk/sdk/2.2.0/src/rp2_common/hardware_sync/sync.c.o
                0x10002d4c                spin_lock_claim_unused
 .text.spinlock_set_extexclall
                0x10002d70        0xe stairs_ws2815/CMakeFiles/proj_stairs_ws2815.dir/home/jaremekg/.pico-sdk/sdk/2.2.0/src/rp2_common/hardware_sync_spin_lock/sync_spin_lock.c.o
 *fill*         0x10002d7e        0x2 
 .text.spin_locks_reset
                0x10002d80       0x1c stairs_ws2815/CMakeFiles/proj_stairs_ws2815.dir/home/jaremekg/.pico-sdk/sdk/2.2.0/src/rp2_common/hardware_sync_spin_lock/sync_spin_lock.c.o
                0x10002d80                spin_locks_reset
 .text.set_raw_irq_handler_and_unlock
                0x10002d9c       0x24 stairs_ws2815/CMakeFiles/proj_stairs_ws2815.dir/home/jaremekg/.pico-sdk/sdk/2.2.0/src/rp2_common/hardware_irq/irq.c.o
 .text.nvic_ipr0
                0x10002dc0        0x8 stairs_ws2815/CMakeFiles/proj_stairs_ws2815.dir/home/jaremekg/.pico-sdk/sdk/2.2.0/src/rp2_common/hardware_irq/irq.c.o
 .text.runtime_init_per_core_irq_priorities
                0x10002dc8       0x1c stairs_ws2815/CMakeFiles/proj_stairs_ws2815.dir/home/jaremekg/.pico-sdk/sdk/2.2.0/src/rp2_common/hardware_irq/irq.c.o
                0x10002dc8                runtime_init_per_core_irq_priorities
 .text.resolve_j_16
                0x10002de4       0x40 stairs_ws2815/CMakeFiles/proj_stairs_ws2815.dir/home/jaremekg/.pico-sdk/sdk/2.2.0/src/rp2_common/hardware_irq/irq.c.o
 .text.make_j_16
                0x10002e24       0x3c stairs_ws2815/CMakeFiles/proj_stairs_ws2815.dir/home/jaremekg/.pico-sdk/sdk/2.2.0/src/rp2_common/hardware_irq/irq.c.o
 .text.insert_bl_32
                0x10002e60       0x3c stairs_ws2815/CMakeFiles/proj_stairs_ws2815.dir/home/jaremekg/.pico-sdk/sdk/2.2.0/src/rp2_common/hardware_irq/irq.c.o
 .text.irq_is_enabled
                0x10002e9c       0x20 stairs_ws2815/CMakeFiles/proj_stairs_ws2815.dir/home/jaremekg/.pico-sdk/sdk/2.2.0/src/rp2_common/hardware_irq/irq.c.o
                0x10002e9c                irq_is_enabled
 .text.irq_set_mask_n_enabled
                0x10002ebc       0x20 stairs_ws2815/CMakeFiles/proj_stairs_ws2815.dir/home/jaremekg/.pico-sdk/sdk/2.2.0/src/rp2_common/hardware_irq/irq.c.o
                0x10002ebc                irq_set_mask_n_enabled
 .text.irq_set_enabled
                0x10002edc       0x14 stairs_ws2815/CMakeFiles/proj_stairs_ws2815.dir/home/jaremekg/.pico-sdk/sdk/2.2.0/src/rp2_common/hardware_irq/irq.c.o
                0x10002edc                irq_set_enabled
 .text.irq_set_pending
                0x10002ef0       0x18 stairs_ws2815/CMakeFiles/proj_stairs_ws2815.dir/home/jaremekg/.pico-sdk/sdk/2.2.0/src/rp2_common/hardware_irq/irq.c.o
                0x10002ef0                irq_set_pending
 .text.irq_get_vtable_handler
                0x10002f08       0x10 stairs_ws2815/CMakeFiles/proj_stairs_ws2815.dir/home/jaremekg/.pico-sdk/sdk/2.2.0/src/rp2_common/hardware_irq/irq.c.o
                0x10002f08                irq_get_vtable_handler
 .text.irq_has_shared_handler
                0x10002f18       0x18 stairs_ws2815/CMakeFiles/proj_stairs_ws2815.dir/home/jaremekg/.pico-sdk/sdk/2.2.0/src/rp2_common/hardware_irq/irq.c.o
                0x10002f18                irq_has_shared_handler
 .text.irq_has_handler
                0x10002f30       0x20 stairs_ws2815/CMakeFiles/proj_stairs_ws2815.dir/home/jaremekg/.pico-sdk/sdk/2.2.0/src/rp2_common/hardware_irq/irq.c.o
                0x10002f30                irq_has_handler
 .text.irq_set_exclusive_handler
                0x10002f50       0x60 stairs_ws2815/CMakeFiles/proj_stairs_ws2815.dir/home/jaremekg/.pico-sdk/sdk/2.2.0/src/rp2_common/hardware_irq/irq.c.o
                0x10002f50                irq_set_exclusive_handler
 .text.irq_add_shared_handler
                0x10002fb0      0x234 stairs_ws2815/CMakeFiles/proj_stairs_ws2815.dir/home/jaremekg/.pico-sdk/sdk/2.2.0/src/rp2_common/hardware_irq/irq.c.o
                0x10002fb0                irq_add_shared_handler
 .text.irq_remove_handler
                0x100031e4      0x178 stairs_ws2815/CMakeFiles/proj_stairs_ws2815.dir/home/jaremekg/.pico-sdk/sdk/2.2.0/src/rp2_common/hardware_irq/irq.c.o
                0x100031e4                irq_remove_handler
 .text.irq_add_tail_to_free_list
                0x1000335c       0xf8 stairs_ws2815/CMakeFiles/proj_stairs_ws2815.dir/home/jaremekg/.pico-sdk/sdk/2.2.0/src/rp2_common/hardware_irq/irq.c.o
                0x1000335c                irq_add_tail_to_free_list
 .text.user_irq_claim_unused
                0x10003454       0x2c stairs_ws2815/CMakeFiles/proj_stairs_ws2815.dir/home/jaremekg/.pico-sdk/sdk/2.2.0/src/rp2_common/hardware_irq/irq.c.o
                0x10003454                user_irq_claim_unused
 .text.sem_init
                0x10003480       0x1e stairs_ws2815/CMakeFiles/proj_stairs_ws2815.dir/home/jaremekg/.pico-sdk/sdk/2.2.0/src/common/pico_sync/sem.c.o
                0x10003480                sem_init
 *fill*         0x1000349e        0x2 
 .text.lock_init
                0x100034a0        0xc stairs_ws2815/CMakeFiles/proj_stairs_ws2815.dir/home/jaremekg/.pico-sdk/sdk/2.2.0/src/common/pico_sync/lock_core.c.o
                0x100034a0                lock_init
 .text.mutex_init
                0x100034ac       0x1a stairs_ws2815/CMakeFiles/proj_stairs_ws2815.dir/home/jaremekg/.pico-sdk/sdk/2.2.0/src/common/pico_sync/mutex.c.o
                0x100034ac                mutex_init
 .text.recursive_mutex_init
                0x100034c6       0x1e stairs_ws2815/CMakeFiles/proj_stairs_ws2815.dir/home/jaremekg/.pico-sdk/sdk/2.2.0/src/common/pico_sync/mutex.c.o
                0x100034c6                recursive_mutex_init
 .text.runtime_init_mutex
                0x100034e4       0x4c stairs_ws2815/CMakeFiles/proj_stairs_ws2815.dir/home/jaremekg/.pico-sdk/sdk/2.2.0/src/common/pico_sync/mutex.c.o
                0x100034e4                runtime_init_mutex
 .text.critical_section_init_with_lock_num
                0x10003530       0x10 stairs_ws2815/CMakeFiles/proj_stairs_ws2815.dir/home/jaremekg/.pico-sdk/sdk/2.2.0/src/common/pico_sync/critical_section.c.o
                0x10003530                critical_section_init_with_lock_num
 .text.critical_section_init
                0x10003540       0x14 stairs_ws2815/CMakeFiles/proj_stairs_ws2815.dir/home/jaremekg/.pico-sdk/sdk/2.2.0/src/common/pico_sync/critical_section.c.o
                0x10003540                critical_section_init
 .text.ta_from_current_irq
                0x10003554       0x24 stairs_ws2815/CMakeFiles/proj_stairs_ws2815.dir/home/jaremekg/.pico-sdk/sdk/2.2.0/src/common/pico_time/time.c.o
 .text.ta_set_timeout
                0x10003578       0x2a stairs_ws2815/CMakeFiles/proj_stairs_ws2815.dir/home/jaremekg/.pico-sdk/sdk/2.2.0/src/common/pico_time/time.c.o
 .text.make_alarm_id
                0x100035a2        0x6 stairs_ws2815/CMakeFiles/proj_stairs_ws2815.dir/home/jaremekg/.pico-sdk/sdk/2.2.0/src/common/pico_time/time.c.o
 .text.sleep_until_callback
                0x100035a8       0x3c stairs_ws2815/CMakeFiles/proj_stairs_ws2815.dir/home/jaremekg/.pico-sdk/sdk/2.2.0/src/common/pico_time/time.c.o
 .text.alarm_pool_irq_handler
                0x100035e4      0x2ec stairs_ws2815/CMakeFiles/proj_stairs_ws2815.dir/home/jaremekg/.pico-sdk/sdk/2.2.0/src/common/pico_time/time.c.o
 .text.ta_enable_irq_handler
                0x100038d0       0x38 stairs_ws2815/CMakeFiles/proj_stairs_ws2815.dir/home/jaremekg/.pico-sdk/sdk/2.2.0/src/common/pico_time/time.c.o
 .text.alarm_pool_post_alloc_init
                0x10003908       0x7c stairs_ws2815/CMakeFiles/proj_stairs_ws2815.dir/home/jaremekg/.pico-sdk/sdk/2.2.0/src/common/pico_time/time.c.o
 .text.alarm_pool_get_default
                0x10003984       0x28 stairs_ws2815/CMakeFiles/proj_stairs_ws2815.dir/home/jaremekg/.pico-sdk/sdk/2.2.0/src/common/pico_time/time.c.o
                0x10003984                alarm_pool_get_default
 .text.alarm_pool_add_alarm_at_force_in_context
                0x100039ac       0xc0 stairs_ws2815/CMakeFiles/proj_stairs_ws2815.dir/home/jaremekg/.pico-sdk/sdk/2.2.0/src/common/pico_time/time.c.o
                0x100039ac                alarm_pool_add_alarm_at_force_in_context
 .text.alarm_pool_add_alarm_at
                0x10003a6c       0x38 stairs_ws2815/CMakeFiles/proj_stairs_ws2815.dir/home/jaremekg/.pico-sdk/sdk/2.2.0/src/common/pico_time/time.c.o
                0x10003a6c                alarm_pool_add_alarm_at
 .text.add_alarm_at
                0x10003aa4       0x26 stairs_ws2815/CMakeFiles/proj_stairs_ws2815.dir/home/jaremekg/.pico-sdk/sdk/2.2.0/src/common/pico_time/time.c.o
 .text.alarm_pool_cancel_alarm
                0x10003aca       0x72 stairs_ws2815/CMakeFiles/proj_stairs_ws2815.dir/home/jaremekg/.pico-sdk/sdk/2.2.0/src/common/pico_time/time.c.o
                0x10003aca                alarm_pool_cancel_alarm
 .text.cancel_alarm
                0x10003b3c       0x10 stairs_ws2815/CMakeFiles/proj_stairs_ws2815.dir/home/jaremekg/.pico-sdk/sdk/2.2.0/src/common/pico_time/time.c.o
 .text.alarm_pool_core_num
                0x10003b4c        0x4 stairs_ws2815/CMakeFiles/proj_stairs_ws2815.dir/home/jaremekg/.pico-sdk/sdk/2.2.0/src/common/pico_time/time.c.o
                0x10003b4c                alarm_pool_core_num
 .text.sleep_until
                0x10003b50       0xb4 stairs_ws2815/CMakeFiles/proj_stairs_ws2815.dir/home/jaremekg/.pico-sdk/sdk/2.2.0/src/common/pico_time/time.c.o
                0x10003b50                sleep_until
 .text.sleep_us
                0x10003c04       0x24 stairs_ws2815/CMakeFiles/proj_stairs_ws2815.dir/home/jaremekg/.pico-sdk/sdk/2.2.0/src/common/pico_time/time.c.o
                0x10003c04                sleep_us
 .text.sleep_ms
                0x10003c28       0x28 stairs_ws2815/CMakeFiles/proj_stairs_ws2815.dir/home/jaremekg/.pico-sdk/sdk/2.2.0/src/common/pico_time/time.c.o
                0x10003c28                sleep_ms
 .text.best_effort_wfe_or_timeout
                0x10003c50       0xfc stairs_ws2815/CMakeFiles/proj_stairs_ws2815.dir/home/jaremekg/.pico-sdk/sdk/2.2.0/src/common/pico_time/time.c.o
                0x10003c50                best_effort_wfe_or_timeout
 .text.alarm_pool_add_repeating_timer_us
                0x10003d4c       0x6c stairs_ws2815/CMakeFiles/proj_stairs_ws2815.dir/home/jaremekg/.pico-sdk/sdk/2.2.0/src/common/pico_time/time.c.o
                0x10003d4c                alarm_pool_add_repeating_timer_us
 .text.alarm_pool_get_default_timer
                0x10003db8        0x8 stairs_ws2815/CMakeFiles/proj_stairs_ws2815.dir/home/jaremekg/.pico-sdk/sdk/2.2.0/src/common/pico_time/time.c.o
                0x10003db8                alarm_pool_get_default_timer
 .text.runtime_init_default_alarm_pool
                0x10003dc0       0x34 stairs_ws2815/CMakeFiles/proj_stairs_ws2815.dir/home/jaremekg/.pico-sdk/sdk/2.2.0/src/common/pico_time/time.c.o
                0x10003dc0                runtime_init_default_alarm_pool
 .text.timer_hardware_alarm_claim
                0x10003df4       0x24 stairs_ws2815/CMakeFiles/proj_stairs_ws2815.dir/home/jaremekg/.pico-sdk/sdk/2.2.0/src/rp2_common/hardware_timer/timer.c.o
                0x10003df4                timer_hardware_alarm_claim
 .text.timer_time_us_64
                0x10003e18       0x10 stairs_ws2815/CMakeFiles/proj_stairs_ws2815.dir/home/jaremekg/.pico-sdk/sdk/2.2.0/src/rp2_common/hardware_timer/timer.c.o
                0x10003e18                timer_time_us_64
 .text.timer_busy_wait_until
                0x10003e28       0x1a stairs_ws2815/CMakeFiles/proj_stairs_ws2815.dir/home/jaremekg/.pico-sdk/sdk/2.2.0/src/rp2_common/hardware_timer/timer.c.o
                0x10003e28                timer_busy_wait_until
 .text.timer_busy_wait_us
                0x10003e42       0x28 stairs_ws2815/CMakeFiles/proj_stairs_ws2815.dir/home/jaremekg/.pico-sdk/sdk/2.2.0/src/rp2_common/hardware_timer/timer.c.o
                0x10003e42                timer_busy_wait_us
 *fill*         0x10003e6a        0x2 
 .text.time_us_64
                0x10003e6c       0x10 stairs_ws2815/CMakeFiles/proj_stairs_ws2815.dir/home/jaremekg/.pico-sdk/sdk/2.2.0/src/rp2_common/hardware_timer/timer.c.o
                0x10003e6c                time_us_64
 .text.busy_wait_us
                0x10003e7c       0x14 stairs_ws2815/CMakeFiles/proj_stairs_ws2815.dir/home/jaremekg/.pico-sdk/sdk/2.2.0/src/rp2_common/hardware_timer/timer.c.o
                0x10003e7c                busy_wait_us
 .text.busy_wait_until
                0x10003e90       0x14 stairs_ws2815/CMakeFiles/proj_stairs_ws2815.dir/home/jaremekg/.pico-sdk/sdk/2.2.0/src/rp2_common/hardware_timer/timer.c.o
                0x10003e90                busy_wait_until
 .text.clock_configure_internal
                0x10003ea4       0xb8 stairs_ws2815/CMakeFiles/proj_stairs_ws2815.dir/home/jaremekg/.pico-sdk/sdk/2.2.0/src/rp2_common/hardware_clocks/clocks.c.o
 .text.clock_configure_undivided
                0x10003f5c       0x12 stairs_ws2815/CMakeFiles/proj_stairs_ws2815.dir/home/jaremekg/.pico-sdk/sdk/2.2.0/src/rp2_common/hardware_clocks/clocks.c.o
                0x10003f5c                clock_configure_undivided
 *fill*         0x10003f6e        0x2 
 .text.clock_get_hz
                0x10003f70        0xc stairs_ws2815/CMakeFiles/proj_stairs_ws2815.dir/home/jaremekg/.pico-sdk/sdk/2.2.0/src/rp2_common/hardware_clocks/clocks.c.o
                0x10003f70                clock_get_hz
 .text.pll_init
                0x10003f7c      0x108 stairs_ws2815/CMakeFiles/proj_stairs_ws2815.dir/home/jaremekg/.pico-sdk/sdk/2.2.0/src/rp2_common/hardware_pll/pll.c.o
                0x10003f7c                pll_init
 .text.watchdog_update
                0x10004084       0x14 stairs_ws2815/CMakeFiles/proj_stairs_ws2815.dir/home/jaremekg/.pico-sdk/sdk/2.2.0/src/rp2_common/hardware_watchdog/watchdog.c.o
                0x10004084                watchdog_update
 .text._watchdog_enable
                0x10004098       0x6c stairs_ws2815/CMakeFiles/proj_stairs_ws2815.dir/home/jaremekg/.pico-sdk/sdk/2.2.0/src/rp2_common/hardware_watchdog/watchdog.c.o
                0x10004098                _watchdog_enable
 .text.watchdog_reboot
                0x10004104       0x44 stairs_ws2815/CMakeFiles/proj_stairs_ws2815.dir/home/jaremekg/.pico-sdk/sdk/2.2.0/src/rp2_common/hardware_watchdog/watchdog.c.o
                0x10004104                watchdog_reboot
 .text.tick_start
                0x10004148       0x1c stairs_ws2815/CMakeFiles/proj_stairs_ws2815.dir/home/jaremekg/.pico-sdk/sdk/2.2.0/src/rp2_common/hardware_ticks/ticks.c.o
                0x10004148                tick_start
 .text.rom_reboot
                0x10004164       0x40 stairs_ws2815/CMakeFiles/proj_stairs_ws2815.dir/home/jaremekg/.pico-sdk/sdk/2.2.0/src/rp2_common/pico_bootrom/bootrom.c.o
 .text.rom_func_lookup
                0x100041a4       0x1e stairs_ws2815/CMakeFiles/proj_stairs_ws2815.dir/home/jaremekg/.pico-sdk/sdk/2.2.0/src/rp2_common/pico_bootrom/bootrom.c.o
                0x100041a4                rom_func_lookup
 .text.rom_reset_usb_boot_extra
                0x100041c2       0x20 stairs_ws2815/CMakeFiles/proj_stairs_ws2815.dir/home/jaremekg/.pico-sdk/sdk/2.2.0/src/rp2_common/pico_bootrom/bootrom.c.o
                0x100041c2                rom_reset_usb_boot_extra
 *fill*         0x100041e2        0x2 
 .text.runtime_init_bootrom_locking_enable
                0x100041e4       0x14 stairs_ws2815/CMakeFiles/proj_stairs_ws2815.dir/home/jaremekg/.pico-sdk/sdk/2.2.0/src/rp2_common/pico_bootrom/bootrom_lock.c.o
                0x100041e4                runtime_init_bootrom_locking_enable
 .text.boot_locks_reset
                0x100041f8       0x20 stairs_ws2815/CMakeFiles/proj_stairs_ws2815.dir/home/jaremekg/.pico-sdk/sdk/2.2.0/src/rp2_common/hardware_boot_lock/boot_lock.c.o
                0x100041f8                boot_locks_reset
 .text.runtime_init_boot_locks_reset
                0x10004218        0x8 stairs_ws2815/CMakeFiles/proj_stairs_ws2815.dir/home/jaremekg/.pico-sdk/sdk/2.2.0/src/rp2_common/hardware_boot_lock/boot_lock.c.o
                0x10004218                runtime_init_boot_locks_reset
 .text.xosc_init
                0x10004220       0x28 stairs_ws2815/CMakeFiles/proj_stairs_ws2815.dir/home/jaremekg/.pico-sdk/sdk/2.2.0/src/rp2_common/hardware_xosc/xosc.c.o
                0x10004220                xosc_init
 .text.runtime_run_initializers_from
                0x10004248       0x18 stairs_ws2815/CMakeFiles/proj_stairs_ws2815.dir/home/jaremekg/.pico-sdk/sdk/2.2.0/src/rp2_common/pico_runtime/runtime.c.o
 .text.first_per_core_initializer
                0x10004260        0x2 stairs_ws2815/CMakeFiles/proj_stairs_ws2815.dir/home/jaremekg/.pico-sdk/sdk/2.2.0/src/rp2_common/pico_runtime/runtime.c.o
 *fill*         0x10004262        0x2 
 .text.runtime_run_initializers
                0x10004264       0x10 stairs_ws2815/CMakeFiles/proj_stairs_ws2815.dir/home/jaremekg/.pico-sdk/sdk/2.2.0/src/rp2_common/pico_runtime/runtime.c.o
                0x10004264                runtime_run_initializers
 .text.runtime_init_early_resets
                0x10004274       0x2c stairs_ws2815/CMakeFiles/proj_stairs_ws2815.dir/home/jaremekg/.pico-sdk/sdk/2.2.0/src/rp2_common/pico_runtime_init/runtime_init.c.o
                0x10004274                runtime_init_early_resets
 .text.runtime_init_usb_power_down
                0x100042a0       0x20 stairs_ws2815/CMakeFiles/proj_stairs_ws2815.dir/home/jaremekg/.pico-sdk/sdk/2.2.0/src/rp2_common/pico_runtime_init/runtime_init.c.o
                0x100042a0                runtime_init_usb_power_down
 .text.runtime_init_per_core_enable_coprocessors
                0x100042c0       0x1c stairs_ws2815/CMakeFiles/proj_stairs_ws2815.dir/home/jaremekg/.pico-sdk/sdk/2.2.0/src/rp2_common/pico_runtime_init/runtime_init.c.o
                0x100042c0                runtime_init_per_core_enable_coprocessors
 .text.runtime_init_post_clock_resets
                0x100042dc       0x20 stairs_ws2815/CMakeFiles/proj_stairs_ws2815.dir/home/jaremekg/.pico-sdk/sdk/2.2.0/src/rp2_common/pico_runtime_init/runtime_init.c.o
                0x100042dc                runtime_init_post_clock_resets
 .text.runtime_init_bootrom_reset
                0x100042fc       0x12 stairs_ws2815/CMakeFiles/proj_stairs_ws2815.dir/home/jaremekg/.pico-sdk/sdk/2.2.0/src/rp2_common/pico_runtime_init/runtime_init.c.o
                0x100042fc                runtime_init_bootrom_reset
 .text.runtime_init_per_core_bootrom_reset
                0x1000430e       0x12 stairs_ws2815/CMakeFiles/proj_stairs_ws2815.dir/home/jaremekg/.pico-sdk/sdk/2.2.0/src/rp2_common/pico_runtime_init/runtime_init.c.o
                0x1000430e                runtime_init_per_core_bootrom_reset
 .text.runtime_init_spin_locks_reset
                0x10004320        0x8 stairs_ws2815/CMakeFiles/proj_stairs_ws2815.dir/home/jaremekg/.pico-sdk/sdk/2.2.0/src/rp2_common/pico_runtime_init/runtime_init.c.o
                0x10004320                runtime_init_spin_locks_reset
 .text.runtime_init_install_ram_vector_table
                0x10004328       0x48 stairs_ws2815/CMakeFiles/proj_stairs_ws2815.dir/home/jaremekg/.pico-sdk/sdk/2.2.0/src/rp2_common/pico_runtime_init/runtime_init.c.o
                0x10004328                runtime_init_install_ram_vector_table
 .text.start_all_ticks
                0x10004370       0x28 stairs_ws2815/CMakeFiles/proj_stairs_ws2815.dir/home/jaremekg/.pico-sdk/sdk/2.2.0/src/rp2_common/pico_runtime_init/runtime_init_clocks.c.o
 .text.runtime_init_clocks
                0x10004398       0xc4 stairs_ws2815/CMakeFiles/proj_stairs_ws2815.dir/home/jaremekg/.pico-sdk/sdk/2.2.0/src/rp2_common/pico_runtime_init/runtime_init_clocks.c.o
                0x10004398                runtime_init_clocks
 .text.__rp2350_dcp_engaged_state_save_restore
                0x1000445c       0x3a stairs_ws2815/CMakeFiles/proj_stairs_ws2815.dir/home/jaremekg/.pico-sdk/sdk/2.2.0/src/rp2_common/pico_double/double_aeabi_dcp.S.o
 *fill*         0x10004496        0x2 
 .text.__wrap___aeabi_dadd
                0x10004498       0x28 stairs_ws2815/CMakeFiles/proj_stairs_ws2815.dir/home/jaremekg/.pico-sdk/sdk/2.2.0/src/rp2_common/pico_double/double_aeabi_dcp.S.o
                0x100044a0                __wrap___aeabi_dadd
 .text.__wrap___aeabi_dsub
                0x100044c0       0x28 stairs_ws2815/CMakeFiles/proj_stairs_ws2815.dir/home/jaremekg/.pico-sdk/sdk/2.2.0/src/rp2_common/pico_double/double_aeabi_dcp.S.o
                0x100044c8                __wrap___aeabi_dsub
 .text.__wrap___aeabi_dmul
                0x100044e8       0x4c stairs_ws2815/CMakeFiles/proj_stairs_ws2815.dir/home/jaremekg/.pico-sdk/sdk/2.2.0/src/rp2_common/pico_double/double_aeabi_dcp.S.o
                0x100044f0                __wrap___aeabi_dmul
 .text.__wrap___aeabi_ddiv
                0x10004534       0x9c stairs_ws2815/CMakeFiles/proj_stairs_ws2815.dir/home/jaremekg/.pico-sdk/sdk/2.2.0/src/rp2_common/pico_double/double_aeabi_dcp.S.o
                0x1000453c                __wrap___aeabi_ddiv
 .text.__wrap___aeabi_d2f
                0x100045d0       0x1c stairs_ws2815/CMakeFiles/proj_stairs_ws2815.dir/home/jaremekg/.pico-sdk/sdk/2.2.0/src/rp2_common/pico_double/double_aeabi_dcp.S.o
                0x100045d8                double2float
                0x100045d8                __wrap___aeabi_d2f
 .text.__wrap___aeabi_i2d
                0x100045ec       0x24 stairs_ws2815/CMakeFiles/proj_stairs_ws2815.dir/home/jaremekg/.pico-sdk/sdk/2.2.0/src/rp2_common/pico_double/double_aeabi_dcp.S.o
                0x100045f4                __wrap___aeabi_i2d
                0x100045f4                int2double
 .text.__wrap___aeabi_ui2d
                0x10004610       0x24 stairs_ws2815/CMakeFiles/proj_stairs_ws2815.dir/home/jaremekg/.pico-sdk/sdk/2.2.0/src/rp2_common/pico_double/double_aeabi_dcp.S.o
                0x10004618                __wrap___aeabi_ui2d
                0x10004618                uint2double
 .text.__wrap___aeabi_d2iz
                0x10004634       0x24 stairs_ws2815/CMakeFiles/proj_stairs_ws2815.dir/home/jaremekg/.pico-sdk/sdk/2.2.0/src/rp2_common/pico_double/double_aeabi_dcp.S.o
                0x1000463c                __wrap___aeabi_d2iz
                0x1000463c                double2int_z
 .text.__wrap___aeabi_d2uiz
                0x10004658       0x24 stairs_ws2815/CMakeFiles/proj_stairs_ws2815.dir/home/jaremekg/.pico-sdk/sdk/2.2.0/src/rp2_common/pico_double/double_aeabi_dcp.S.o
                0x10004660                double2uint_z
                0x10004660                double2uint
                0x10004660                __wrap___aeabi_d2uiz
 .text.__wrap___aeabi_dcmpun
                0x1000467c       0x24 stairs_ws2815/CMakeFiles/proj_stairs_ws2815.dir/home/jaremekg/.pico-sdk/sdk/2.2.0/src/rp2_common/pico_double/double_aeabi_dcp.S.o
                0x10004684                __wrap___aeabi_dcmpun
 .text.__wrap___aeabi_dcmpeq
                0x100046a0       0x24 stairs_ws2815/CMakeFiles/proj_stairs_ws2815.dir/home/jaremekg/.pico-sdk/sdk/2.2.0/src/rp2_common/pico_double/double_aeabi_dcp.S.o
                0x100046a8                __wrap___aeabi_dcmpeq
 .text.__wrap___aeabi_dcmplt
                0x100046c4       0x28 stairs_ws2815/CMakeFiles/proj_stairs_ws2815.dir/home/jaremekg/.pico-sdk/sdk/2.2.0/src/rp2_common/pico_double/double_aeabi_dcp.S.o
                0x100046cc                __wrap___aeabi_dcmplt
 .text.__wrap___aeabi_dcmple
                0x100046ec       0x28 stairs_ws2815/CMakeFiles/proj_stairs_ws2815.dir/home/jaremekg/.pico-sdk/sdk/2.2.0/src/rp2_common/pico_double/double_aeabi_dcp.S.o
                0x100046f4                __wrap___aeabi_dcmple
 .text.__wrap___aeabi_dcmpge
                0x10004714       0x28 stairs_ws2815/CMakeFiles/proj_stairs_ws2815.dir/home/jaremekg/.pico-sdk/sdk/2.2.0/src/rp2_common/pico_double/double_aeabi_dcp.S.o
                0x1000471c                __wrap___aeabi_dcmpge
 .text.__wrap___aeabi_dcmpgt
                0x1000473c       0x28 stairs_ws2815/CMakeFiles/proj_stairs_ws2815.dir/home/jaremekg/.pico-sdk/sdk/2.2.0/src/rp2_common/pico_double/double_aeabi_dcp.S.o
                0x10004744                __wrap___aeabi_dcmpgt
 .text.dpack    0x10004764       0x58 stairs_ws2815/CMakeFiles/proj_stairs_ws2815.dir/home/jaremekg/.pico-sdk/sdk/2.2.0/src/rp2_common/pico_double/double_sci_m33.S.o
 .text.dreduce  0x100047bc       0x7a stairs_ws2815/CMakeFiles/proj_stairs_ws2815.dir/home/jaremekg/.pico-sdk/sdk/2.2.0/src/rp2_common/pico_double/double_sci_m33.S.o
 *fill*         0x10004836        0x2 
 .text.exptab   0x10004838      0x1fc stairs_ws2815/CMakeFiles/proj_stairs_ws2815.dir/home/jaremekg/.pico-sdk/sdk/2.2.0/src/rp2_common/pico_double/double_sci_m33.S.o
                0x10004838                exptab0
                0x10004898                exptab1
                0x10004928                exptab2
                0x100049a8                logtab0
 .text.__wrap_exp
                0x10004a34      0x148 stairs_ws2815/CMakeFiles/proj_stairs_ws2815.dir/home/jaremekg/.pico-sdk/sdk/2.2.0/src/rp2_common/pico_double/double_sci_m33.S.o
                0x10004a5e                __wrap_exp
 .text.__wrap_log
                0x10004b7c      0x358 stairs_ws2815/CMakeFiles/proj_stairs_ws2815.dir/home/jaremekg/.pico-sdk/sdk/2.2.0/src/rp2_common/pico_double/double_sci_m33.S.o
                0x10004d5a                __wrap_log
 .text.__wrap_conv_tod
                0x10004ed4      0x20c stairs_ws2815/CMakeFiles/proj_stairs_ws2815.dir/home/jaremekg/.pico-sdk/sdk/2.2.0/src/rp2_common/pico_double/double_conv_m33.S.o
                0x10004ed4                __wrap___aeabi_l2d
                0x10004ed4                int642double
                0x10004ed6                fix642double
                0x10004f7a                uint642double
                0x10004f7a                __wrap___aeabi_ul2d
                0x10004f7c                ufix642double
                0x10005010                fix2double
                0x10005080                ufix2double
 .text.__wrap_conv_dtoi64_z
                0x100050e0       0xa0 stairs_ws2815/CMakeFiles/proj_stairs_ws2815.dir/home/jaremekg/.pico-sdk/sdk/2.2.0/src/rp2_common/pico_double/double_conv_m33.S.o
                0x100050e0                __wrap___aeabi_d2lz
                0x100050e0                double2int64_z
                0x100050e2                double2fix64_z
 .text.fisint   0x10005180       0x32 stairs_ws2815/CMakeFiles/proj_stairs_ws2815.dir/home/jaremekg/.pico-sdk/sdk/2.2.0/src/rp2_common/pico_float/float_math.c.o
 .text.fisoddint
                0x100051b2       0x34 stairs_ws2815/CMakeFiles/proj_stairs_ws2815.dir/home/jaremekg/.pico-sdk/sdk/2.2.0/src/rp2_common/pico_float/float_math.c.o
 .text.fispo2   0x100051e6       0x20 stairs_ws2815/CMakeFiles/proj_stairs_ws2815.dir/home/jaremekg/.pico-sdk/sdk/2.2.0/src/rp2_common/pico_float/float_math.c.o
 .text.fpow_int2
                0x10005206       0x36 stairs_ws2815/CMakeFiles/proj_stairs_ws2815.dir/home/jaremekg/.pico-sdk/sdk/2.2.0/src/rp2_common/pico_float/float_math.c.o
 .text.fpowint_1
                0x1000523c       0x20 stairs_ws2815/CMakeFiles/proj_stairs_ws2815.dir/home/jaremekg/.pico-sdk/sdk/2.2.0/src/rp2_common/pico_float/float_math.c.o
 .text.fpow_1   0x1000525c       0x2c stairs_ws2815/CMakeFiles/proj_stairs_ws2815.dir/home/jaremekg/.pico-sdk/sdk/2.2.0/src/rp2_common/pico_float/float_math.c.o
 .text.fpow_0   0x10005288       0xa8 stairs_ws2815/CMakeFiles/proj_stairs_ws2815.dir/home/jaremekg/.pico-sdk/sdk/2.2.0/src/rp2_common/pico_float/float_math.c.o
 .text.__wrap_powf
                0x10005330      0x124 stairs_ws2815/CMakeFiles/proj_stairs_ws2815.dir/home/jaremekg/.pico-sdk/sdk/2.2.0/src/rp2_common/pico_float/float_math.c.o
                0x10005330                __wrap_powf
 .text.check_alloc
                0x10005454       0x20 stairs_ws2815/CMakeFiles/proj_stairs_ws2815.dir/home/jaremekg/.pico-sdk/sdk/2.2.0/src/rp2_common/pico_malloc/malloc.c.o
 .text.__wrap_malloc
                0x10005474       0x14 stairs_ws2815/CMakeFiles/proj_stairs_ws2815.dir/home/jaremekg/.pico-sdk/sdk/2.2.0/src/rp2_common/pico_malloc/malloc.c.o
                0x10005474                __wrap_malloc
 .text.__wrap_calloc
                0x10005488       0x18 stairs_ws2815/CMakeFiles/proj_stairs_ws2815.dir/home/jaremekg/.pico-sdk/sdk/2.2.0/src/rp2_common/pico_malloc/malloc.c.o
                0x10005488                __wrap_calloc
 .text.__wrap_realloc
                0x100054a0       0x14 stairs_ws2815/CMakeFiles/proj_stairs_ws2815.dir/home/jaremekg/.pico-sdk/sdk/2.2.0/src/rp2_common/pico_malloc/malloc.c.o
                0x100054a0                __wrap_realloc
 .text.__wrap_free
                0x100054b4        0x8 stairs_ws2815/CMakeFiles/proj_stairs_ws2815.dir/home/jaremekg/.pico-sdk/sdk/2.2.0/src/rp2_common/pico_malloc/malloc.c.o
                0x100054b4                __wrap_free
 .text._out_buffer
                0x100054bc        0x8 stairs_ws2815/CMakeFiles/proj_stairs_ws2815.dir/home/jaremekg/.pico-sdk/sdk/2.2.0/src/rp2_common/pico_printf/printf.c.o
 .text._out_null
                0x100054c4        0x2 stairs_ws2815/CMakeFiles/proj_stairs_ws2815.dir/home/jaremekg/.pico-sdk/sdk/2.2.0/src/rp2_common/pico_printf/printf.c.o
 .text._out_fct
                0x100054c6        0xe stairs_ws2815/CMakeFiles/proj_stairs_ws2815.dir/home/jaremekg/.pico-sdk/sdk/2.2.0/src/rp2_common/pico_printf/printf.c.o
 .text._atoi    0x100054d4       0x26 stairs_ws2815/CMakeFiles/proj_stairs_ws2815.dir/home/jaremekg/.pico-sdk/sdk/2.2.0/src/rp2_common/pico_printf/printf.c.o
 .text._out_rev
                0x100054fa       0x7e stairs_ws2815/CMakeFiles/proj_stairs_ws2815.dir/home/jaremekg/.pico-sdk/sdk/2.2.0/src/rp2_common/pico_printf/printf.c.o
 .text._ntoa_format
                0x10005578      0x134 stairs_ws2815/CMakeFiles/proj_stairs_ws2815.dir/home/jaremekg/.pico-sdk/sdk/2.2.0/src/rp2_common/pico_printf/printf.c.o
 .text._ntoa_long
                0x100056ac       0x94 stairs_ws2815/CMakeFiles/proj_stairs_ws2815.dir/home/jaremekg/.pico-sdk/sdk/2.2.0/src/rp2_common/pico_printf/printf.c.o
 .text._ntoa_long_long
                0x10005740       0xc2 stairs_ws2815/CMakeFiles/proj_stairs_ws2815.dir/home/jaremekg/.pico-sdk/sdk/2.2.0/src/rp2_common/pico_printf/printf.c.o
 *fill*         0x10005802        0x6 
 .text._etoa    0x10005808      0x420 stairs_ws2815/CMakeFiles/proj_stairs_ws2815.dir/home/jaremekg/.pico-sdk/sdk/2.2.0/src/rp2_common/pico_printf/printf.c.o
 .text._ftoa    0x10005c28      0x398 stairs_ws2815/CMakeFiles/proj_stairs_ws2815.dir/home/jaremekg/.pico-sdk/sdk/2.2.0/src/rp2_common/pico_printf/printf.c.o
 .text._vsnprintf
                0x10005fc0      0x6d8 stairs_ws2815/CMakeFiles/proj_stairs_ws2815.dir/home/jaremekg/.pico-sdk/sdk/2.2.0/src/rp2_common/pico_printf/printf.c.o
 .text.__wrap_sprintf
                0x10006698       0x2c stairs_ws2815/CMakeFiles/proj_stairs_ws2815.dir/home/jaremekg/.pico-sdk/sdk/2.2.0/src/rp2_common/pico_printf/printf.c.o
                0x10006698                __wrap_sprintf
 .text.__wrap_snprintf
                0x100066c4       0x28 stairs_ws2815/CMakeFiles/proj_stairs_ws2815.dir/home/jaremekg/.pico-sdk/sdk/2.2.0/src/rp2_common/pico_printf/printf.c.o
                0x100066c4                __wrap_snprintf
 .text.__wrap_vsnprintf
                0x100066ec       0x1c stairs_ws2815/CMakeFiles/proj_stairs_ws2815.dir/home/jaremekg/.pico-sdk/sdk/2.2.0/src/rp2_common/pico_printf/printf.c.o
                0x100066ec                __wrap_vsnprintf
 .text.vfctprintf
                0x10006708       0x24 stairs_ws2815/CMakeFiles/proj_stairs_ws2815.dir/home/jaremekg/.pico-sdk/sdk/2.2.0/src/rp2_common/pico_printf/printf.c.o
                0x10006708                vfctprintf
 .text._exit    0x1000672c        0x4 stairs_ws2815/CMakeFiles/proj_stairs_ws2815.dir/home/jaremekg/.pico-sdk/sdk/2.2.0/src/rp2_common/pico_clib_interface/newlib_interface.c.o
                0x1000672c                _exit
 .text._sbrk    0x10006730       0x34 stairs_ws2815/CMakeFiles/proj_stairs_ws2815.dir/home/jaremekg/.pico-sdk/sdk/2.2.0/src/rp2_common/pico_clib_interface/newlib_interface.c.o
                0x10006730                _sbrk
 .text._read    0x10006764       0x20 stairs_ws2815/CMakeFiles/proj_stairs_ws2815.dir/home/jaremekg/.pico-sdk/sdk/2.2.0/src/rp2_common/pico_clib_interface/newlib_interface.c.o
                0x10006764                _read
 .text._write   0x10006784       0x20 stairs_ws2815/CMakeFiles/proj_stairs_ws2815.dir/home/jaremekg/.pico-sdk/sdk/2.2.0/src/rp2_common/pico_clib_interface/newlib_interface.c.o
                0x10006784                _write
 .text._close   0x100067a4        0x6 stairs_ws2815/CMakeFiles/proj_stairs_ws2815.dir/home/jaremekg/.pico-sdk/sdk/2.2.0/src/rp2_common/pico_clib_interface/newlib_interface.c.o
                0x100067a4                _close
 .text._lseek   0x100067aa        0x6 stairs_ws2815/CMakeFiles/proj_stairs_ws2815.dir/home/jaremekg/.pico-sdk/sdk/2.2.0/src/rp2_common/pico_clib_interface/newlib_interface.c.o
                0x100067aa                _lseek
 .text.exit     0x100067b0        0x6 stairs_ws2815/CMakeFiles/proj_stairs_ws2815.dir/home/jaremekg/.pico-sdk/sdk/2.2.0/src/rp2_common/pico_clib_interface/newlib_interface.c.o
                0x100067b0                exit
 *fill*         0x100067b6        0x2 
 .text.__assert_func
                0x100067b8       0x34 stairs_ws2815/CMakeFiles/proj_stairs_ws2815.dir/home/jaremekg/.pico-sdk/sdk/2.2.0/src/rp2_common/pico_clib_interface/newlib_interface.c.o
                0x100067b8                __assert_func
 .text.runtime_init
                0x100067ec       0x2c stairs_ws2815/CMakeFiles/proj_stairs_ws2815.dir/home/jaremekg/.pico-sdk/sdk/2.2.0/src/rp2_common/pico_clib_interface/newlib_interface.c.o
                0x100067ec                runtime_init
 .text.stdio_out_chars_no_crlf
                0x10006818        0xe stairs_ws2815/CMakeFiles/proj_stairs_ws2815.dir/home/jaremekg/.pico-sdk/sdk/2.2.0/src/rp2_common/pico_stdio/stdio.c.o
 *fill*         0x10006826        0x2 
 .text.stdio_out_chars_crlf
                0x10006828       0x80 stairs_ws2815/CMakeFiles/proj_stairs_ws2815.dir/home/jaremekg/.pico-sdk/sdk/2.2.0/src/rp2_common/pico_stdio/stdio.c.o
 .text.stdio_stack_buffer_flush
                0x100068a8       0x40 stairs_ws2815/CMakeFiles/proj_stairs_ws2815.dir/home/jaremekg/.pico-sdk/sdk/2.2.0/src/rp2_common/pico_stdio/stdio.c.o
 .text.stdio_buffered_printer
                0x100068e8       0x20 stairs_ws2815/CMakeFiles/proj_stairs_ws2815.dir/home/jaremekg/.pico-sdk/sdk/2.2.0/src/rp2_common/pico_stdio/stdio.c.o
 .text.stdout_serialize_begin
                0x10006908       0x2c stairs_ws2815/CMakeFiles/proj_stairs_ws2815.dir/home/jaremekg/.pico-sdk/sdk/2.2.0/src/rp2_common/pico_stdio/stdio.c.o
                0x10006908                stdout_serialize_begin
 .text.stdout_serialize_end
                0x10006934       0x10 stairs_ws2815/CMakeFiles/proj_stairs_ws2815.dir/home/jaremekg/.pico-sdk/sdk/2.2.0/src/rp2_common/pico_stdio/stdio.c.o
                0x10006934                stdout_serialize_end
 .text.stdio_put_string
                0x10006944       0x8c stairs_ws2815/CMakeFiles/proj_stairs_ws2815.dir/home/jaremekg/.pico-sdk/sdk/2.2.0/src/rp2_common/pico_stdio/stdio.c.o
                0x10006944                stdio_put_string
 .text.stdio_get_until
                0x100069d0       0x6c stairs_ws2815/CMakeFiles/proj_stairs_ws2815.dir/home/jaremekg/.pico-sdk/sdk/2.2.0/src/rp2_common/pico_stdio/stdio.c.o
                0x100069d0                stdio_get_until
 .text.stdio_set_driver_enabled
                0x10006a3c       0x2c stairs_ws2815/CMakeFiles/proj_stairs_ws2815.dir/home/jaremekg/.pico-sdk/sdk/2.2.0/src/rp2_common/pico_stdio/stdio.c.o
                0x10006a3c                stdio_set_driver_enabled
 .text.stdio_flush
                0x10006a68       0x1c stairs_ws2815/CMakeFiles/proj_stairs_ws2815.dir/home/jaremekg/.pico-sdk/sdk/2.2.0/src/rp2_common/pico_stdio/stdio.c.o
                0x10006a68                stdio_flush
 .text.stdio_init_all
                0x10006a84        0x8 stairs_ws2815/CMakeFiles/proj_stairs_ws2815.dir/home/jaremekg/.pico-sdk/sdk/2.2.0/src/rp2_common/pico_stdio/stdio.c.o
                0x10006a84                stdio_init_all
 .text.__wrap_putchar
                0x10006a8c       0x1e stairs_ws2815/CMakeFiles/proj_stairs_ws2815.dir/home/jaremekg/.pico-sdk/sdk/2.2.0/src/rp2_common/pico_stdio/stdio.c.o
                0x10006a8c                stdio_putchar
                0x10006a8c                __wrap_putchar
 .text.__wrap_puts
                0x10006aaa       0x1e stairs_ws2815/CMakeFiles/proj_stairs_ws2815.dir/home/jaremekg/.pico-sdk/sdk/2.2.0/src/rp2_common/pico_stdio/stdio.c.o
                0x10006aaa                __wrap_puts
                0x10006aaa                stdio_puts
 .text.__wrap_vprintf
                0x10006ac8       0x40 stairs_ws2815/CMakeFiles/proj_stairs_ws2815.dir/home/jaremekg/.pico-sdk/sdk/2.2.0/src/rp2_common/pico_stdio/stdio.c.o
                0x10006ac8                __wrap_vprintf
                0x10006ac8                stdio_vprintf
 .text.__wrap_printf
                0x10006b08       0x1c stairs_ws2815/CMakeFiles/proj_stairs_ws2815.dir/home/jaremekg/.pico-sdk/sdk/2.2.0/src/rp2_common/pico_stdio/stdio.c.o
                0x10006b08                stdio_printf
                0x10006b08                __wrap_printf
 .text.resetd_init
                0x10006b24        0x2 stairs_ws2815/CMakeFiles/proj_stairs_ws2815.dir/home/jaremekg/.pico-sdk/sdk/2.2.0/src/rp2_common/pico_stdio_usb/reset_interface.c.o
 *fill*         0x10006b26        0x2 
 .text.resetd_reset
                0x10006b28        0xc stairs_ws2815/CMakeFiles/proj_stairs_ws2815.dir/home/jaremekg/.pico-sdk/sdk/2.2.0/src/rp2_common/pico_stdio_usb/reset_interface.c.o
 .text.resetd_open
                0x10006b34       0x34 stairs_ws2815/CMakeFiles/proj_stairs_ws2815.dir/home/jaremekg/.pico-sdk/sdk/2.2.0/src/rp2_common/pico_stdio_usb/reset_interface.c.o
 .text.resetd_xfer_cb
                0x10006b68        0x4 stairs_ws2815/CMakeFiles/proj_stairs_ws2815.dir/home/jaremekg/.pico-sdk/sdk/2.2.0/src/rp2_common/pico_stdio_usb/reset_interface.c.o
 .text.resetd_control_xfer_cb
                0x10006b6c       0x54 stairs_ws2815/CMakeFiles/proj_stairs_ws2815.dir/home/jaremekg/.pico-sdk/sdk/2.2.0/src/rp2_common/pico_stdio_usb/reset_interface.c.o
 .text.tud_descriptor_bos_cb
                0x10006bc0        0x8 stairs_ws2815/CMakeFiles/proj_stairs_ws2815.dir/home/jaremekg/.pico-sdk/sdk/2.2.0/src/rp2_common/pico_stdio_usb/reset_interface.c.o
                0x10006bc0                tud_descriptor_bos_cb
 .text.tud_vendor_control_xfer_cb
                0x10006bc8       0x30 stairs_ws2815/CMakeFiles/proj_stairs_ws2815.dir/home/jaremekg/.pico-sdk/sdk/2.2.0/src/rp2_common/pico_stdio_usb/reset_interface.c.o
                0x10006bc8                tud_vendor_control_xfer_cb
 .text.usbd_app_driver_get_cb
                0x10006bf8        0xc stairs_ws2815/CMakeFiles/proj_stairs_ws2815.dir/home/jaremekg/.pico-sdk/sdk/2.2.0/src/rp2_common/pico_stdio_usb/reset_interface.c.o
                0x10006bf8                usbd_app_driver_get_cb
 .text.tud_cdc_line_coding_cb
                0x10006c04       0x18 stairs_ws2815/CMakeFiles/proj_stairs_ws2815.dir/home/jaremekg/.pico-sdk/sdk/2.2.0/src/rp2_common/pico_stdio_usb/reset_interface.c.o
                0x10006c04                tud_cdc_line_coding_cb
 .text.stdio_usb_set_chars_available_callback
                0x10006c1c       0x14 stairs_ws2815/CMakeFiles/proj_stairs_ws2815.dir/home/jaremekg/.pico-sdk/sdk/2.2.0/src/rp2_common/pico_stdio_usb/stdio_usb.c.o
                0x10006c1c                stdio_usb_set_chars_available_callback
 .text.stdio_usb_out_flush
                0x10006c30       0x48 stairs_ws2815/CMakeFiles/proj_stairs_ws2815.dir/home/jaremekg/.pico-sdk/sdk/2.2.0/src/rp2_common/pico_stdio_usb/stdio_usb.c.o
 .text.timer_task
                0x10006c78       0x70 stairs_ws2815/CMakeFiles/proj_stairs_ws2815.dir/home/jaremekg/.pico-sdk/sdk/2.2.0/src/rp2_common/pico_stdio_usb/stdio_usb.c.o
 .text.usb_irq  0x10006ce8       0x10 stairs_ws2815/CMakeFiles/proj_stairs_ws2815.dir/home/jaremekg/.pico-sdk/sdk/2.2.0/src/rp2_common/pico_stdio_usb/stdio_usb.c.o
 .text.alarm_pool_add_alarm_in_us
                0x10006cf8       0x3a stairs_ws2815/CMakeFiles/proj_stairs_ws2815.dir/home/jaremekg/.pico-sdk/sdk/2.2.0/src/rp2_common/pico_stdio_usb/stdio_usb.c.o
 .text.add_alarm_in_us
                0x10006d32       0x26 stairs_ws2815/CMakeFiles/proj_stairs_ws2815.dir/home/jaremekg/.pico-sdk/sdk/2.2.0/src/rp2_common/pico_stdio_usb/stdio_usb.c.o
 .text.low_priority_worker_irq
                0x10006d58       0xa8 stairs_ws2815/CMakeFiles/proj_stairs_ws2815.dir/home/jaremekg/.pico-sdk/sdk/2.2.0/src/rp2_common/pico_stdio_usb/stdio_usb.c.o
 .text.stdio_usb_init
                0x10006e00       0xd4 stairs_ws2815/CMakeFiles/proj_stairs_ws2815.dir/home/jaremekg/.pico-sdk/sdk/2.2.0/src/rp2_common/pico_stdio_usb/stdio_usb.c.o
                0x10006e00                stdio_usb_init
 .text.stdio_usb_connected
                0x10006ed4        0xa stairs_ws2815/CMakeFiles/proj_stairs_ws2815.dir/home/jaremekg/.pico-sdk/sdk/2.2.0/src/rp2_common/pico_stdio_usb/stdio_usb.c.o
                0x10006ed4                stdio_usb_connected
 *fill*         0x10006ede        0x2 
 .text.stdio_usb_in_chars
                0x10006ee0       0x8c stairs_ws2815/CMakeFiles/proj_stairs_ws2815.dir/home/jaremekg/.pico-sdk/sdk/2.2.0/src/rp2_common/pico_stdio_usb/stdio_usb.c.o
                0x10006ee0                stdio_usb_in_chars
 .text.stdio_usb_out_chars
                0x10006f6c       0xd4 stairs_ws2815/CMakeFiles/proj_stairs_ws2815.dir/home/jaremekg/.pico-sdk/sdk/2.2.0/src/rp2_common/pico_stdio_usb/stdio_usb.c.o
 .text.tud_descriptor_device_cb
                0x10007040        0x8 stairs_ws2815/CMakeFiles/proj_stairs_ws2815.dir/home/jaremekg/.pico-sdk/sdk/2.2.0/src/rp2_common/pico_stdio_usb/stdio_usb_descriptors.c.o
                0x10007040                tud_descriptor_device_cb
 .text.tud_descriptor_configuration_cb
                0x10007048        0x8 stairs_ws2815/CMakeFiles/proj_stairs_ws2815.dir/home/jaremekg/.pico-sdk/sdk/2.2.0/src/rp2_common/pico_stdio_usb/stdio_usb_descriptors.c.o
                0x10007048                tud_descriptor_configuration_cb
 .text.tud_descriptor_string_cb
                0x10007050       0x64 stairs_ws2815/CMakeFiles/proj_stairs_ws2815.dir/home/jaremekg/.pico-sdk/sdk/2.2.0/src/rp2_common/pico_stdio_usb/stdio_usb_descriptors.c.o
                0x10007050                tud_descriptor_string_cb
 .text._retrieve_unique_id_on_boot
                0x100070b4       0x58 stairs_ws2815/CMakeFiles/proj_stairs_ws2815.dir/home/jaremekg/.pico-sdk/sdk/2.2.0/src/rp2_common/pico_unique_id/unique_id.c.o
 .text.pico_get_unique_board_id
                0x1000710c       0x10 stairs_ws2815/CMakeFiles/proj_stairs_ws2815.dir/home/jaremekg/.pico-sdk/sdk/2.2.0/src/rp2_common/pico_unique_id/unique_id.c.o
                0x1000710c                pico_get_unique_board_id
 .text.pico_get_unique_board_id_string
                0x1000711c       0x5c stairs_ws2815/CMakeFiles/proj_stairs_ws2815.dir/home/jaremekg/.pico-sdk/sdk/2.2.0/src/rp2_common/pico_unique_id/unique_id.c.o
                0x1000711c                pico_get_unique_board_id_string
 .text.hw_endpoint_init
                0x10007178       0xbc stairs_ws2815/CMakeFiles/proj_stairs_ws2815.dir/home/jaremekg/.pico-sdk/sdk/2.2.0/lib/tinyusb/src/portable/raspberrypi/rp2040/dcd_rp2040.c.o
 .text.hw_endpoint_alloc
                0x10007234       0x48 stairs_ws2815/CMakeFiles/proj_stairs_ws2815.dir/home/jaremekg/.pico-sdk/sdk/2.2.0/lib/tinyusb/src/portable/raspberrypi/rp2040/dcd_rp2040.c.o
 .text.hw_endpoint_open
                0x1000727c       0x44 stairs_ws2815/CMakeFiles/proj_stairs_ws2815.dir/home/jaremekg/.pico-sdk/sdk/2.2.0/lib/tinyusb/src/portable/raspberrypi/rp2040/dcd_rp2040.c.o
 .text.hw_endpoint_xfer
                0x100072c0       0x1c stairs_ws2815/CMakeFiles/proj_stairs_ws2815.dir/home/jaremekg/.pico-sdk/sdk/2.2.0/lib/tinyusb/src/portable/raspberrypi/rp2040/dcd_rp2040.c.o
 .text.dcd_int_enable
                0x100072dc       0x28 stairs_ws2815/CMakeFiles/proj_stairs_ws2815.dir/home/jaremekg/.pico-sdk/sdk/2.2.0/lib/tinyusb/src/portable/raspberrypi/rp2040/dcd_rp2040.c.o
                0x100072dc                dcd_int_enable
 .text.dcd_set_address
                0x10007304       0x2c stairs_ws2815/CMakeFiles/proj_stairs_ws2815.dir/home/jaremekg/.pico-sdk/sdk/2.2.0/lib/tinyusb/src/portable/raspberrypi/rp2040/dcd_rp2040.c.o
                0x10007304                dcd_set_address
 .text.dcd_connect
                0x10007330       0x10 stairs_ws2815/CMakeFiles/proj_stairs_ws2815.dir/home/jaremekg/.pico-sdk/sdk/2.2.0/lib/tinyusb/src/portable/raspberrypi/rp2040/dcd_rp2040.c.o
                0x10007330                dcd_connect
 .text.dcd_init
                0x10007340       0x84 stairs_ws2815/CMakeFiles/proj_stairs_ws2815.dir/home/jaremekg/.pico-sdk/sdk/2.2.0/lib/tinyusb/src/portable/raspberrypi/rp2040/dcd_rp2040.c.o
                0x10007340                dcd_init
 .text.dcd_sof_enable
                0x100073c4       0x1c stairs_ws2815/CMakeFiles/proj_stairs_ws2815.dir/home/jaremekg/.pico-sdk/sdk/2.2.0/lib/tinyusb/src/portable/raspberrypi/rp2040/dcd_rp2040.c.o
                0x100073c4                dcd_sof_enable
 .text.dcd_edpt0_status_complete
                0x100073e0       0x20 stairs_ws2815/CMakeFiles/proj_stairs_ws2815.dir/home/jaremekg/.pico-sdk/sdk/2.2.0/lib/tinyusb/src/portable/raspberrypi/rp2040/dcd_rp2040.c.o
                0x100073e0                dcd_edpt0_status_complete
 .text.dcd_edpt_open
                0x10007400       0x22 stairs_ws2815/CMakeFiles/proj_stairs_ws2815.dir/home/jaremekg/.pico-sdk/sdk/2.2.0/lib/tinyusb/src/portable/raspberrypi/rp2040/dcd_rp2040.c.o
                0x10007400                dcd_edpt_open
 .text.dcd_edpt_close_all
                0x10007422        0x8 stairs_ws2815/CMakeFiles/proj_stairs_ws2815.dir/home/jaremekg/.pico-sdk/sdk/2.2.0/lib/tinyusb/src/portable/raspberrypi/rp2040/dcd_rp2040.c.o
                0x10007422                dcd_edpt_close_all
 *fill*         0x1000742a        0x2 
 .text.dcd_edpt_xfer
                0x1000742c       0x2c stairs_ws2815/CMakeFiles/proj_stairs_ws2815.dir/home/jaremekg/.pico-sdk/sdk/2.2.0/lib/tinyusb/src/portable/raspberrypi/rp2040/dcd_rp2040.c.o
                0x1000742c                dcd_edpt_xfer
 .text.dcd_edpt_stall
                0x10007458       0x38 stairs_ws2815/CMakeFiles/proj_stairs_ws2815.dir/home/jaremekg/.pico-sdk/sdk/2.2.0/lib/tinyusb/src/portable/raspberrypi/rp2040/dcd_rp2040.c.o
                0x10007458                dcd_edpt_stall
 .text.dcd_edpt_clear_stall
                0x10007490       0x28 stairs_ws2815/CMakeFiles/proj_stairs_ws2815.dir/home/jaremekg/.pico-sdk/sdk/2.2.0/lib/tinyusb/src/portable/raspberrypi/rp2040/dcd_rp2040.c.o
                0x10007490                dcd_edpt_clear_stall
 .text.unaligned_memcpy
                0x100074b8       0x14 stairs_ws2815/CMakeFiles/proj_stairs_ws2815.dir/home/jaremekg/.pico-sdk/sdk/2.2.0/lib/tinyusb/src/portable/raspberrypi/rp2040/rp2040_usb.c.o
 .text.rp2040_usb_init
                0x100074cc       0x40 stairs_ws2815/CMakeFiles/proj_stairs_ws2815.dir/home/jaremekg/.pico-sdk/sdk/2.2.0/lib/tinyusb/src/portable/raspberrypi/rp2040/rp2040_usb.c.o
                0x100074cc                rp2040_usb_init
 .text.hw_endpoint_xfer_start
                0x1000750c       0x58 stairs_ws2815/CMakeFiles/proj_stairs_ws2815.dir/home/jaremekg/.pico-sdk/sdk/2.2.0/lib/tinyusb/src/portable/raspberrypi/rp2040/rp2040_usb.c.o
                0x1000750c                hw_endpoint_xfer_start
 .text.configuration_reset
                0x10007564       0x90 stairs_ws2815/CMakeFiles/proj_stairs_ws2815.dir/home/jaremekg/.pico-sdk/sdk/2.2.0/lib/tinyusb/src/device/usbd.c.o
 .text.usbd_reset
                0x100075f4        0xc stairs_ws2815/CMakeFiles/proj_stairs_ws2815.dir/home/jaremekg/.pico-sdk/sdk/2.2.0/lib/tinyusb/src/device/usbd.c.o
 .text.invoke_class_control
                0x10007600       0x1a stairs_ws2815/CMakeFiles/proj_stairs_ws2815.dir/home/jaremekg/.pico-sdk/sdk/2.2.0/lib/tinyusb/src/device/usbd.c.o
 *fill*         0x1000761a        0x2 
 .text.process_set_config
                0x1000761c      0x1cc stairs_ws2815/CMakeFiles/proj_stairs_ws2815.dir/home/jaremekg/.pico-sdk/sdk/2.2.0/lib/tinyusb/src/device/usbd.c.o
 .text.tud_event_hook_cb
                0x100077e8        0x2 stairs_ws2815/CMakeFiles/proj_stairs_ws2815.dir/home/jaremekg/.pico-sdk/sdk/2.2.0/lib/tinyusb/src/device/usbd.c.o
                0x100077e8                tud_event_hook_cb
 .text.tud_sof_cb
                0x100077ea        0x2 stairs_ws2815/CMakeFiles/proj_stairs_ws2815.dir/home/jaremekg/.pico-sdk/sdk/2.2.0/lib/tinyusb/src/device/usbd.c.o
                0x100077ea                tud_sof_cb
 .text.tud_descriptor_device_qualifier_cb
                0x100077ec        0x4 stairs_ws2815/CMakeFiles/proj_stairs_ws2815.dir/home/jaremekg/.pico-sdk/sdk/2.2.0/lib/tinyusb/src/device/usbd.c.o
                0x100077ec                tud_descriptor_device_qualifier_cb
 .text.tud_descriptor_other_speed_configuration_cb
                0x100077f0        0x4 stairs_ws2815/CMakeFiles/proj_stairs_ws2815.dir/home/jaremekg/.pico-sdk/sdk/2.2.0/lib/tinyusb/src/device/usbd.c.o
                0x100077f0                tud_descriptor_other_speed_configuration_cb
 .text.process_get_descriptor
                0x100077f4       0xf8 stairs_ws2815/CMakeFiles/proj_stairs_ws2815.dir/home/jaremekg/.pico-sdk/sdk/2.2.0/lib/tinyusb/src/device/usbd.c.o
 .text.tud_mount_cb
                0x100078ec        0x2 stairs_ws2815/CMakeFiles/proj_stairs_ws2815.dir/home/jaremekg/.pico-sdk/sdk/2.2.0/lib/tinyusb/src/device/usbd.c.o
                0x100078ec                tud_mount_cb
 .text.tud_umount_cb
                0x100078ee        0x2 stairs_ws2815/CMakeFiles/proj_stairs_ws2815.dir/home/jaremekg/.pico-sdk/sdk/2.2.0/lib/tinyusb/src/device/usbd.c.o
                0x100078ee                tud_umount_cb
 .text.tud_suspend_cb
                0x100078f0        0x2 stairs_ws2815/CMakeFiles/proj_stairs_ws2815.dir/home/jaremekg/.pico-sdk/sdk/2.2.0/lib/tinyusb/src/device/usbd.c.o
                0x100078f0                tud_suspend_cb
 .text.tud_resume_cb
                0x100078f2        0x2 stairs_ws2815/CMakeFiles/proj_stairs_ws2815.dir/home/jaremekg/.pico-sdk/sdk/2.2.0/lib/tinyusb/src/device/usbd.c.o
                0x100078f2                tud_resume_cb
 .text.tud_mounted
                0x100078f4       0x14 stairs_ws2815/CMakeFiles/proj_stairs_ws2815.dir/home/jaremekg/.pico-sdk/sdk/2.2.0/lib/tinyusb/src/device/usbd.c.o
                0x100078f4                tud_mounted
 .text.tud_suspended
                0x10007908       0x10 stairs_ws2815/CMakeFiles/proj_stairs_ws2815.dir/home/jaremekg/.pico-sdk/sdk/2.2.0/lib/tinyusb/src/device/usbd.c.o
                0x10007908                tud_suspended
 .text.tud_inited
                0x10007918       0x10 stairs_ws2815/CMakeFiles/proj_stairs_ws2815.dir/home/jaremekg/.pico-sdk/sdk/2.2.0/lib/tinyusb/src/device/usbd.c.o
                0x10007918                tud_inited
 .text.tud_rhport_init
                0x10007928      0x128 stairs_ws2815/CMakeFiles/proj_stairs_ws2815.dir/home/jaremekg/.pico-sdk/sdk/2.2.0/lib/tinyusb/src/device/usbd.c.o
                0x10007928                tud_rhport_init
 .text.usbd_edpt_open
                0x10007a50       0x7c stairs_ws2815/CMakeFiles/proj_stairs_ws2815.dir/home/jaremekg/.pico-sdk/sdk/2.2.0/lib/tinyusb/src/device/usbd.c.o
                0x10007a50                usbd_edpt_open
 .text.usbd_open_edpt_pair
                0x10007acc       0xa4 stairs_ws2815/CMakeFiles/proj_stairs_ws2815.dir/home/jaremekg/.pico-sdk/sdk/2.2.0/lib/tinyusb/src/device/usbd.c.o
                0x10007acc                usbd_open_edpt_pair
 .text.usbd_edpt_claim
                0x10007b70       0x28 stairs_ws2815/CMakeFiles/proj_stairs_ws2815.dir/home/jaremekg/.pico-sdk/sdk/2.2.0/lib/tinyusb/src/device/usbd.c.o
                0x10007b70                usbd_edpt_claim
 .text.usbd_edpt_release
                0x10007b98       0x28 stairs_ws2815/CMakeFiles/proj_stairs_ws2815.dir/home/jaremekg/.pico-sdk/sdk/2.2.0/lib/tinyusb/src/device/usbd.c.o
                0x10007b98                usbd_edpt_release
 .text.usbd_edpt_xfer
                0x10007bc0       0x90 stairs_ws2815/CMakeFiles/proj_stairs_ws2815.dir/home/jaremekg/.pico-sdk/sdk/2.2.0/lib/tinyusb/src/device/usbd.c.o
                0x10007bc0                usbd_edpt_xfer
 .text.usbd_edpt_stall
                0x10007c50       0x3c stairs_ws2815/CMakeFiles/proj_stairs_ws2815.dir/home/jaremekg/.pico-sdk/sdk/2.2.0/lib/tinyusb/src/device/usbd.c.o
                0x10007c50                usbd_edpt_stall
 .text.usbd_edpt_clear_stall
                0x10007c8c       0x3c stairs_ws2815/CMakeFiles/proj_stairs_ws2815.dir/home/jaremekg/.pico-sdk/sdk/2.2.0/lib/tinyusb/src/device/usbd.c.o
                0x10007c8c                usbd_edpt_clear_stall
 .text.usbd_edpt_stalled
                0x10007cc8       0x1c stairs_ws2815/CMakeFiles/proj_stairs_ws2815.dir/home/jaremekg/.pico-sdk/sdk/2.2.0/lib/tinyusb/src/device/usbd.c.o
                0x10007cc8                usbd_edpt_stalled
 .text.process_control_request
                0x10007ce4      0x404 stairs_ws2815/CMakeFiles/proj_stairs_ws2815.dir/home/jaremekg/.pico-sdk/sdk/2.2.0/lib/tinyusb/src/device/usbd.c.o
 .text.tud_task_ext
                0x100080e8      0x250 stairs_ws2815/CMakeFiles/proj_stairs_ws2815.dir/home/jaremekg/.pico-sdk/sdk/2.2.0/lib/tinyusb/src/device/usbd.c.o
                0x100080e8                tud_task_ext
 .text.status_stage_xact
                0x10008338       0x1a stairs_ws2815/CMakeFiles/proj_stairs_ws2815.dir/home/jaremekg/.pico-sdk/sdk/2.2.0/lib/tinyusb/src/device/usbd_control.c.o
 *fill*         0x10008352        0x2 
 .text.data_stage_xact
                0x10008354       0x5c stairs_ws2815/CMakeFiles/proj_stairs_ws2815.dir/home/jaremekg/.pico-sdk/sdk/2.2.0/lib/tinyusb/src/device/usbd_control.c.o
 .text.tud_control_status
                0x100083b0       0x28 stairs_ws2815/CMakeFiles/proj_stairs_ws2815.dir/home/jaremekg/.pico-sdk/sdk/2.2.0/lib/tinyusb/src/device/usbd_control.c.o
                0x100083b0                tud_control_status
 .text.tud_control_xfer
                0x100083d8       0xac stairs_ws2815/CMakeFiles/proj_stairs_ws2815.dir/home/jaremekg/.pico-sdk/sdk/2.2.0/lib/tinyusb/src/device/usbd_control.c.o
                0x100083d8                tud_control_xfer
 .text.usbd_control_reset
                0x10008484       0x14 stairs_ws2815/CMakeFiles/proj_stairs_ws2815.dir/home/jaremekg/.pico-sdk/sdk/2.2.0/lib/tinyusb/src/device/usbd_control.c.o
                0x10008484                usbd_control_reset
 .text.usbd_control_set_complete_callback
                0x10008498        0xc stairs_ws2815/CMakeFiles/proj_stairs_ws2815.dir/home/jaremekg/.pico-sdk/sdk/2.2.0/lib/tinyusb/src/device/usbd_control.c.o
                0x10008498                usbd_control_set_complete_callback
 .text.usbd_control_set_request
                0x100084a4       0x1c stairs_ws2815/CMakeFiles/proj_stairs_ws2815.dir/home/jaremekg/.pico-sdk/sdk/2.2.0/lib/tinyusb/src/device/usbd_control.c.o
                0x100084a4                usbd_control_set_request
 .text.usbd_control_xfer_cb
                0x100084c0      0x10c stairs_ws2815/CMakeFiles/proj_stairs_ws2815.dir/home/jaremekg/.pico-sdk/sdk/2.2.0/lib/tinyusb/src/device/usbd_control.c.o
                0x100084c0                usbd_control_xfer_cb
 .text._prep_out_transaction
                0x100085cc       0x94 stairs_ws2815/CMakeFiles/proj_stairs_ws2815.dir/home/jaremekg/.pico-sdk/sdk/2.2.0/lib/tinyusb/src/class/cdc/cdc_device.c.o
 .text.tud_cdc_n_connected
                0x10008660       0x34 stairs_ws2815/CMakeFiles/proj_stairs_ws2815.dir/home/jaremekg/.pico-sdk/sdk/2.2.0/lib/tinyusb/src/class/cdc/cdc_device.c.o
                0x10008660                tud_cdc_n_connected
 .text.tud_cdc_n_available
                0x10008694       0x18 stairs_ws2815/CMakeFiles/proj_stairs_ws2815.dir/home/jaremekg/.pico-sdk/sdk/2.2.0/lib/tinyusb/src/class/cdc/cdc_device.c.o
                0x10008694                tud_cdc_n_available
 .text.tud_cdc_n_read
                0x100086ac       0x34 stairs_ws2815/CMakeFiles/proj_stairs_ws2815.dir/home/jaremekg/.pico-sdk/sdk/2.2.0/lib/tinyusb/src/class/cdc/cdc_device.c.o
                0x100086ac                tud_cdc_n_read
 .text.tud_cdc_n_write_flush
                0x100086e0       0xb8 stairs_ws2815/CMakeFiles/proj_stairs_ws2815.dir/home/jaremekg/.pico-sdk/sdk/2.2.0/lib/tinyusb/src/class/cdc/cdc_device.c.o
                0x100086e0                tud_cdc_n_write_flush
 .text.tud_cdc_n_write
                0x10008798       0x44 stairs_ws2815/CMakeFiles/proj_stairs_ws2815.dir/home/jaremekg/.pico-sdk/sdk/2.2.0/lib/tinyusb/src/class/cdc/cdc_device.c.o
                0x10008798                tud_cdc_n_write
 .text.tud_cdc_n_write_available
                0x100087dc       0x1c stairs_ws2815/CMakeFiles/proj_stairs_ws2815.dir/home/jaremekg/.pico-sdk/sdk/2.2.0/lib/tinyusb/src/class/cdc/cdc_device.c.o
                0x100087dc                tud_cdc_n_write_available
 .text.cdcd_init
                0x100087f8       0xa4 stairs_ws2815/CMakeFiles/proj_stairs_ws2815.dir/home/jaremekg/.pico-sdk/sdk/2.2.0/lib/tinyusb/src/class/cdc/cdc_device.c.o
                0x100087f8                cdcd_init
 .text.cdcd_deinit
                0x1000889c       0x40 stairs_ws2815/CMakeFiles/proj_stairs_ws2815.dir/home/jaremekg/.pico-sdk/sdk/2.2.0/lib/tinyusb/src/class/cdc/cdc_device.c.o
                0x1000889c                cdcd_deinit
 .text.cdcd_reset
                0x100088dc       0x78 stairs_ws2815/CMakeFiles/proj_stairs_ws2815.dir/home/jaremekg/.pico-sdk/sdk/2.2.0/lib/tinyusb/src/class/cdc/cdc_device.c.o
                0x100088dc                cdcd_reset
 .text.cdcd_open
                0x10008954      0x124 stairs_ws2815/CMakeFiles/proj_stairs_ws2815.dir/home/jaremekg/.pico-sdk/sdk/2.2.0/lib/tinyusb/src/class/cdc/cdc_device.c.o
                0x10008954                cdcd_open
 .text.cdcd_control_xfer_cb
                0x10008a78      0x120 stairs_ws2815/CMakeFiles/proj_stairs_ws2815.dir/home/jaremekg/.pico-sdk/sdk/2.2.0/lib/tinyusb/src/class/cdc/cdc_device.c.o
                0x10008a78                cdcd_control_xfer_cb
 .text.cdcd_xfer_cb
                0x10008b98      0x138 stairs_ws2815/CMakeFiles/proj_stairs_ws2815.dir/home/jaremekg/.pico-sdk/sdk/2.2.0/lib/tinyusb/src/class/cdc/cdc_device.c.o
                0x10008b98                cdcd_xfer_cb
 .text.tud_vendor_n_mounted
                0x10008cd0       0x30 stairs_ws2815/CMakeFiles/proj_stairs_ws2815.dir/home/jaremekg/.pico-sdk/sdk/2.2.0/lib/tinyusb/src/class/vendor/vendor_device.c.o
                0x10008cd0                tud_vendor_n_mounted
 .text.tud_vendor_n_write_flush
                0x10008d00       0x20 stairs_ws2815/CMakeFiles/proj_stairs_ws2815.dir/home/jaremekg/.pico-sdk/sdk/2.2.0/lib/tinyusb/src/class/vendor/vendor_device.c.o
                0x10008d00                tud_vendor_n_write_flush
 .text.vendord_init
                0x10008d20       0x90 stairs_ws2815/CMakeFiles/proj_stairs_ws2815.dir/home/jaremekg/.pico-sdk/sdk/2.2.0/lib/tinyusb/src/class/vendor/vendor_device.c.o
                0x10008d20                vendord_init
 .text.vendord_deinit
                0x10008db0       0x30 stairs_ws2815/CMakeFiles/proj_stairs_ws2815.dir/home/jaremekg/.pico-sdk/sdk/2.2.0/lib/tinyusb/src/class/vendor/vendor_device.c.o
                0x10008db0                vendord_deinit
 .text.vendord_reset
                0x10008de0       0x48 stairs_ws2815/CMakeFiles/proj_stairs_ws2815.dir/home/jaremekg/.pico-sdk/sdk/2.2.0/lib/tinyusb/src/class/vendor/vendor_device.c.o
                0x10008de0                vendord_reset
 .text.vendord_open
                0x10008e28      0x144 stairs_ws2815/CMakeFiles/proj_stairs_ws2815.dir/home/jaremekg/.pico-sdk/sdk/2.2.0/lib/tinyusb/src/class/vendor/vendor_device.c.o
                0x10008e28                vendord_open
 .text.vendord_xfer_cb
                0x10008f6c       0xb8 stairs_ws2815/CMakeFiles/proj_stairs_ws2815.dir/home/jaremekg/.pico-sdk/sdk/2.2.0/lib/tinyusb/src/class/vendor/vendor_device.c.o
                0x10008f6c                vendord_xfer_cb
 .text.tusb_rhport_init
                0x10009024       0xac stairs_ws2815/CMakeFiles/proj_stairs_ws2815.dir/home/jaremekg/.pico-sdk/sdk/2.2.0/lib/tinyusb/src/tusb.c.o
                0x10009024                tusb_rhport_init
 .text.tu_edpt_claim
                0x100090d0       0x50 stairs_ws2815/CMakeFiles/proj_stairs_ws2815.dir/home/jaremekg/.pico-sdk/sdk/2.2.0/lib/tinyusb/src/tusb.c.o
                0x100090d0                tu_edpt_claim
 .text.tu_edpt_release
                0x10009120       0x3c stairs_ws2815/CMakeFiles/proj_stairs_ws2815.dir/home/jaremekg/.pico-sdk/sdk/2.2.0/lib/tinyusb/src/tusb.c.o
                0x10009120                tu_edpt_release
 .text.tu_edpt_validate
                0x1000915c       0xe0 stairs_ws2815/CMakeFiles/proj_stairs_ws2815.dir/home/jaremekg/.pico-sdk/sdk/2.2.0/lib/tinyusb/src/tusb.c.o
                0x1000915c                tu_edpt_validate
 .text.tu_edpt_bind_driver
                0x1000923c       0x4a stairs_ws2815/CMakeFiles/proj_stairs_ws2815.dir/home/jaremekg/.pico-sdk/sdk/2.2.0/lib/tinyusb/src/tusb.c.o
                0x1000923c                tu_edpt_bind_driver
 .text.tu_edpt_stream_init
                0x10009286       0x54 stairs_ws2815/CMakeFiles/proj_stairs_ws2815.dir/home/jaremekg/.pico-sdk/sdk/2.2.0/lib/tinyusb/src/tusb.c.o
                0x10009286                tu_edpt_stream_init
 .text.tu_edpt_stream_deinit
                0x100092da        0x4 stairs_ws2815/CMakeFiles/proj_stairs_ws2815.dir/home/jaremekg/.pico-sdk/sdk/2.2.0/lib/tinyusb/src/tusb.c.o
                0x100092da                tu_edpt_stream_deinit
 *fill*         0x100092de        0x2 
 .text.tu_edpt_stream_write_zlp_if_needed
                0x100092e0       0x90 stairs_ws2815/CMakeFiles/proj_stairs_ws2815.dir/home/jaremekg/.pico-sdk/sdk/2.2.0/lib/tinyusb/src/tusb.c.o
                0x100092e0                tu_edpt_stream_write_zlp_if_needed
 .text.tu_edpt_stream_write_xfer
                0x10009370       0x98 stairs_ws2815/CMakeFiles/proj_stairs_ws2815.dir/home/jaremekg/.pico-sdk/sdk/2.2.0/lib/tinyusb/src/tusb.c.o
                0x10009370                tu_edpt_stream_write_xfer
 .text.tu_edpt_stream_read_xfer
                0x10009408      0x118 stairs_ws2815/CMakeFiles/proj_stairs_ws2815.dir/home/jaremekg/.pico-sdk/sdk/2.2.0/lib/tinyusb/src/tusb.c.o
                0x10009408                tu_edpt_stream_read_xfer
 .text.advance_index
                0x10009520       0x1a stairs_ws2815/CMakeFiles/proj_stairs_ws2815.dir/home/jaremekg/.pico-sdk/sdk/2.2.0/lib/tinyusb/src/common/tusb_fifo.c.o
 .text._tu_fifo_peek
                0x1000953a       0x62 stairs_ws2815/CMakeFiles/proj_stairs_ws2815.dir/home/jaremekg/.pico-sdk/sdk/2.2.0/lib/tinyusb/src/common/tusb_fifo.c.o
 .text._ff_pull_n
                0x1000959c       0x68 stairs_ws2815/CMakeFiles/proj_stairs_ws2815.dir/home/jaremekg/.pico-sdk/sdk/2.2.0/lib/tinyusb/src/common/tusb_fifo.c.o
 .text._tu_fifo_peek_n
                0x10009604       0x6a stairs_ws2815/CMakeFiles/proj_stairs_ws2815.dir/home/jaremekg/.pico-sdk/sdk/2.2.0/lib/tinyusb/src/common/tusb_fifo.c.o
 .text._tu_fifo_read_n
                0x1000966e       0x4c stairs_ws2815/CMakeFiles/proj_stairs_ws2815.dir/home/jaremekg/.pico-sdk/sdk/2.2.0/lib/tinyusb/src/common/tusb_fifo.c.o
 .text._ff_push_n
                0x100096ba       0x66 stairs_ws2815/CMakeFiles/proj_stairs_ws2815.dir/home/jaremekg/.pico-sdk/sdk/2.2.0/lib/tinyusb/src/common/tusb_fifo.c.o
 .text._tu_fifo_write_n
                0x10009720       0xf0 stairs_ws2815/CMakeFiles/proj_stairs_ws2815.dir/home/jaremekg/.pico-sdk/sdk/2.2.0/lib/tinyusb/src/common/tusb_fifo.c.o
 .text.tu_fifo_config
                0x10009810       0x62 stairs_ws2815/CMakeFiles/proj_stairs_ws2815.dir/home/jaremekg/.pico-sdk/sdk/2.2.0/lib/tinyusb/src/common/tusb_fifo.c.o
                0x10009810                tu_fifo_config
 .text.tu_fifo_count
                0x10009872       0x28 stairs_ws2815/CMakeFiles/proj_stairs_ws2815.dir/home/jaremekg/.pico-sdk/sdk/2.2.0/lib/tinyusb/src/common/tusb_fifo.c.o
                0x10009872                tu_fifo_count
 .text.tu_fifo_empty
                0x1000989a       0x12 stairs_ws2815/CMakeFiles/proj_stairs_ws2815.dir/home/jaremekg/.pico-sdk/sdk/2.2.0/lib/tinyusb/src/common/tusb_fifo.c.o
                0x1000989a                tu_fifo_empty
 .text.tu_fifo_full
                0x100098ac       0x28 stairs_ws2815/CMakeFiles/proj_stairs_ws2815.dir/home/jaremekg/.pico-sdk/sdk/2.2.0/lib/tinyusb/src/common/tusb_fifo.c.o
                0x100098ac                tu_fifo_full
 .text.tu_fifo_remaining
                0x100098d4       0x2c stairs_ws2815/CMakeFiles/proj_stairs_ws2815.dir/home/jaremekg/.pico-sdk/sdk/2.2.0/lib/tinyusb/src/common/tusb_fifo.c.o
                0x100098d4                tu_fifo_remaining
 .text.tu_fifo_read
                0x10009900       0x3e stairs_ws2815/CMakeFiles/proj_stairs_ws2815.dir/home/jaremekg/.pico-sdk/sdk/2.2.0/lib/tinyusb/src/common/tusb_fifo.c.o
                0x10009900                tu_fifo_read
 .text.tu_fifo_read_n
                0x1000993e        0xa stairs_ws2815/CMakeFiles/proj_stairs_ws2815.dir/home/jaremekg/.pico-sdk/sdk/2.2.0/lib/tinyusb/src/common/tusb_fifo.c.o
                0x1000993e                tu_fifo_read_n
 .text.tu_fifo_write
                0x10009948       0x5e stairs_ws2815/CMakeFiles/proj_stairs_ws2815.dir/home/jaremekg/.pico-sdk/sdk/2.2.0/lib/tinyusb/src/common/tusb_fifo.c.o
                0x10009948                tu_fifo_write
 .text.tu_fifo_write_n
                0x100099a6        0xa stairs_ws2815/CMakeFiles/proj_stairs_ws2815.dir/home/jaremekg/.pico-sdk/sdk/2.2.0/lib/tinyusb/src/common/tusb_fifo.c.o
                0x100099a6                tu_fifo_write_n
 .text.tu_fifo_clear
                0x100099b0       0x36 stairs_ws2815/CMakeFiles/proj_stairs_ws2815.dir/home/jaremekg/.pico-sdk/sdk/2.2.0/lib/tinyusb/src/common/tusb_fifo.c.o
                0x100099b0                tu_fifo_clear
 .text.tu_fifo_set_overwritable
                0x100099e6       0x3a stairs_ws2815/CMakeFiles/proj_stairs_ws2815.dir/home/jaremekg/.pico-sdk/sdk/2.2.0/lib/tinyusb/src/common/tusb_fifo.c.o
                0x100099e6                tu_fifo_set_overwritable
 .text.spi_unreset
                0x10009a20       0x2c stairs_ws2815/CMakeFiles/proj_stairs_ws2815.dir/home/jaremekg/.pico-sdk/sdk/2.2.0/src/rp2_common/hardware_spi/spi.c.o
 .text.spi_set_baudrate
                0x10009a4c       0x7e stairs_ws2815/CMakeFiles/proj_stairs_ws2815.dir/home/jaremekg/.pico-sdk/sdk/2.2.0/src/rp2_common/hardware_spi/spi.c.o
                0x10009a4c                spi_set_baudrate
 *fill*         0x10009aca        0x2 
 .text.spi_init
                0x10009acc       0x68 stairs_ws2815/CMakeFiles/proj_stairs_ws2815.dir/home/jaremekg/.pico-sdk/sdk/2.2.0/src/rp2_common/hardware_spi/spi.c.o
                0x10009acc                spi_init
 .text.dma_channel_claim
                0x10009b34       0x18 stairs_ws2815/CMakeFiles/proj_stairs_ws2815.dir/home/jaremekg/.pico-sdk/sdk/2.2.0/src/rp2_common/hardware_dma/dma.c.o
                0x10009b34                dma_channel_claim
 .text.dma_claim_mask
                0x10009b4c       0x1e stairs_ws2815/CMakeFiles/proj_stairs_ws2815.dir/home/jaremekg/.pico-sdk/sdk/2.2.0/src/rp2_common/hardware_dma/dma.c.o
                0x10009b4c                dma_claim_mask
 .text.pio_get_default_sm_config
                0x10009b6a       0x24 stairs_ws2815/CMakeFiles/proj_stairs_ws2815.dir/home/jaremekg/.pico-sdk/sdk/2.2.0/src/rp2_common/hardware_pio/pio.c.o
 *fill*         0x10009b8e        0x2 
 .text.pio_set_gpio_base_unsafe
                0x10009b90       0x34 stairs_ws2815/CMakeFiles/proj_stairs_ws2815.dir/home/jaremekg/.pico-sdk/sdk/2.2.0/src/rp2_common/hardware_pio/pio.c.o
 .text.is_gpio_compatible
                0x10009bc4       0x22 stairs_ws2815/CMakeFiles/proj_stairs_ws2815.dir/home/jaremekg/.pico-sdk/sdk/2.2.0/src/rp2_common/hardware_pio/pio.c.o
 .text.is_program_gpio_compatible
                0x10009be6        0xa stairs_ws2815/CMakeFiles/proj_stairs_ws2815.dir/home/jaremekg/.pico-sdk/sdk/2.2.0/src/rp2_common/hardware_pio/pio.c.o
 .text.add_program_at_offset_check
                0x10009bf0       0x54 stairs_ws2815/CMakeFiles/proj_stairs_ws2815.dir/home/jaremekg/.pico-sdk/sdk/2.2.0/src/rp2_common/hardware_pio/pio.c.o
 .text.add_program_at_offset
                0x10009c44       0x60 stairs_ws2815/CMakeFiles/proj_stairs_ws2815.dir/home/jaremekg/.pico-sdk/sdk/2.2.0/src/rp2_common/hardware_pio/pio.c.o
 .text.find_offset_for_program
                0x10009ca4       0x78 stairs_ws2815/CMakeFiles/proj_stairs_ws2815.dir/home/jaremekg/.pico-sdk/sdk/2.2.0/src/rp2_common/hardware_pio/pio.c.o
 .text.pio_sm_unclaim
                0x10009d1c       0x1c stairs_ws2815/CMakeFiles/proj_stairs_ws2815.dir/home/jaremekg/.pico-sdk/sdk/2.2.0/src/rp2_common/hardware_pio/pio.c.o
                0x10009d1c                pio_sm_unclaim
 .text.pio_claim_unused_sm
                0x10009d38       0x38 stairs_ws2815/CMakeFiles/proj_stairs_ws2815.dir/home/jaremekg/.pico-sdk/sdk/2.2.0/src/rp2_common/hardware_pio/pio.c.o
                0x10009d38                pio_claim_unused_sm
 .text.pio_sm_set_consecutive_pindirs
                0x10009d70       0x9e stairs_ws2815/CMakeFiles/proj_stairs_ws2815.dir/home/jaremekg/.pico-sdk/sdk/2.2.0/src/rp2_common/hardware_pio/pio.c.o
                0x10009d70                pio_sm_set_consecutive_pindirs
 .text.pio_sm_init
                0x10009e0e       0xac stairs_ws2815/CMakeFiles/proj_stairs_ws2815.dir/home/jaremekg/.pico-sdk/sdk/2.2.0/src/rp2_common/hardware_pio/pio.c.o
                0x10009e0e                pio_sm_init
 .text.pio_claim_free_sm_and_add_program_for_gpio_range
                0x10009eba       0xee stairs_ws2815/CMakeFiles/proj_stairs_ws2815.dir/home/jaremekg/.pico-sdk/sdk/2.2.0/src/rp2_common/hardware_pio/pio.c.o
                0x10009eba                pio_claim_free_sm_and_add_program_for_gpio_range
 .text.close    0x10009fa8       0x78 stairs_ws2815/CMakeFiles/proj_stairs_ws2815.dir/home/jaremekg/project/pico2/work/WIZnet-PICO-C/libraries/ioLibrary_Driver/Ethernet/socket.c.o
                0x10009fa8                close