Archive member included to satisfy reference by file (symbol)

/home/jaremekg/.pico-sdk/toolchain/14_2_Rel1/bin/../lib/gcc/arm-none-eabi/14.2.1/../../../../arm-none-eabi/lib/thumb/v8-m.main+fp/softfp/libm.a(libm_a-wf_sqrt.o)
                              layout_seeder/CMakeFiles/w6100_part_layout.dir/home/jaremekg/.pico-sdk/sdk/2.2.0/src/rp2_common/pico_float/float_math.c.o (sqrtf)
/home/jaremekg/.pico-sdk/toolchain/14_2_Rel1/bin/../lib/gcc/arm-none-eabi/14.2.1/../../../../arm-none-eabi/lib/thumb/v8-m.main+fp/softfp/libm.a(libm_a-ef_sqrt.o)
                              /home/jaremekg/.pico-sdk/toolchain/14_2_Rel1/bin/../lib/gcc/arm-none-eabi/14.2.1/../../../../arm-none-eabi/lib/thumb/v8-m.main+fp/softfp/libm.a(libm_a-wf_sqrt.o) (__ieee754_sqrtf)
/home/jaremekg/.pico-sdk/toolchain/14_2_Rel1/bin/../lib/gcc/arm-none-eabi/14.2.1/thumb/v8-m.main+fp/softfp/libgcc.a(_arm_addsubdf3.o)
                              layout_seeder/CMakeFiles/w6100_part_layout.dir/home/jaremekg/.pico-sdk/sdk/2.2.0/src/rp2_common/pico_float/float_math.c.o (__aeabi_f2d)
/home/jaremekg/.pico-sdk/toolchain/14_2_Rel1/bin/../lib/gcc/arm-none-eabi/14.2.1/thumb/v8-m.main+fp/softfp/libgcc.a(_aeabi_ldivmod.o)
                              layout_seeder/CMakeFiles/w6100_part_layout.dir/home/jaremekg/.pico-sdk/sdk/2.2.0/src/common/pico_time/time.c.o (__aeabi_ldivmod)
/home/jaremekg/.pico-sdk/toolchain/14_2_Rel1/bin/../lib/gcc/arm-none-eabi/14.2.1/thumb/v8-m.main+fp/softfp/libgcc.a(_aeabi_uldivmod.o)
                              layout_seeder/CMakeFiles/w6100_part_layout.dir/home/jaremekg/.pico-sdk/sdk/2.2.0/src/rp2_common/hardware_clocks/clocks.c.o (__aeabi_uldivmod)
/home/jaremekg/.pico-sdk/toolchain/14_2_Rel1/bin/../lib/gcc/arm-none-eabi/14.2.1/thumb/v8-m.main+fp/softfp/libgcc.a(_udivmoddi4.o)
                              /home/jaremekg/.pico-sdk/toolchain/14_2_Rel1/bin/../lib/gcc/arm-none-eabi/14.2.1/thumb/v8-m.main+fp/softfp/libgcc.a(_aeabi_ldivmod.o) (__udivmoddi4)
/home/jaremekg/.pico-sdk/toolchain/14_2_Rel1/bin/../lib/gcc/arm-none-eabi/14.2.1/thumb/v8-m.main+fp/softfp/libgcc.a(_dvmd_tls.o)
                              /home/jaremekg/.pico-sdk/toolchain/14_2_Rel1/bin/../lib/gcc/arm-none-eabi/14.2.1/thumb/v8-m.main+fp/softfp/libgcc.a(_aeabi_ldivmod.o) (__aeabi_ldiv0)
/home/jaremekg/.pico-sdk/toolchain/14_2_Rel1/bin/../lib/gcc/arm-none-eabi/14.2.1/../../../../arm-none-eabi/lib/thumb/v8-m.main+fp/softfp/libg.a(libc_a-calloc.o)
                              layout_seeder/CMakeFiles/w6100_part_layout.dir/home/jaremekg/.pico-sdk/sdk/2.2.0/src/rp2_common/pico_malloc/malloc.c.o (calloc)
/home/jaremekg/.pico-sdk/toolchain/14_2_Rel1/bin/../lib/gcc/arm-none-eabi/14.2.1/../../../../arm-none-eabi/lib/thumb/v8-m.main+fp/softfp/libg.a(libc_a-callocr.o)
                              /home/jaremekg/.pico-sdk/toolchain/14_2_Rel1/bin/../lib/gcc/arm-none-eabi/14.2.1/../../../../arm-none-eabi/lib/thumb/v8-m.main+fp/softfp/libg.a(libc_a-calloc.o) (_calloc_r)
/home/jaremekg/.pico-sdk/toolchain/14_2_Rel1/bin/../lib/gcc/arm-none-eabi/14.2.1/../../../../arm-none-eabi/lib/thumb/v8-m.main+fp/softfp/libg.a(libc_a-malloc.o)
                              layout_seeder/CMakeFiles/w6100_part_layout.dir/home/jaremekg/.pico-sdk/sdk/2.2.0/src/rp2_common/pico_malloc/malloc.c.o (malloc)
/home/jaremekg/.pico-sdk/toolchain/14_2_Rel1/bin/../lib/gcc/arm-none-eabi/14.2.1/../../../../arm-none-eabi/lib/thumb/v8-m.main+fp/softfp/libg.a(libc_a-mallocr.o)
                              /home/jaremekg/.pico-sdk/toolchain/14_2_Rel1/bin/../lib/gcc/arm-none-eabi/14.2.1/../../../../arm-none-eabi/lib/thumb/v8-m.main+fp/softfp/libg.a(libc_a-callocr.o) (_malloc_r)
/home/jaremekg/.pico-sdk/toolchain/14_2_Rel1/bin/../lib/gcc/arm-none-eabi/14.2.1/../../../../arm-none-eabi/lib/thumb/v8-m.main+fp/softfp/libg.a(libc_a-mlock.o)
                              /home/jaremekg/.pico-sdk/toolchain/14_2_Rel1/bin/../lib/gcc/arm-none-eabi/14.2.1/../../../../arm-none-eabi/lib/thumb/v8-m.main+fp/softfp/libg.a(libc_a-mallocr.o) (__malloc_lock)
/home/jaremekg/.pico-sdk/toolchain/14_2_Rel1/bin/../lib/gcc/arm-none-eabi/14.2.1/../../../../arm-none-eabi/lib/thumb/v8-m.main+fp/softfp/libg.a(libc_a-realloc.o)
                              layout_seeder/CMakeFiles/w6100_part_layout.dir/home/jaremekg/.pico-sdk/sdk/2.2.0/src/rp2_common/pico_malloc/malloc.c.o (realloc)
/home/jaremekg/.pico-sdk/toolchain/14_2_Rel1/bin/../lib/gcc/arm-none-eabi/14.2.1/../../../../arm-none-eabi/lib/thumb/v8-m.main+fp/softfp/libg.a(libc_a-reallocr.o)
                              /home/jaremekg/.pico-sdk/toolchain/14_2_Rel1/bin/../lib/gcc/arm-none-eabi/14.2.1/../../../../arm-none-eabi/lib/thumb/v8-m.main+fp/softfp/libg.a(libc_a-realloc.o) (_realloc_r)
/home/jaremekg/.pico-sdk/toolchain/14_2_Rel1/bin/../lib/gcc/arm-none-eabi/14.2.1/../../../../arm-none-eabi/lib/thumb/v8-m.main+fp/softfp/libg.a(libc_a-memcmp.o)
[...]
Memory Configuration

Name             Origin             Length             Attributes
FLASH            0x10000000         0x00400000         xr
RAM              0x20000000         0x00080000         xrw
SCRATCH_X        0x20080000         0x00001000         xrw
SCRATCH_Y        0x20081000         0x00001000         xrw
*default*        0x00000000         0xffffffff

Linker script and memory map

LOAD /home/jaremekg/.pico-sdk/toolchain/14_2_Rel1/bin/../lib/gcc/arm-none-eabi/14.2.1/thumb/v8-m.main+fp/softfp/crti.o
LOAD /home/jaremekg/.pico-sdk/toolchain/14_2_Rel1/bin/../lib/gcc/arm-none-eabi/14.2.1/thumb/v8-m.main+fp/softfp/crtbegin.o
LOAD /home/jaremekg/.pico-sdk/toolchain/14_2_Rel1/bin/../lib/gcc/arm-none-eabi/14.2.1/../../../../arm-none-eabi/lib/thumb/v8-m.main+fp/softfp/crt0.o

.flash_begin    0x10000000        0x0
                0x10000000                        __flash_binary_start = .

.text           0x10000000     0x29c4
                0x10000000                        __logical_binary_start = .
 *(.vectors)
 .vectors       0x10000000      0x124 layout_seeder/CMakeFiles/w6100_part_layout.dir/home/jaremekg/.pico-sdk/sdk/2.2.0/src/rp2_common/pico_crt0/crt0.S.o
                0x10000000                __vectors
                0x10000000                __VECTOR_TABLE
                0x10000110                isr_securefault
                0x10000110                isr_irq30
                0x10000110                __unhandled_user_irq
                0x10000110                isr_irq49
                0x10000110                isr_irq13
                0x10000110                isr_irq43
                0x10000110                isr_irq45
                0x10000110                isr_irq27
                0x10000110                isr_irq32
                0x10000110                isr_irq31
                0x10000110                isr_irq5
                0x10000110                isr_irq11
                0x10000110                isr_irq23
                0x10000110                isr_usagefault
                0x10000110                isr_irq48
                0x10000110                isr_irq35
                0x10000110                isr_irq18
                0x10000110                isr_irq50
                0x10000110                isr_irq40
                0x10000110                isr_irq28
                0x10000110                isr_irq19
                0x10000110                isr_irq36
                0x10000110                isr_irq41
                0x10000110                isr_irq0
                0x10000110                isr_irq6
                0x10000110                isr_memmanage
                0x10000110                isr_irq37
                0x10000110                isr_irq42
                0x10000110                isr_irq22
                0x10000110                isr_irq17
                0x10000110                isr_irq38
                0x10000110                isr_irq14
                0x10000110                __vectors_end
                0x10000110                __default_isrs_start
                0x10000110                isr_irq2
                0x10000110                isr_irq10
                0x10000110                isr_irq8
                0x10000110                isr_debugmonitor
                0x10000110                isr_irq24
                0x10000110                isr_irq46
                0x10000110                isr_irq1
                0x10000110                isr_irq47
                0x10000110                isr_irq51
                0x10000110                isr_irq7
                0x10000110                isr_irq21
                0x10000110                isr_irq39
                0x10000110                isr_irq20
                0x10000110                isr_irq15
                0x10000110                isr_irq25
                0x10000110                isr_irq34
                0x10000110                isr_irq4
                0x10000110                isr_busfault
                0x10000110                isr_irq16
                0x10000110                isr_irq44
                0x10000110                isr_irq29
                0x10000110                isr_irq26
                0x10000110                isr_irq33
                0x10000110                isr_irq3
                0x10000110                isr_irq12
                0x10000110                isr_irq9
                0x10000116                unhandled_user_irq_num_in_r0
                0x10000118                isr_invalid
                0x1000011a                isr_nmi
                0x1000011c                isr_hardfault
                0x1000011e                isr_svcall
                0x10000120                isr_pendsv
                0x10000122                isr_systick
                0x10000124                __default_isrs_end
 *(.binary_info_header)
 .binary_info_header
                0x10000124       0x14 layout_seeder/CMakeFiles/w6100_part_layout.dir/home/jaremekg/.pico-sdk/sdk/2.2.0/src/rp2_common/pico_crt0/crt0.S.o
                0x10000138                        __binary_info_header_end = .
 *(.embedded_block)
 .embedded_block
                0x10000138       0x14 layout_seeder/CMakeFiles/w6100_part_layout.dir/home/jaremekg/.pico-sdk/sdk/2.2.0/src/rp2_common/pico_crt0/crt0.S.o
                0x1000014c                        __embedded_block_end = .
 *(.reset)
 .reset         0x1000014c       0x98 layout_seeder/CMakeFiles/w6100_part_layout.dir/home/jaremekg/.pico-sdk/sdk/2.2.0/src/rp2_common/pico_crt0/crt0.S.o
                0x1000014c                _entry_point
 *(.init)
 .init          0x100001e4        0x4 /home/jaremekg/.pico-sdk/toolchain/14_2_Rel1/bin/../lib/gcc/arm-none-eabi/14.2.1/thumb/v8-m.main+fp/softfp/crti.o
                0x100001e4                _init
 *libgcc.a:cmse_nonsecure_call.o()
 *(EXCLUDE_FILE(*libm.a: *libc.a:*lib_a-mem*.o *libgcc.a:) .text*)
 .text.register_tm_clones
                0x100001e8       0x28 /home/jaremekg/.pico-sdk/toolchain/14_2_Rel1/bin/../lib/gcc/arm-none-eabi/14.2.1/thumb/v8-m.main+fp/softfp/crtbegin.o
 .text.frame_dummy
                0x10000210       0x24 /home/jaremekg/.pico-sdk/toolchain/14_2_Rel1/bin/../lib/gcc/arm-none-eabi/14.2.1/thumb/v8-m.main+fp/softfp/crtbegin.o
 .text.main     0x10000234        0x2 layout_seeder/CMakeFiles/w6100_part_layout.dir/layout_seed.c.o
                0x10000234                main
 *fill*         0x10000236        0x2 
 .text.panic    0x10000238       0x30 layout_seeder/CMakeFiles/w6100_part_layout.dir/home/jaremekg/.pico-sdk/sdk/2.2.0/src/rp2_common/pico_platform_panic/panic.c.o
                0x10000238                panic
 .text.hw_claim_lock
                0x10000268       0x24 layout_seeder/CMakeFiles/w6100_part_layout.dir/home/jaremekg/.pico-sdk/sdk/2.2.0/src/common/hardware_claim/claim.c.o
                0x10000268                hw_claim_lock
 .text.hw_claim_unlock
                0x1000028c       0x14 layout_seeder/CMakeFiles/w6100_part_layout.dir/home/jaremekg/.pico-sdk/sdk/2.2.0/src/common/hardware_claim/claim.c.o
                0x1000028c                hw_claim_unlock
 .text.hw_claim_or_assert
                0x100002a0       0x32 layout_seeder/CMakeFiles/w6100_part_layout.dir/home/jaremekg/.pico-sdk/sdk/2.2.0/src/common/hardware_claim/claim.c.o
                0x100002a0                hw_claim_or_assert
 *fill*         0x100002d2        0x2 
 .text.next_striped_spin_lock_num
                0x100002d4       0x1c layout_seeder/CMakeFiles/w6100_part_layout.dir/home/jaremekg/.pico-sdk/sdk/2.2.0/src/rp2_common/hardware_sync/sync.c.o
                0x100002d4                next_striped_spin_lock_num
 .text.spinlock_set_extexclall
                0x100002f0        0xe layout_seeder/CMakeFiles/w6100_part_layout.dir/home/jaremekg/.pico-sdk/sdk/2.2.0/src/rp2_common/hardware_sync_spin_lock/sync_spin_lock.c.o
 *fill*         0x100002fe        0x2 
 .text.spin_locks_reset
                0x10000300       0x1c layout_seeder/CMakeFiles/w6100_part_layout.dir/home/jaremekg/.pico-sdk/sdk/2.2.0/src/rp2_common/hardware_sync_spin_lock/sync_spin_lock.c.o
                0x10000300                spin_locks_reset
 .text.set_raw_irq_handler_and_unlock
                0x1000031c       0x24 layout_seeder/CMakeFiles/w6100_part_layout.dir/home/jaremekg/.pico-sdk/sdk/2.2.0/src/rp2_common/hardware_irq/irq.c.o
 .text.nvic_ipr0
                0x10000340        0x8 layout_seeder/CMakeFiles/w6100_part_layout.dir/home/jaremekg/.pico-sdk/sdk/2.2.0/src/rp2_common/hardware_irq/irq.c.o
 .text.runtime_init_per_core_irq_priorities
                0x10000348       0x1c layout_seeder/CMakeFiles/w6100_part_layout.dir/home/jaremekg/.pico-sdk/sdk/2.2.0/src/rp2_common/hardware_irq/irq.c.o
                0x10000348                runtime_init_per_core_irq_priorities
 .text.irq_set_mask_n_enabled
                0x10000364       0x20 layout_seeder/CMakeFiles/w6100_part_layout.dir/home/jaremekg/.pico-sdk/sdk/2.2.0/src/rp2_common/hardware_irq/irq.c.o
                0x10000364                irq_set_mask_n_enabled
 .text.irq_set_enabled
                0x10000384       0x14 layout_seeder/CMakeFiles/w6100_part_layout.dir/home/jaremekg/.pico-sdk/sdk/2.2.0/src/rp2_common/hardware_irq/irq.c.o
                0x10000384                irq_set_enabled
 .text.irq_get_vtable_handler
                0x10000398       0x10 layout_seeder/CMakeFiles/w6100_part_layout.dir/home/jaremekg/.pico-sdk/sdk/2.2.0/src/rp2_common/hardware_irq/irq.c.o
                0x10000398                irq_get_vtable_handler
 .text.irq_set_exclusive_handler
                0x100003a8       0x60 layout_seeder/CMakeFiles/w6100_part_layout.dir/home/jaremekg/.pico-sdk/sdk/2.2.0/src/rp2_common/hardware_irq/irq.c.o
                0x100003a8                irq_set_exclusive_handler
 .text.lock_init
                0x10000408        0xc layout_seeder/CMakeFiles/w6100_part_layout.dir/home/jaremekg/.pico-sdk/sdk/2.2.0/src/common/pico_sync/lock_core.c.o
                0x10000408                lock_init
 .text.mutex_init
                0x10000414       0x1a layout_seeder/CMakeFiles/w6100_part_layout.dir/home/jaremekg/.pico-sdk/sdk/2.2.0/src/common/pico_sync/mutex.c.o
                0x10000414                mutex_init
 .text.recursive_mutex_init
                0x1000042e       0x1e layout_seeder/CMakeFiles/w6100_part_layout.dir/home/jaremekg/.pico-sdk/sdk/2.2.0/src/common/pico_sync/mutex.c.o
                0x1000042e                recursive_mutex_init
 .text.runtime_init_mutex
                0x1000044c       0x4c layout_seeder/CMakeFiles/w6100_part_layout.dir/home/jaremekg/.pico-sdk/sdk/2.2.0/src/common/pico_sync/mutex.c.o
                0x1000044c                runtime_init_mutex
 .text.ta_from_current_irq
                0x10000498       0x24 layout_seeder/CMakeFiles/w6100_part_layout.dir/home/jaremekg/.pico-sdk/sdk/2.2.0/src/common/pico_time/time.c.o
 .text.ta_set_timeout
                0x100004bc       0x2a layout_seeder/CMakeFiles/w6100_part_layout.dir/home/jaremekg/.pico-sdk/sdk/2.2.0/src/common/pico_time/time.c.o
 .text.make_alarm_id
                0x100004e6        0x6 layout_seeder/CMakeFiles/w6100_part_layout.dir/home/jaremekg/.pico-sdk/sdk/2.2.0/src/common/pico_time/time.c.o
 .text.sleep_until_callback
                0x100004ec       0x3c layout_seeder/CMakeFiles/w6100_part_layout.dir/home/jaremekg/.pico-sdk/sdk/2.2.0/src/common/pico_time/time.c.o
 .text.alarm_pool_irq_handler
                0x10000528      0x2ec layout_seeder/CMakeFiles/w6100_part_layout.dir/home/jaremekg/.pico-sdk/sdk/2.2.0/src/common/pico_time/time.c.o
 .text.ta_enable_irq_handler
                0x10000814       0x38 layout_seeder/CMakeFiles/w6100_part_layout.dir/home/jaremekg/.pico-sdk/sdk/2.2.0/src/common/pico_time/time.c.o
 .text.alarm_pool_post_alloc_init
                0x1000084c       0x7c layout_seeder/CMakeFiles/w6100_part_layout.dir/home/jaremekg/.pico-sdk/sdk/2.2.0/src/common/pico_time/time.c.o
 .text.alarm_pool_get_default
                0x100008c8       0x28 layout_seeder/CMakeFiles/w6100_part_layout.dir/home/jaremekg/.pico-sdk/sdk/2.2.0/src/common/pico_time/time.c.o
                0x100008c8                alarm_pool_get_default
 .text.alarm_pool_add_alarm_at_force_in_context
                0x100008f0       0xc0 layout_seeder/CMakeFiles/w6100_part_layout.dir/home/jaremekg/.pico-sdk/sdk/2.2.0/src/common/pico_time/time.c.o
                0x100008f0                alarm_pool_add_alarm_at_force_in_context
 .text.alarm_pool_add_alarm_at
                0x100009b0       0x38 layout_seeder/CMakeFiles/w6100_part_layout.dir/home/jaremekg/.pico-sdk/sdk/2.2.0/src/common/pico_time/time.c.o
                0x100009b0                alarm_pool_add_alarm_at
 .text.add_alarm_at
                0x100009e8       0x26 layout_seeder/CMakeFiles/w6100_part_layout.dir/home/jaremekg/.pico-sdk/sdk/2.2.0/src/common/pico_time/time.c.o
 .text.alarm_pool_cancel_alarm
                0x10000a0e       0x72 layout_seeder/CMakeFiles/w6100_part_layout.dir/home/jaremekg/.pico-sdk/sdk/2.2.0/src/common/pico_time/time.c.o
                0x10000a0e                alarm_pool_cancel_alarm
 .text.cancel_alarm
                0x10000a80       0x10 layout_seeder/CMakeFiles/w6100_part_layout.dir/home/jaremekg/.pico-sdk/sdk/2.2.0/src/common/pico_time/time.c.o
 .text.best_effort_wfe_or_timeout
                0x10000a90       0xfc layout_seeder/CMakeFiles/w6100_part_layout.dir/home/jaremekg/.pico-sdk/sdk/2.2.0/src/common/pico_time/time.c.o
                0x10000a90                best_effort_wfe_or_timeout
 .text.alarm_pool_get_default_timer
                0x10000b8c        0x8 layout_seeder/CMakeFiles/w6100_part_layout.dir/home/jaremekg/.pico-sdk/sdk/2.2.0/src/common/pico_time/time.c.o
                0x10000b8c                alarm_pool_get_default_timer
 .text.runtime_init_default_alarm_pool
                0x10000b94       0x34 layout_seeder/CMakeFiles/w6100_part_layout.dir/home/jaremekg/.pico-sdk/sdk/2.2.0/src/common/pico_time/time.c.o
                0x10000b94                runtime_init_default_alarm_pool
 .text.timer_hardware_alarm_claim
                0x10000bc8       0x24 layout_seeder/CMakeFiles/w6100_part_layout.dir/home/jaremekg/.pico-sdk/sdk/2.2.0/src/rp2_common/hardware_timer/timer.c.o
                0x10000bc8                timer_hardware_alarm_claim
 .text.timer_time_us_64
                0x10000bec       0x10 layout_seeder/CMakeFiles/w6100_part_layout.dir/home/jaremekg/.pico-sdk/sdk/2.2.0/src/rp2_common/hardware_timer/timer.c.o
                0x10000bec                timer_time_us_64
 .text.time_us_64
                0x10000bfc       0x10 layout_seeder/CMakeFiles/w6100_part_layout.dir/home/jaremekg/.pico-sdk/sdk/2.2.0/src/rp2_common/hardware_timer/timer.c.o
                0x10000bfc                time_us_64
 .text.clock_configure_internal
                0x10000c0c       0xb8 layout_seeder/CMakeFiles/w6100_part_layout.dir/home/jaremekg/.pico-sdk/sdk/2.2.0/src/rp2_common/hardware_clocks/clocks.c.o
 .text.clock_configure_undivided
                0x10000cc4       0x12 layout_seeder/CMakeFiles/w6100_part_layout.dir/home/jaremekg/.pico-sdk/sdk/2.2.0/src/rp2_common/hardware_clocks/clocks.c.o
                0x10000cc4                clock_configure_undivided
 *fill*         0x10000cd6        0x2 
 .text.clock_get_hz
                0x10000cd8        0xc layout_seeder/CMakeFiles/w6100_part_layout.dir/home/jaremekg/.pico-sdk/sdk/2.2.0/src/rp2_common/hardware_clocks/clocks.c.o
                0x10000cd8                clock_get_hz
 .text.pll_init
                0x10000ce4      0x108 layout_seeder/CMakeFiles/w6100_part_layout.dir/home/jaremekg/.pico-sdk/sdk/2.2.0/src/rp2_common/hardware_pll/pll.c.o
                0x10000ce4                pll_init
 .text.tick_start
                0x10000dec       0x1c layout_seeder/CMakeFiles/w6100_part_layout.dir/home/jaremekg/.pico-sdk/sdk/2.2.0/src/rp2_common/hardware_ticks/ticks.c.o
                0x10000dec                tick_start
 .text.rom_func_lookup
                0x10000e08       0x1e layout_seeder/CMakeFiles/w6100_part_layout.dir/home/jaremekg/.pico-sdk/sdk/2.2.0/src/rp2_common/pico_bootrom/bootrom.c.o
                0x10000e08                rom_func_lookup
 *fill*         0x10000e26        0x2 
 .text.runtime_init_bootrom_locking_enable
                0x10000e28       0x14 layout_seeder/CMakeFiles/w6100_part_layout.dir/home/jaremekg/.pico-sdk/sdk/2.2.0/src/rp2_common/pico_bootrom/bootrom_lock.c.o
                0x10000e28                runtime_init_bootrom_locking_enable
 .text.boot_locks_reset
                0x10000e3c       0x20 layout_seeder/CMakeFiles/w6100_part_layout.dir/home/jaremekg/.pico-sdk/sdk/2.2.0/src/rp2_common/hardware_boot_lock/boot_lock.c.o
                0x10000e3c                boot_locks_reset
 .text.runtime_init_boot_locks_reset
                0x10000e5c        0x8 layout_seeder/CMakeFiles/w6100_part_layout.dir/home/jaremekg/.pico-sdk/sdk/2.2.0/src/rp2_common/hardware_boot_lock/boot_lock.c.o
                0x10000e5c                runtime_init_boot_locks_reset
 .text.xosc_init
                0x10000e64       0x28 layout_seeder/CMakeFiles/w6100_part_layout.dir/home/jaremekg/.pico-sdk/sdk/2.2.0/src/rp2_common/hardware_xosc/xosc.c.o
                0x10000e64                xosc_init
 .text.runtime_run_initializers_from
                0x10000e8c       0x18 layout_seeder/CMakeFiles/w6100_part_layout.dir/home/jaremekg/.pico-sdk/sdk/2.2.0/src/rp2_common/pico_runtime/runtime.c.o
 .text.first_per_core_initializer
                0x10000ea4        0x2 layout_seeder/CMakeFiles/w6100_part_layout.dir/home/jaremekg/.pico-sdk/sdk/2.2.0/src/rp2_common/pico_runtime/runtime.c.o
 *fill*         0x10000ea6        0x2 
 .text.runtime_run_initializers
                0x10000ea8       0x10 layout_seeder/CMakeFiles/w6100_part_layout.dir/home/jaremekg/.pico-sdk/sdk/2.2.0/src/rp2_common/pico_runtime/runtime.c.o
                0x10000ea8                runtime_run_initializers
 .text.runtime_init_early_resets
                0x10000eb8       0x2c layout_seeder/CMakeFiles/w6100_part_layout.dir/home/jaremekg/.pico-sdk/sdk/2.2.0/src/rp2_common/pico_runtime_init/runtime_init.c.o
                0x10000eb8                runtime_init_early_resets
 .text.runtime_init_usb_power_down
                0x10000ee4       0x20 layout_seeder/CMakeFiles/w6100_part_layout.dir/home/jaremekg/.pico-sdk/sdk/2.2.0/src/rp2_common/pico_runtime_init/runtime_init.c.o
                0x10000ee4                runtime_init_usb_power_down
 .text.runtime_init_per_core_enable_coprocessors
                0x10000f04       0x1c layout_seeder/CMakeFiles/w6100_part_layout.dir/home/jaremekg/.pico-sdk/sdk/2.2.0/src/rp2_common/pico_runtime_init/runtime_init.c.o
                0x10000f04                runtime_init_per_core_enable_coprocessors
 .text.runtime_init_post_clock_resets
                0x10000f20       0x20 layout_seeder/CMakeFiles/w6100_part_layout.dir/home/jaremekg/.pico-sdk/sdk/2.2.0/src/rp2_common/pico_runtime_init/runtime_init.c.o
                0x10000f20                runtime_init_post_clock_resets
 .text.runtime_init_bootrom_reset
                0x10000f40       0x12 layout_seeder/CMakeFiles/w6100_part_layout.dir/home/jaremekg/.pico-sdk/sdk/2.2.0/src/rp2_common/pico_runtime_init/runtime_init.c.o
                0x10000f40                runtime_init_bootrom_reset
 .text.runtime_init_per_core_bootrom_reset
                0x10000f52       0x12 layout_seeder/CMakeFiles/w6100_part_layout.dir/home/jaremekg/.pico-sdk/sdk/2.2.0/src/rp2_common/pico_runtime_init/runtime_init.c.o
                0x10000f52                runtime_init_per_core_bootrom_reset
 .text.runtime_init_spin_locks_reset
                0x10000f64        0x8 layout_seeder/CMakeFiles/w6100_part_layout.dir/home/jaremekg/.pico-sdk/sdk/2.2.0/src/rp2_common/pico_runtime_init/runtime_init.c.o
                0x10000f64                runtime_init_spin_locks_reset
 .text.runtime_init_install_ram_vector_table
                0x10000f6c       0x48 layout_seeder/CMakeFiles/w6100_part_layout.dir/home/jaremekg/.pico-sdk/sdk/2.2.0/src/rp2_common/pico_runtime_init/runtime_init.c.o
                0x10000f6c                runtime_init_install_ram_vector_table
 .text.start_all_ticks
                0x10000fb4       0x28 layout_seeder/CMakeFiles/w6100_part_layout.dir/home/jaremekg/.pico-sdk/sdk/2.2.0/src/rp2_common/pico_runtime_init/runtime_init_clocks.c.o
 .text.runtime_init_clocks
                0x10000fdc       0xc4 layout_seeder/CMakeFiles/w6100_part_layout.dir/home/jaremekg/.pico-sdk/sdk/2.2.0/src/rp2_common/pico_runtime_init/runtime_init_clocks.c.o
                0x10000fdc                runtime_init_clocks
 .text.__rp2350_dcp_engaged_state_save_restore
                0x100010a0       0x3a layout_seeder/CMakeFiles/w6100_part_layout.dir/home/jaremekg/.pico-sdk/sdk/2.2.0/src/rp2_common/pico_double/double_aeabi_dcp.S.o
 *fill*         0x100010da        0x2 
 .text.__wrap___aeabi_dadd
                0x100010dc       0x28 layout_seeder/CMakeFiles/w6100_part_layout.dir/home/jaremekg/.pico-sdk/sdk/2.2.0/src/rp2_common/pico_double/double_aeabi_dcp.S.o
                0x100010e4                __wrap___aeabi_dadd
 .text.__wrap___aeabi_dsub
                0x10001104       0x28 layout_seeder/CMakeFiles/w6100_part_layout.dir/home/jaremekg/.pico-sdk/sdk/2.2.0/src/rp2_common/pico_double/double_aeabi_dcp.S.o
                0x1000110c                __wrap___aeabi_dsub
 .text.__wrap___aeabi_dmul
                0x1000112c       0x4c layout_seeder/CMakeFiles/w6100_part_layout.dir/home/jaremekg/.pico-sdk/sdk/2.2.0/src/rp2_common/pico_double/double_aeabi_dcp.S.o
                0x10001134                __wrap___aeabi_dmul
 .text.__wrap___aeabi_ddiv
                0x10001178       0x9c layout_seeder/CMakeFiles/w6100_part_layout.dir/home/jaremekg/.pico-sdk/sdk/2.2.0/src/rp2_common/pico_double/double_aeabi_dcp.S.o
                0x10001180                __wrap___aeabi_ddiv
 .text.__wrap___aeabi_i2d
                0x10001214       0x24 layout_seeder/CMakeFiles/w6100_part_layout.dir/home/jaremekg/.pico-sdk/sdk/2.2.0/src/rp2_common/pico_double/double_aeabi_dcp.S.o
                0x1000121c                __wrap___aeabi_i2d
                0x1000121c                int2double
 .text.__wrap___aeabi_ui2d
                0x10001238       0x24 layout_seeder/CMakeFiles/w6100_part_layout.dir/home/jaremekg/.pico-sdk/sdk/2.2.0/src/rp2_common/pico_double/double_aeabi_dcp.S.o
                0x10001240                __wrap___aeabi_ui2d
                0x10001240                uint2double
 .text.__wrap___aeabi_d2iz
                0x1000125c       0x24 layout_seeder/CMakeFiles/w6100_part_layout.dir/home/jaremekg/.pico-sdk/sdk/2.2.0/src/rp2_common/pico_double/double_aeabi_dcp.S.o
                0x10001264                __wrap___aeabi_d2iz
                0x10001264                double2int_z
 .text.__wrap___aeabi_d2uiz
                0x10001280       0x24 layout_seeder/CMakeFiles/w6100_part_layout.dir/home/jaremekg/.pico-sdk/sdk/2.2.0/src/rp2_common/pico_double/double_aeabi_dcp.S.o
                0x10001288                double2uint_z
                0x10001288                double2uint
                0x10001288                __wrap___aeabi_d2uiz
 .text.__wrap___aeabi_dcmpun
                0x100012a4       0x24 layout_seeder/CMakeFiles/w6100_part_layout.dir/home/jaremekg/.pico-sdk/sdk/2.2.0/src/rp2_common/pico_double/double_aeabi_dcp.S.o
                0x100012ac                __wrap___aeabi_dcmpun
 .text.__wrap___aeabi_dcmplt
                0x100012c8       0x28 layout_seeder/CMakeFiles/w6100_part_layout.dir/home/jaremekg/.pico-sdk/sdk/2.2.0/src/rp2_common/pico_double/double_aeabi_dcp.S.o
                0x100012d0                __wrap___aeabi_dcmplt
 .text.__wrap___aeabi_dcmple
                0x100012f0       0x28 layout_seeder/CMakeFiles/w6100_part_layout.dir/home/jaremekg/.pico-sdk/sdk/2.2.0/src/rp2_common/pico_double/double_aeabi_dcp.S.o
                0x100012f8                __wrap___aeabi_dcmple
 .text.__wrap___aeabi_dcmpge
                0x10001318       0x28 layout_seeder/CMakeFiles/w6100_part_layout.dir/home/jaremekg/.pico-sdk/sdk/2.2.0/src/rp2_common/pico_double/double_aeabi_dcp.S.o
                0x10001320                __wrap___aeabi_dcmpge
 .text.__wrap___aeabi_dcmpgt
                0x10001340       0x28 layout_seeder/CMakeFiles/w6100_part_layout.dir/home/jaremekg/.pico-sdk/sdk/2.2.0/src/rp2_common/pico_double/double_aeabi_dcp.S.o
                0x10001348                __wrap___aeabi_dcmpgt
 .text._out_null
                0x10001368        0x2 layout_seeder/CMakeFiles/w6100_part_layout.dir/home/jaremekg/.pico-sdk/sdk/2.2.0/src/rp2_common/pico_printf/printf.c.o
 .text._out_fct
                0x1000136a        0xe layout_seeder/CMakeFiles/w6100_part_layout.dir/home/jaremekg/.pico-sdk/sdk/2.2.0/src/rp2_common/pico_printf/printf.c.o
 .text._atoi    0x10001378       0x26 layout_seeder/CMakeFiles/w6100_part_layout.dir/home/jaremekg/.pico-sdk/sdk/2.2.0/src/rp2_common/pico_printf/printf.c.o
 .text._out_rev
                0x1000139e       0x7e layout_seeder/CMakeFiles/w6100_part_layout.dir/home/jaremekg/.pico-sdk/sdk/2.2.0/src/rp2_common/pico_printf/printf.c.o
 .text._ntoa_format
                0x1000141c      0x134 layout_seeder/CMakeFiles/w6100_part_layout.dir/home/jaremekg/.pico-sdk/sdk/2.2.0/src/rp2_common/pico_printf/printf.c.o
 .text._ntoa_long
                0x10001550       0x94 layout_seeder/CMakeFiles/w6100_part_layout.dir/home/jaremekg/.pico-sdk/sdk/2.2.0/src/rp2_common/pico_printf/printf.c.o
 .text._ntoa_long_long
                0x100015e4       0xc2 layout_seeder/CMakeFiles/w6100_part_layout.dir/home/jaremekg/.pico-sdk/sdk/2.2.0/src/rp2_common/pico_printf/printf.c.o
 *fill*         0x100016a6        0x2 
 .text._etoa    0x100016a8      0x420 layout_seeder/CMakeFiles/w6100_part_layout.dir/home/jaremekg/.pico-sdk/sdk/2.2.0/src/rp2_common/pico_printf/printf.c.o
 .text._ftoa    0x10001ac8      0x398 layout_seeder/CMakeFiles/w6100_part_layout.dir/home/jaremekg/.pico-sdk/sdk/2.2.0/src/rp2_common/pico_printf/printf.c.o
 .text._vsnprintf
                0x10001e60      0x6d8 layout_seeder/CMakeFiles/w6100_part_layout.dir/home/jaremekg/.pico-sdk/sdk/2.2.0/src/rp2_common/pico_printf/printf.c.o
 .text.vfctprintf
                0x10002538       0x24 layout_seeder/CMakeFiles/w6100_part_layout.dir/home/jaremekg/.pico-sdk/sdk/2.2.0/src/rp2_common/pico_printf/printf.c.o
                0x10002538                vfctprintf
 .text._exit    0x1000255c        0x4 layout_seeder/CMakeFiles/w6100_part_layout.dir/home/jaremekg/.pico-sdk/sdk/2.2.0/src/rp2_common/pico_clib_interface/newlib_interface.c.o
                0x1000255c                _exit
 .text.exit     0x10002560        0x6 layout_seeder/CMakeFiles/w6100_part_layout.dir/home/jaremekg/.pico-sdk/sdk/2.2.0/src/rp2_common/pico_clib_interface/newlib_interface.c.o
                0x10002560                exit
 *fill*         0x10002566        0x2 
 .text.__assert_func
                0x10002568       0x34 layout_seeder/CMakeFiles/w6100_part_layout.dir/home/jaremekg/.pico-sdk/sdk/2.2.0/src/rp2_common/pico_clib_interface/newlib_interface.c.o
                0x10002568                __assert_func
 .text.runtime_init
                0x1000259c       0x2c layout_seeder/CMakeFiles/w6100_part_layout.dir/home/jaremekg/.pico-sdk/sdk/2.2.0/src/rp2_common/pico_clib_interface/newlib_interface.c.o
                0x1000259c                runtime_init
 .text.stdio_out_chars_no_crlf
                0x100025c8        0xe layout_seeder/CMakeFiles/w6100_part_layout.dir/home/jaremekg/.pico-sdk/sdk/2.2.0/src/rp2_common/pico_stdio/stdio.c.o
 *fill*         0x100025d6        0x2 
 .text.stdio_out_chars_crlf
                0x100025d8       0x80 layout_seeder/CMakeFiles/w6100_part_layout.dir/home/jaremekg/.pico-sdk/sdk/2.2.0/src/rp2_common/pico_stdio/stdio.c.o
 .text.stdio_stack_buffer_flush
                0x10002658       0x40 layout_seeder/CMakeFiles/w6100_part_layout.dir/home/jaremekg/.pico-sdk/sdk/2.2.0/src/rp2_common/pico_stdio/stdio.c.o
 .text.stdio_buffered_printer
                0x10002698       0x20 layout_seeder/CMakeFiles/w6100_part_layout.dir/home/jaremekg/.pico-sdk/sdk/2.2.0/src/rp2_common/pico_stdio/stdio.c.o
 .text.stdout_serialize_begin
                0x100026b8       0x2c layout_seeder/CMakeFiles/w6100_part_layout.dir/home/jaremekg/.pico-sdk/sdk/2.2.0/src/rp2_common/pico_stdio/stdio.c.o
                0x100026b8                stdout_serialize_begin
 .text.stdout_serialize_end
                0x100026e4       0x10 layout_seeder/CMakeFiles/w6100_part_layout.dir/home/jaremekg/.pico-sdk/sdk/2.2.0/src/rp2_common/pico_stdio/stdio.c.o
                0x100026e4                stdout_serialize_end
 .text.stdio_put_string
                0x100026f4       0x8c layout_seeder/CMakeFiles/w6100_part_layout.dir/home/jaremekg/.pico-sdk/sdk/2.2.0/src/rp2_common/pico_stdio/stdio.c.o
                0x100026f4                stdio_put_string
 .text.stdio_flush
                0x10002780       0x1c layout_seeder/CMakeFiles/w6100_part_layout.dir/home/jaremekg/.pico-sdk/sdk/2.2.0/src/rp2_common/pico_stdio/stdio.c.o
                0x10002780                stdio_flush
 .text.__wrap_puts
                0x1000279c       0x1e layout_seeder/CMakeFiles/w6100_part_layout.dir/home/jaremekg/.pico-sdk/sdk/2.2.0/src/rp2_common/pico_stdio/stdio.c.o
                0x1000279c                __wrap_puts
                0x1000279c                stdio_puts
 *fill*         0x100027ba        0x2 
 .text.__wrap_vprintf
                0x100027bc       0x40 layout_seeder/CMakeFiles/w6100_part_layout.dir/home/jaremekg/.pico-sdk/sdk/2.2.0/src/rp2_common/pico_stdio/stdio.c.o
                0x100027bc                __wrap_vprintf
                0x100027bc                stdio_vprintf
 .text.__wrap_printf
                0x100027fc       0x1c layout_seeder/CMakeFiles/w6100_part_layout.dir/home/jaremekg/.pico-sdk/sdk/2.2.0/src/rp2_common/pico_stdio/stdio.c.o
                0x100027fc                stdio_printf
                0x100027fc                __wrap_printf
 .text          0x10002818       0xec /home/jaremekg/.pico-sdk/toolchain/14_2_Rel1/bin/../lib/gcc/arm-none-eabi/14.2.1/../../../../arm-none-eabi/lib/thumb/v8-m.main+fp/softfp/libg.a(libc_a-memcpy.o)
                0x10002818                memcpy
 .text.strlen   0x10002904       0x5c /home/jaremekg/.pico-sdk/toolchain/14_2_Rel1/bin/../lib/gcc/arm-none-eabi/14.2.1/../../../../arm-none-eabi/lib/thumb/v8-m.main+fp/softfp/libg.a(libc_a-strlen-stub.o)
                0x10002904                strlen
 *(.fini)
 .fini          0x10002960        0x4 /home/jaremekg/.pico-sdk/toolchain/14_2_Rel1/bin/../lib/gcc/arm-none-eabi/14.2.1/thumb/v8-m.main+fp/softfp/crti.o
                0x10002960                _fini
 *fill*         0x10002964        0x4 
 .fini.__stub   0x10002968       0x18 linker stubs
 *crtbegin.o(.ctors)
 *crtbegin?.o(.ctors)
 *(EXCLUDE_FILE(*crtend.o *crtend?.o) .ctors)
 *(SORT_BY_NAME(.ctors.*))
 *(.ctors)
 *crtbegin.o(.dtors)
 *crtbegin?.o(.dtors)
 *(EXCLUDE_FILE(*crtend.o *crtend?.o) .dtors)
 *(SORT_BY_NAME(.dtors.*))
 *(.dtors)
                0x10002980                        . = ALIGN (0x4)
                0x10002980                        PROVIDE (__preinit_array_start = .)
 *(SORT_BY_NAME(.preinit_array.*))
 .preinit_array.00050
                0x10002980        0x4 layout_seeder/CMakeFiles/w6100_part_layout.dir/home/jaremekg/.pico-sdk/sdk/2.2.0/src/rp2_common/pico_runtime_init/runtime_init.c.o
                0x10002980                __pre_init_runtime_init_bootrom_reset
 .preinit_array.00100
                0x10002984        0x4 layout_seeder/CMakeFiles/w6100_part_layout.dir/home/jaremekg/.pico-sdk/sdk/2.2.0/src/rp2_common/pico_runtime_init/runtime_init.c.o
                0x10002984                __pre_init_runtime_init_early_resets
 .preinit_array.00101
                0x10002988        0x4 layout_seeder/CMakeFiles/w6100_part_layout.dir/home/jaremekg/.pico-sdk/sdk/2.2.0/src/rp2_common/pico_runtime_init/runtime_init.c.o
                0x10002988                __pre_init_runtime_init_usb_power_down
 .preinit_array.00500
                0x1000298c        0x4 layout_seeder/CMakeFiles/w6100_part_layout.dir/home/jaremekg/.pico-sdk/sdk/2.2.0/src/rp2_common/pico_runtime_init/runtime_init.c.o
                0x1000298c                __pre_init_runtime_init_clocks
 .preinit_array.00600
                0x10002990        0x4 layout_seeder/CMakeFiles/w6100_part_layout.dir/home/jaremekg/.pico-sdk/sdk/2.2.0/src/rp2_common/pico_runtime_init/runtime_init.c.o
                0x10002990                __pre_init_runtime_init_post_clock_resets
 .preinit_array.01000
                0x10002994        0x4 layout_seeder/CMakeFiles/w6100_part_layout.dir/home/jaremekg/.pico-sdk/sdk/2.2.0/src/rp2_common/hardware_boot_lock/boot_lock.c.o
                0x10002994                __pre_init_runtime_init_boot_locks_reset
 .preinit_array.01000
                0x10002998        0x4 layout_seeder/CMakeFiles/w6100_part_layout.dir/home/jaremekg/.pico-sdk/sdk/2.2.0/src/rp2_common/pico_runtime_init/runtime_init.c.o
                0x10002998                __pre_init_runtime_init_spin_locks_reset
 .preinit_array.01010
                0x1000299c        0x4 layout_seeder/CMakeFiles/w6100_part_layout.dir/home/jaremekg/.pico-sdk/sdk/2.2.0/src/rp2_common/pico_bootrom/bootrom_lock.c.o
                0x1000299c                __pre_init_runtime_init_bootrom_locking_enable
 .preinit_array.01100
                0x100029a0        0x4 layout_seeder/CMakeFiles/w6100_part_layout.dir/home/jaremekg/.pico-sdk/sdk/2.2.0/src/common/pico_sync/mutex.c.o
                0x100029a0                __pre_init_runtime_init_mutex
 .preinit_array.10080
                0x100029a4        0x4 layout_seeder/CMakeFiles/w6100_part_layout.dir/home/jaremekg/.pico-sdk/sdk/2.2.0/src/rp2_common/pico_runtime_init/runtime_init.c.o
                0x100029a4                __pre_init_runtime_init_install_ram_vector_table
 .preinit_array.11000
                0x100029a8        0x4 layout_seeder/CMakeFiles/w6100_part_layout.dir/home/jaremekg/.pico-sdk/sdk/2.2.0/src/common/pico_time/time.c.o
                0x100029a8                __pre_init_runtime_init_default_alarm_pool
 .preinit_array.YYYYY
                0x100029ac        0x4 layout_seeder/CMakeFiles/w6100_part_layout.dir/home/jaremekg/.pico-sdk/sdk/2.2.0/src/rp2_common/pico_runtime/runtime.c.o
                0x100029ac                __pre_init_first_per_core_initializer
 .preinit_array.ZZZZZ.00051
                0x100029b0        0x4 layout_seeder/CMakeFiles/w6100_part_layout.dir/home/jaremekg/.pico-sdk/sdk/2.2.0/src/rp2_common/pico_runtime_init/runtime_init.c.o
                0x100029b0                __pre_init_runtime_init_per_core_bootrom_reset
 .preinit_array.ZZZZZ.00200
                0x100029b4        0x4 layout_seeder/CMakeFiles/w6100_part_layout.dir/home/jaremekg/.pico-sdk/sdk/2.2.0/src/rp2_common/pico_runtime_init/runtime_init.c.o
                0x100029b4                __pre_init_runtime_init_per_core_enable_coprocessors
 .preinit_array.ZZZZZ.01000
                0x100029b8        0x4 layout_seeder/CMakeFiles/w6100_part_layout.dir/home/jaremekg/.pico-sdk/sdk/2.2.0/src/rp2_common/hardware_sync_spin_lock/sync_spin_lock.c.o
                0x100029b8                __pre_init_spinlock_set_extexclall
 .preinit_array.ZZZZZ.01200
                0x100029bc        0x4 layout_seeder/CMakeFiles/w6100_part_layout.dir/home/jaremekg/.pico-sdk/sdk/2.2.0/src/rp2_common/hardware_irq/irq.c.o
                0x100029bc                __pre_init_runtime_init_per_core_irq_priorities
 *(.preinit_array)
                0x100029c0                        PROVIDE (__preinit_array_end = .)
                0x100029c0                        . = ALIGN (0x4)
                0x100029c0                        PROVIDE (__init_array_start = .)
 *(SORT_BY_NAME(.init_array.*))
 *(.init_array)
 .init_array    0x100029c0        0x4 /home/jaremekg/.pico-sdk/toolchain/14_2_Rel1/bin/../lib/gcc/arm-none-eabi/14.2.1/thumb/v8-m.main+fp/softfp/crtbegin.o
                0x100029c4                        PROVIDE (__init_array_end = .)
                0x100029c4                        . = ALIGN (0x4)
                [!provide]                        PROVIDE (__fini_array_start = .)
 *(SORT_BY_NAME(.fini_array.*))
 *(.fini_array)
                [!provide]                        PROVIDE (__fini_array_end = .)
 *(.eh_frame*)
 .eh_frame      0x100029c4        0x0 /home/jaremekg/.pico-sdk/toolchain/14_2_Rel1/bin/../lib/gcc/arm-none-eabi/14.2.1/thumb/v8-m.main+fp/softfp/crtbegin.o
                0x100029c4                        . = ALIGN (0x4)

.glue_7         0x100029c4        0x0
 .glue_7        0x100029c4        0x0 linker stubs

.glue_7t        0x100029c4        0x0
 .glue_7t       0x100029c4        0x0 linker stubs

.vfp11_veneer   0x100029c4        0x0
 .vfp11_veneer  0x100029c4        0x0 linker stubs

.v4_bx          0x100029c4        0x0
 .v4_bx         0x100029c4        0x0 linker stubs

.iplt           0x100029c4        0x0
 .iplt          0x100029c4        0x0 /home/jaremekg/.pico-sdk/toolchain/14_2_Rel1/bin/../lib/gcc/arm-none-eabi/14.2.1/thumb/v8-m.main+fp/softfp/crtbegin.o

.boot2          0x100029c4        0x0
                0x100029c4                        __boot2_start__ = .
 *(.boot2)
                0x100029c4                        __boot2_end__ = .
                0x00000001                        ASSERT (((__boot2_end__ - __boot2_start__) <= 0x100), ERROR: Pico second stage bootloader must be no more than 256 bytes in size)

.rodata         0x100029c8      0x53c
 *(EXCLUDE_FILE(*libm.a: *libc.a:*lib_a-mem*.o *libgcc.a:) .rodata*)
 .rodata.panic.str1.4
                0x100029c8      0x3f3 layout_seeder/CMakeFiles/w6100_part_layout.dir/home/jaremekg/.pico-sdk/sdk/2.2.0/src/rp2_common/pico_platform_panic/panic.c.o
                                 0x12 (size before relaxing)
 .rodata.resolve_j_16.str1.4
                0x10002dbb       0x5d layout_seeder/CMakeFiles/w6100_part_layout.dir/home/jaremekg/.pico-sdk/sdk/2.2.0/src/rp2_common/hardware_irq/irq.c.o
 .rodata.irq_set_exclusive_handler.str1.4
                0x10002dbb       0x36 layout_seeder/CMakeFiles/w6100_part_layout.dir/home/jaremekg/.pico-sdk/sdk/2.2.0/src/rp2_common/hardware_irq/irq.c.o
 *fill*         0x10002dbb        0x1 
 .rodata.__func__.6
                0x10002dbc       0x1a layout_seeder/CMakeFiles/w6100_part_layout.dir/home/jaremekg/.pico-sdk/sdk/2.2.0/src/rp2_common/hardware_irq/irq.c.o
 .rodata.runtime_init_mutex.str1.4
                0x10002dd6       0x60 layout_seeder/CMakeFiles/w6100_part_layout.dir/home/jaremekg/.pico-sdk/sdk/2.2.0/src/common/pico_sync/mutex.c.o
 .rodata.str1.4
                0x10002dd6       0x51 layout_seeder/CMakeFiles/w6100_part_layout.dir/home/jaremekg/.pico-sdk/sdk/2.2.0/src/common/pico_sync/mutex.c.o
 *fill*         0x10002dd6        0x2 
 .rodata.__func__.1
                0x10002dd8        0xb layout_seeder/CMakeFiles/w6100_part_layout.dir/home/jaremekg/.pico-sdk/sdk/2.2.0/src/common/pico_sync/mutex.c.o
 *fill*         0x10002de3        0x1 
 .rodata.__func__.3
                0x10002de4       0x18 layout_seeder/CMakeFiles/w6100_part_layout.dir/home/jaremekg/.pico-sdk/sdk/2.2.0/src/common/pico_sync/mutex.c.o
 .rodata.__func__.6
                0x10002dfc       0x13 layout_seeder/CMakeFiles/w6100_part_layout.dir/home/jaremekg/.pico-sdk/sdk/2.2.0/src/common/pico_sync/mutex.c.o
 .rodata.alarm_pool_irq_handler.str1.4
                0x10002e0f       0x6b layout_seeder/CMakeFiles/w6100_part_layout.dir/home/jaremekg/.pico-sdk/sdk/2.2.0/src/common/pico_time/time.c.o
 .rodata.alarm_pool_get_default.str1.4
                0x10002e0f       0x21 layout_seeder/CMakeFiles/w6100_part_layout.dir/home/jaremekg/.pico-sdk/sdk/2.2.0/src/common/pico_time/time.c.o
 *fill*         0x10002e0f        0x1 
 .rodata.__func__.1
                0x10002e10       0x17 layout_seeder/CMakeFiles/w6100_part_layout.dir/home/jaremekg/.pico-sdk/sdk/2.2.0/src/common/pico_time/time.c.o
 *fill*         0x10002e27        0x1 
 .rodata.__func__.2
                0x10002e28       0x17 layout_seeder/CMakeFiles/w6100_part_layout.dir/home/jaremekg/.pico-sdk/sdk/2.2.0/src/common/pico_time/time.c.o
 .rodata.timer_hardware_alarm_claim.str1.4
                0x10002e3f       0x22 layout_seeder/CMakeFiles/w6100_part_layout.dir/home/jaremekg/.pico-sdk/sdk/2.2.0/src/rp2_common/hardware_timer/timer.c.o
 .rodata.pll_init.str1.4
                0x10002e3f      0x11c layout_seeder/CMakeFiles/w6100_part_layout.dir/home/jaremekg/.pico-sdk/sdk/2.2.0/src/rp2_common/hardware_pll/pll.c.o
 *fill*         0x10002e3f        0x1 
 .rodata.__func__.0
                0x10002e40        0x9 layout_seeder/CMakeFiles/w6100_part_layout.dir/home/jaremekg/.pico-sdk/sdk/2.2.0/src/rp2_common/hardware_pll/pll.c.o
 .rodata.str1.4
                0x10002e49       0x6c layout_seeder/CMakeFiles/w6100_part_layout.dir/home/jaremekg/.pico-sdk/sdk/2.2.0/src/rp2_common/pico_standard_binary_info/standard_binary_info.c.o
 *fill*         0x10002e49        0x3 
 .rodata.__bi_94
                0x10002e4c        0xc layout_seeder/CMakeFiles/w6100_part_layout.dir/home/jaremekg/.pico-sdk/sdk/2.2.0/src/rp2_common/pico_standard_binary_info/standard_binary_info.c.o
 .rodata.__bi_84
                0x10002e58        0xc layout_seeder/CMakeFiles/w6100_part_layout.dir/home/jaremekg/.pico-sdk/sdk/2.2.0/src/rp2_common/pico_standard_binary_info/standard_binary_info.c.o
 .rodata.__bi_78
                0x10002e64        0xc layout_seeder/CMakeFiles/w6100_part_layout.dir/home/jaremekg/.pico-sdk/sdk/2.2.0/src/rp2_common/pico_standard_binary_info/standard_binary_info.c.o
 .rodata.__bi_54
                0x10002e70        0xc layout_seeder/CMakeFiles/w6100_part_layout.dir/home/jaremekg/.pico-sdk/sdk/2.2.0/src/rp2_common/pico_standard_binary_info/standard_binary_info.c.o
 .rodata.__bi_48
                0x10002e7c        0xc layout_seeder/CMakeFiles/w6100_part_layout.dir/home/jaremekg/.pico-sdk/sdk/2.2.0/src/rp2_common/pico_standard_binary_info/standard_binary_info.c.o
 .rodata.__bi_42
                0x10002e88        0xc layout_seeder/CMakeFiles/w6100_part_layout.dir/home/jaremekg/.pico-sdk/sdk/2.2.0/src/rp2_common/pico_standard_binary_info/standard_binary_info.c.o
 .rodata.__bi_34
                0x10002e94        0xc layout_seeder/CMakeFiles/w6100_part_layout.dir/home/jaremekg/.pico-sdk/sdk/2.2.0/src/rp2_common/pico_standard_binary_info/standard_binary_info.c.o
 .rodata.__bi_26
                0x10002ea0        0xc layout_seeder/CMakeFiles/w6100_part_layout.dir/home/jaremekg/.pico-sdk/sdk/2.2.0/src/rp2_common/pico_standard_binary_info/standard_binary_info.c.o
 .rodata._ftoa.str1.4
                0x10002eac       0x15 layout_seeder/CMakeFiles/w6100_part_layout.dir/home/jaremekg/.pico-sdk/sdk/2.2.0/src/rp2_common/pico_printf/printf.c.o
 *fill*         0x10002eac        0x4 
 .rodata.pow10.0
                0x10002eb0       0x50 layout_seeder/CMakeFiles/w6100_part_layout.dir/home/jaremekg/.pico-sdk/sdk/2.2.0/src/rp2_common/pico_printf/printf.c.o
 .rodata.__assert_func.str1.4
                0x10002f00       0x43 layout_seeder/CMakeFiles/w6100_part_layout.dir/home/jaremekg/.pico-sdk/sdk/2.2.0/src/rp2_common/pico_clib_interface/newlib_interface.c.o
 .rodata.crlf_str.0
                0x10002f00        0x2 layout_seeder/CMakeFiles/w6100_part_layout.dir/home/jaremekg/.pico-sdk/sdk/2.2.0/src/rp2_common/pico_stdio/stdio.c.o
 *(.srodata*)
                0x10002f44                        . = ALIGN (0x4)
 *fill*         0x10002f02        0x2 
 *(SORT_BY_ALIGNMENT(SORT_BY_NAME(.flashdata*)))
                0x10002f04                        . = ALIGN (0x4)

.ARM.extab
 *(.ARM.extab* .gnu.linkonce.armextab.*)
                0x10002f04                        __exidx_start = .

.ARM.exidx      0x10002f04        0x8
 *(.ARM.exidx* .gnu.linkonce.armexidx.*)
 .ARM.exidx     0x10002f04        0x8 /home/jaremekg/.pico-sdk/toolchain/14_2_Rel1/bin/../lib/gcc/arm-none-eabi/14.2.1/../../../../arm-none-eabi/lib/thumb/v8-m.main+fp/softfp/libg.a(libc_a-memcpy.o)
 .ARM.exidx.text.__udivmoddi4
                0x10002f0c        0x0 /home/jaremekg/.pico-sdk/toolchain/14_2_Rel1/bin/../lib/gcc/arm-none-eabi/14.2.1/thumb/v8-m.main+fp/softfp/libgcc.a(_udivmoddi4.o)
                                  0x8 (size before relaxing)
                0x10002f0c                        __exidx_end = .
                0x10002f0c                        . = ALIGN (0x4)
                0x10002f0c                        __binary_info_start = .

.binary_info    0x10002f0c       0x20
 *(.binary_info.keep.*)
 .binary_info.keep.__bi_ptr94
                0x10002f0c        0x4 layout_seeder/CMakeFiles/w6100_part_layout.dir/home/jaremekg/.pico-sdk/sdk/2.2.0/src/rp2_common/pico_standard_binary_info/standard_binary_info.c.o
 .binary_info.keep.__bi_ptr84
                0x10002f10        0x4 layout_seeder/CMakeFiles/w6100_part_layout.dir/home/jaremekg/.pico-sdk/sdk/2.2.0/src/rp2_common/pico_standard_binary_info/standard_binary_info.c.o
 .binary_info.keep.__bi_ptr78
                0x10002f14        0x4 layout_seeder/CMakeFiles/w6100_part_layout.dir/home/jaremekg/.pico-sdk/sdk/2.2.0/src/rp2_common/pico_standard_binary_info/standard_binary_info.c.o
 .binary_info.keep.__bi_ptr54
                0x10002f18        0x4 layout_seeder/CMakeFiles/w6100_part_layout.dir/home/jaremekg/.pico-sdk/sdk/2.2.0/src/rp2_common/pico_standard_binary_info/standard_binary_info.c.o
 .binary_info.keep.__bi_ptr48
                0x10002f1c        0x4 layout_seeder/CMakeFiles/w6100_part_layout.dir/home/jaremekg/.pico-sdk/sdk/2.2.0/src/rp2_common/pico_standard_binary_info/standard_binary_info.c.o
 .binary_info.keep.__bi_ptr42
                0x10002f20        0x4 layout_seeder/CMakeFiles/w6100_part_layout.dir/home/jaremekg/.pico-sdk/sdk/2.2.0/src/rp2_common/pico_standard_binary_info/standard_binary_info.c.o
 .binary_info.keep.__bi_ptr34
                0x10002f24        0x4 layout_seeder/CMakeFiles/w6100_part_layout.dir/home/jaremekg/.pico-sdk/sdk/2.2.0/src/rp2_common/pico_standard_binary_info/standard_binary_info.c.o
 .binary_info.keep.__bi_ptr26
                0x10002f28        0x4 layout_seeder/CMakeFiles/w6100_part_layout.dir/home/jaremekg/.pico-sdk/sdk/2.2.0/src/rp2_common/pico_standard_binary_info/standard_binary_info.c.o
 *(.binary_info.*)
                0x10002f2c                        __binary_info_end = .
                0x10002f2c                        . = ALIGN (0x4)

.ram_vector_table
                0x20000000      0x110
 *(.ram_vector_table)
 .ram_vector_table
                0x20000000      0x110 layout_seeder/CMakeFiles/w6100_part_layout.dir/home/jaremekg/.pico-sdk/sdk/2.2.0/src/rp2_common/pico_runtime_init/runtime_init.c.o
                0x20000000                ram_vector_table

.uninitialized_data
                0x20000110        0x0
                0x20000110                        . = ALIGN (0x4)
 *(.uninitialized_data*)

.data           0x20000110      0x51c load address 0x10002f2c
                0x20000110                        __data_start__ = .
 *(vtable)
 *(.time_critical*)
 .time_critical.mutex_try_enter
                0x20000110       0x58 layout_seeder/CMakeFiles/w6100_part_layout.dir/home/jaremekg/.pico-sdk/sdk/2.2.0/src/common/pico_sync/mutex.c.o
                0x20000110                mutex_try_enter
 .time_critical.mutex_enter_block_until
                0x20000168       0x84 layout_seeder/CMakeFiles/w6100_part_layout.dir/home/jaremekg/.pico-sdk/sdk/2.2.0/src/common/pico_sync/mutex.c.o
                0x20000168                mutex_enter_block_until
 .time_critical.mutex_try_enter_block_until
                0x200001ec       0x32 layout_seeder/CMakeFiles/w6100_part_layout.dir/home/jaremekg/.pico-sdk/sdk/2.2.0/src/common/pico_sync/mutex.c.o
                0x200001ec                mutex_try_enter_block_until
 *fill*         0x2000021e        0x2 
 .time_critical.mutex_exit
                0x20000220       0x58 layout_seeder/CMakeFiles/w6100_part_layout.dir/home/jaremekg/.pico-sdk/sdk/2.2.0/src/common/pico_sync/mutex.c.o
                0x20000220                mutex_exit
 *(.text*)
 .text          0x20000278       0x30 /home/jaremekg/.pico-sdk/toolchain/14_2_Rel1/bin/../lib/gcc/arm-none-eabi/14.2.1/thumb/v8-m.main+fp/softfp/libgcc.a(_aeabi_uldivmod.o)
                0x20000278                __aeabi_uldivmod
 .text.__udivmoddi4
                0x200002a8      0x34c /home/jaremekg/.pico-sdk/toolchain/14_2_Rel1/bin/../lib/gcc/arm-none-eabi/14.2.1/thumb/v8-m.main+fp/softfp/libgcc.a(_udivmoddi4.o)
                0x200002a8                __udivmoddi4
 .text          0x200005f4        0x4 /home/jaremekg/.pico-sdk/toolchain/14_2_Rel1/bin/../lib/gcc/arm-none-eabi/14.2.1/thumb/v8-m.main+fp/softfp/libgcc.a(_dvmd_tls.o)
                0x200005f4                __aeabi_ldiv0
                0x200005f4                __aeabi_idiv0
 .text.__stub   0x200005f8       0x10 linker stubs
                0x20000608                        . = ALIGN (0x4)
 *(.rodata*)
                0x20000608                        . = ALIGN (0x4)
 *(.data*)
 .data.striped_spin_lock_num
                0x20000608        0x1 layout_seeder/CMakeFiles/w6100_part_layout.dir/home/jaremekg/.pico-sdk/sdk/2.2.0/src/rp2_common/hardware_sync/sync.c.o
 *fill*         0x20000609        0x3 
 .data.default_alarm_pool
                0x2000060c       0x18 layout_seeder/CMakeFiles/w6100_part_layout.dir/home/jaremekg/.pico-sdk/sdk/2.2.0/src/common/pico_time/time.c.o
 *(.sdata*)
                0x20000624                        . = ALIGN (0x4)
 *(.after_data.*)
                0x20000624                        . = ALIGN (0x4)
                0x20000624                        PROVIDE (__mutex_array_start = .)
 *(SORT_BY_NAME(.mutex_array.*))
 *(.mutex_array)
 .mutex_array   0x20000624        0x8 layout_seeder/CMakeFiles/w6100_part_layout.dir/home/jaremekg/.pico-sdk/sdk/2.2.0/src/rp2_common/pico_stdio/stdio.c.o
                0x2000062c                        PROVIDE (__mutex_array_end = .)
 *(.jcr)
                0x2000062c                        . = ALIGN (0x4)

.tm_clone_table
                0x2000062c        0x0 load address 0x10003448
 .tm_clone_table
                0x2000062c        0x0 /home/jaremekg/.pico-sdk/toolchain/14_2_Rel1/bin/../lib/gcc/arm-none-eabi/14.2.1/thumb/v8-m.main+fp/softfp/crtbegin.o
 .tm_clone_table
                0x2000062c        0x0 /home/jaremekg/.pico-sdk/toolchain/14_2_Rel1/bin/../lib/gcc/arm-none-eabi/14.2.1/thumb/v8-m.main+fp/softfp/crtend.o

.igot.plt       0x2000062c        0x0 load address 0x10003448
 .igot.plt      0x2000062c        0x0 /home/jaremekg/.pico-sdk/toolchain/14_2_Rel1/bin/../lib/gcc/arm-none-eabi/14.2.1/thumb/v8-m.main+fp/softfp/crtbegin.o

.tdata          0x2000062c        0x0 load address 0x10003448
                0x2000062c                        . = ALIGN (0x4)
 *(.tdata .tdata.* .gnu.linkonce.td.*)
                0x2000062c                        __tdata_end = .
                0x2000062c                        PROVIDE (__data_end__ = .)
                0x10002f2c                        __etext = LOADADDR (.data)

.tbss           0x2000062c        0x0 load address 0x10003448
                0x2000062c                        . = ALIGN (0x4)
                0x2000062c                        __bss_start__ = .
                0x2000062c                        __tls_base = .
 *(.tbss .tbss.* .gnu.linkonce.tb.*)
 *(.tcommon)
                0x2000062c                        __tls_end = .

.bss            0x20000630      0x210 load address 0x10003448
                0x20000630                        . = ALIGN (0x4)
                0x20000630                        __tbss_end = .
 *(SORT_BY_ALIGNMENT(SORT_BY_NAME(.bss*)))
 .bss.default_alarm_pool_entries
                0x20000630      0x180 layout_seeder/CMakeFiles/w6100_part_layout.dir/home/jaremekg/.pico-sdk/sdk/2.2.0/src/common/pico_time/time.c.o
 .bss._sw_spin_locks
                0x200007b0       0x20 layout_seeder/CMakeFiles/w6100_part_layout.dir/home/jaremekg/.pico-sdk/sdk/2.2.0/src/rp2_common/hardware_sync_spin_lock/sync_spin_lock.c.o
                0x200007b0                _sw_spin_locks
 .bss.claimed   0x200007d0        0x2 layout_seeder/CMakeFiles/w6100_part_layout.dir/home/jaremekg/.pico-sdk/sdk/2.2.0/src/rp2_common/hardware_timer/timer.c.o
 *fill*         0x200007d2        0x2 
 .bss.configured_freq
                0x200007d4       0x28 layout_seeder/CMakeFiles/w6100_part_layout.dir/home/jaremekg/.pico-sdk/sdk/2.2.0/src/rp2_common/hardware_clocks/clocks.c.o
 .bss.drivers   0x200007fc        0x4 layout_seeder/CMakeFiles/w6100_part_layout.dir/home/jaremekg/.pico-sdk/sdk/2.2.0/src/rp2_common/pico_stdio/stdio.c.o
 .bss.filter    0x20000800        0x4 layout_seeder/CMakeFiles/w6100_part_layout.dir/home/jaremekg/.pico-sdk/sdk/2.2.0/src/rp2_common/pico_stdio/stdio.c.o
 .bss.object.0  0x20000804       0x18 /home/jaremekg/.pico-sdk/toolchain/14_2_Rel1/bin/../lib/gcc/arm-none-eabi/14.2.1/thumb/v8-m.main+fp/softfp/crtbegin.o
 .bss.pools     0x2000081c       0x20 layout_seeder/CMakeFiles/w6100_part_layout.dir/home/jaremekg/.pico-sdk/sdk/2.2.0/src/common/pico_time/time.c.o
 .bss.sleep_notifier
                0x2000083c        0x4 layout_seeder/CMakeFiles/w6100_part_layout.dir/home/jaremekg/.pico-sdk/sdk/2.2.0/src/common/pico_time/time.c.o
 *(COMMON)
                [!provide]                        PROVIDE (__global_pointer$ = (. + 0x800))
 *(.sbss*)
                0x20000840                        . = ALIGN (0x4)
                0x20000840                        __bss_end__ = .

.heap           0x20000840      0x800 load address 0x10003448
                0x20000840                        __end__ = .
                0x20000840                        end = __end__
 *(.heap*)
 .heap          0x20000840      0x800 layout_seeder/CMakeFiles/w6100_part_layout.dir/home/jaremekg/.pico-sdk/sdk/2.2.0/src/rp2_common/pico_crt0/crt0.S.o
                0x20080000                        __HeapLimit = (ORIGIN (RAM) + LENGTH (RAM))

.scratch_x      0x20080000        0x0 load address 0x10003448
                0x20080000                        __scratch_x_start__ = .
 *(.scratch_x.*)
                0x20080000                        . = ALIGN (0x4)
                0x20080000                        __scratch_x_end__ = .
                0x10003448                        __scratch_x_source__ = LOADADDR (.scratch_x)

.scratch_y      0x20081000        0x0 load address 0x10003448
                0x20081000                        __scratch_y_start__ = .
 *(.scratch_y.*)
                0x20081000                        . = ALIGN (0x4)
                0x20081000                        __scratch_y_end__ = .
                0x10003448                        __scratch_y_source__ = LOADADDR (.scratch_y)

.stack1_dummy
 *(.stack1*)

.stack_dummy    0x20081000      0x800
 *(.stack*)
 .stack         0x20081000      0x800 layout_seeder/CMakeFiles/w6100_part_layout.dir/home/jaremekg/.pico-sdk/sdk/2.2.0/src/rp2_common/pico_crt0/crt0.S.o

.flash_end      0x10003448       0x14
 *(.embedded_end_block*)
 .embedded_end_block
                0x10003448       0x14 layout_seeder/CMakeFiles/w6100_part_layout.dir/home/jaremekg/.pico-sdk/sdk/2.2.0/src/rp2_common/pico_crt0/crt0.S.o
                0x1000345c                        PROVIDE (__flash_binary_end = .)
                0x20080000                        __StackLimit = (ORIGIN (RAM) + LENGTH (RAM))
                0x20081000                        __StackOneTop = (ORIGIN (SCRATCH_X) + LENGTH (SCRATCH_X))
                0x20082000                        __StackTop = (ORIGIN (SCRATCH_Y) + LENGTH (SCRATCH_Y))
                0x20081000                        __StackOneBottom = (__StackOneTop - SIZEOF (.stack1_dummy))
                0x20081800                        __StackBottom = (__StackTop - SIZEOF (.stack_dummy))
                0x20082000                        PROVIDE (__stack = __StackTop)
                [!provide]                        PROVIDE (__heap_start = __end__)
                [!provide]                        PROVIDE (__heap_end = __HeapLimit)
                [!provide]                        PROVIDE (__tls_align = MAX (ALIGNOF (.tdata), ALIGNOF (.tbss)))
                [!provide]                        PROVIDE (__tls_size_align = (((__tls_size + __tls_align) - 0x1) & ~ ((__tls_align - 0x1))))
                [!provide]                        PROVIDE (__arm32_tls_tcb_offset = MAX (0x8, __tls_align))
                [!provide]                        PROVIDE (_end = __end__)
                [!provide]                        PROVIDE (__llvm_libc_heap_limit = __HeapLimit)
                0x00000001                        ASSERT ((__StackLimit >= __HeapLimit), region RAM overflowed)
                0x00000001                        ASSERT (((__binary_info_header_end - __logical_binary_start) <= 0x400), Binary info must be in first 1024 bytes of the binary)
                0x00000001                        ASSERT (((__embedded_block_end - __logical_binary_start) <= 0x1000), Embedded block must be in first 4096 bytes of the binary)
LOAD layout_seeder/CMakeFiles/w6100_part_layout.dir/layout_seed.c.o
LOAD layout_seeder/CMakeFiles/w6100_part_layout.dir/home/jaremekg/.pico-sdk/sdk/2.2.0/src/rp2_common/pico_stdlib/stdlib.c.o
LOAD layout_seeder/CMakeFiles/w6100_part_layout.dir/home/jaremekg/.pico-sdk/sdk/2.2.0/src/rp2_common/hardware_gpio/gpio.c.o
LOAD layout_seeder/CMakeFiles/w6100_part_layout.dir/home/jaremekg/.pico-sdk/sdk/2.2.0/src/rp2350/pico_platform/platform.c.o
LOAD layout_seeder/CMakeFiles/w6100_part_layout.dir/home/jaremekg/.pico-sdk/sdk/2.2.0/src/rp2_common/pico_platform_common/common.c.o
LOAD layout_seeder/CMakeFiles/w6100_part_layout.dir/home/jaremekg/.pico-sdk/sdk/2.2.0/src/rp2_common/pico_platform_panic/panic.c.o
LOAD layout_seeder/CMakeFiles/w6100_part_layout.dir/home/jaremekg/.pico-sdk/sdk/2.2.0/src/common/hardware_claim/claim.c.o
LOAD layout_seeder/CMakeFiles/w6100_part_layout.dir/home/jaremekg/.pico-sdk/sdk/2.2.0/src/rp2_common/hardware_sync/sync.c.o
LOAD layout_seeder/CMakeFiles/w6100_part_layout.dir/home/jaremekg/.pico-sdk/sdk/2.2.0/src/rp2_common/hardware_sync_spin_lock/sync_spin_lock.c.o
LOAD layout_seeder/CMakeFiles/w6100_part_layout.dir/home/jaremekg/.pico-sdk/sdk/2.2.0/src/rp2_common/hardware_irq/irq.c.o
LOAD layout_seeder/CMakeFiles/w6100_part_layout.dir/home/jaremekg/.pico-sdk/sdk/2.2.0/src/rp2_common/hardware_irq/irq_handler_chain.S.o
LOAD layout_seeder/CMakeFiles/w6100_part_layout.dir/home/jaremekg/.pico-sdk/sdk/2.2.0/src/common/pico_sync/sem.c.o
LOAD layout_seeder/CMakeFiles/w6100_part_layout.dir/home/jaremekg/.pico-sdk/sdk/2.2.0/src/common/pico_sync/lock_core.c.o
LOAD layout_seeder/CMakeFiles/w6100_part_layout.dir/home/jaremekg/.pico-sdk/sdk/2.2.0/src/common/pico_sync/mutex.c.o
LOAD layout_seeder/CMakeFiles/w6100_part_layout.dir/home/jaremekg/.pico-sdk/sdk/2.2.0/src/common/pico_sync/critical_section.c.o
LOAD layout_seeder/CMakeFiles/w6100_part_layout.dir/home/jaremekg/.pico-sdk/sdk/2.2.0/src/common/pico_time/time.c.o
LOAD layout_seeder/CMakeFiles/w6100_part_layout.dir/home/jaremekg/.pico-sdk/sdk/2.2.0/src/common/pico_time/timeout_helper.c.o
LOAD layout_seeder/CMakeFiles/w6100_part_layout.dir/home/jaremekg/.pico-sdk/sdk/2.2.0/src/rp2_common/hardware_timer/timer.c.o
LOAD layout_seeder/CMakeFiles/w6100_part_layout.dir/home/jaremekg/.pico-sdk/sdk/2.2.0/src/common/pico_util/datetime.c.o
LOAD layout_seeder/CMakeFiles/w6100_part_layout.dir/home/jaremekg/.pico-sdk/sdk/2.2.0/src/common/pico_util/pheap.c.o
LOAD layout_seeder/CMakeFiles/w6100_part_layout.dir/home/jaremekg/.pico-sdk/sdk/2.2.0/src/common/pico_util/queue.c.o
LOAD layout_seeder/CMakeFiles/w6100_part_layout.dir/home/jaremekg/.pico-sdk/sdk/2.2.0/src/rp2_common/hardware_uart/uart.c.o
LOAD layout_seeder/CMakeFiles/w6100_part_layout.dir/home/jaremekg/.pico-sdk/sdk/2.2.0/src/rp2_common/hardware_clocks/clocks.c.o
LOAD layout_seeder/CMakeFiles/w6100_part_layout.dir/home/jaremekg/.pico-sdk/sdk/2.2.0/src/rp2_common/hardware_pll/pll.c.o
LOAD layout_seeder/CMakeFiles/w6100_part_layout.dir/home/jaremekg/.pico-sdk/sdk/2.2.0/src/rp2_common/hardware_vreg/vreg.c.o
LOAD layout_seeder/CMakeFiles/w6100_part_layout.dir/home/jaremekg/.pico-sdk/sdk/2.2.0/src/rp2_common/hardware_watchdog/watchdog.c.o
LOAD layout_seeder/CMakeFiles/w6100_part_layout.dir/home/jaremekg/.pico-sdk/sdk/2.2.0/src/rp2_common/hardware_ticks/ticks.c.o
LOAD layout_seeder/CMakeFiles/w6100_part_layout.dir/home/jaremekg/.pico-sdk/sdk/2.2.0/src/rp2_common/pico_bootrom/bootrom.c.o
LOAD layout_seeder/CMakeFiles/w6100_part_layout.dir/home/jaremekg/.pico-sdk/sdk/2.2.0/src/rp2_common/pico_bootrom/bootrom_lock.c.o
LOAD layout_seeder/CMakeFiles/w6100_part_layout.dir/home/jaremekg/.pico-sdk/sdk/2.2.0/src/rp2_common/hardware_boot_lock/boot_lock.c.o
LOAD layout_seeder/CMakeFiles/w6100_part_layout.dir/home/jaremekg/.pico-sdk/sdk/2.2.0/src/rp2_common/pico_flash/flash.c.o
LOAD layout_seeder/CMakeFiles/w6100_part_layout.dir/home/jaremekg/.pico-sdk/sdk/2.2.0/src/rp2_common/hardware_xosc/xosc.c.o
LOAD layout_seeder/CMakeFiles/w6100_part_layout.dir/home/jaremekg/.pico-sdk/sdk/2.2.0/src/rp2_common/hardware_divider/divider.c.o
LOAD layout_seeder/CMakeFiles/w6100_part_layout.dir/home/jaremekg/.pico-sdk/sdk/2.2.0/src/rp2_common/pico_runtime/runtime.c.o
LOAD layout_seeder/CMakeFiles/w6100_part_layout.dir/home/jaremekg/.pico-sdk/sdk/2.2.0/src/rp2_common/pico_runtime_init/runtime_init.c.o
LOAD layout_seeder/CMakeFiles/w6100_part_layout.dir/home/jaremekg/.pico-sdk/sdk/2.2.0/src/rp2_common/pico_runtime_init/runtime_init_clocks.c.o
LOAD layout_seeder/CMakeFiles/w6100_part_layout.dir/home/jaremekg/.pico-sdk/sdk/2.2.0/src/rp2_common/pico_runtime_init/runtime_init_stack_guard.c.o
LOAD layout_seeder/CMakeFiles/w6100_part_layout.dir/home/jaremekg/.pico-sdk/sdk/2.2.0/src/rp2_common/pico_bit_ops/bit_ops_aeabi.S.o
LOAD layout_seeder/CMakeFiles/w6100_part_layout.dir/home/jaremekg/.pico-sdk/sdk/2.2.0/src/rp2_common/pico_divider/divider_compiler.c.o
LOAD layout_seeder/CMakeFiles/w6100_part_layout.dir/home/jaremekg/.pico-sdk/sdk/2.2.0/src/rp2_common/pico_double/double_math.c.o
LOAD layout_seeder/CMakeFiles/w6100_part_layout.dir/home/jaremekg/.pico-sdk/sdk/2.2.0/src/rp2_common/pico_double/double_aeabi_dcp.S.o
LOAD layout_seeder/CMakeFiles/w6100_part_layout.dir/home/jaremekg/.pico-sdk/sdk/2.2.0/src/rp2_common/pico_double/double_fma_dcp.S.o
LOAD layout_seeder/CMakeFiles/w6100_part_layout.dir/home/jaremekg/.pico-sdk/sdk/2.2.0/src/rp2_common/pico_double/double_sci_m33.S.o
LOAD layout_seeder/CMakeFiles/w6100_part_layout.dir/home/jaremekg/.pico-sdk/sdk/2.2.0/src/rp2_common/pico_double/double_conv_m33.S.o
LOAD layout_seeder/CMakeFiles/w6100_part_layout.dir/home/jaremekg/.pico-sdk/sdk/2.2.0/src/rp2_common/pico_float/float_math.c.o
LOAD layout_seeder/CMakeFiles/w6100_part_layout.dir/home/jaremekg/.pico-sdk/sdk/2.2.0/src/rp2_common/pico_float/float_conv32_vfp.S.o
LOAD layout_seeder/CMakeFiles/w6100_part_layout.dir/home/jaremekg/.pico-sdk/sdk/2.2.0/src/rp2_common/pico_float/float_common_m33.S.o
LOAD layout_seeder/CMakeFiles/w6100_part_layout.dir/home/jaremekg/.pico-sdk/sdk/2.2.0/src/rp2_common/pico_float/float_sci_m33_vfp.S.o
LOAD layout_seeder/CMakeFiles/w6100_part_layout.dir/home/jaremekg/.pico-sdk/sdk/2.2.0/src/rp2_common/pico_malloc/malloc.c.o
LOAD layout_seeder/CMakeFiles/w6100_part_layout.dir/home/jaremekg/.pico-sdk/sdk/2.2.0/src/rp2_common/pico_atomic/atomic.c.o
LOAD layout_seeder/CMakeFiles/w6100_part_layout.dir/home/jaremekg/.pico-sdk/sdk/2.2.0/src/rp2_common/pico_cxx_options/new_delete.cpp.o
LOAD layout_seeder/CMakeFiles/w6100_part_layout.dir/home/jaremekg/.pico-sdk/sdk/2.2.0/src/rp2_common/pico_standard_binary_info/standard_binary_info.c.o
LOAD layout_seeder/CMakeFiles/w6100_part_layout.dir/home/jaremekg/.pico-sdk/sdk/2.2.0/src/rp2_common/pico_printf/printf.c.o
LOAD layout_seeder/CMakeFiles/w6100_part_layout.dir/home/jaremekg/.pico-sdk/sdk/2.2.0/src/rp2_common/pico_crt0/crt0.S.o
LOAD layout_seeder/CMakeFiles/w6100_part_layout.dir/home/jaremekg/.pico-sdk/sdk/2.2.0/src/rp2_common/pico_clib_interface/newlib_interface.c.o
LOAD layout_seeder/CMakeFiles/w6100_part_layout.dir/home/jaremekg/.pico-sdk/sdk/2.2.0/src/rp2_common/pico_stdio/stdio.c.o
LOAD layout_seeder/CMakeFiles/w6100_part_layout.dir/home/jaremekg/.pico-sdk/sdk/2.2.0/src/rp2_common/pico_stdio_uart/stdio_uart.c.o
LOAD pico-sdk/src/rp2350/boot_stage2/CMakeFiles/bs2_default_library.dir/./bs2_default_padded_checksummed.S.o
LOAD /home/jaremekg/.pico-sdk/toolchain/14_2_Rel1/bin/../lib/gcc/arm-none-eabi/14.2.1/../../../../arm-none-eabi/lib/thumb/v8-m.main+fp/softfp/libstdc++.a
LOAD /home/jaremekg/.pico-sdk/toolchain/14_2_Rel1/bin/../lib/gcc/arm-none-eabi/14.2.1/../../../../arm-none-eabi/lib/thumb/v8-m.main+fp/softfp/libm.a
START GROUP
LOAD /home/jaremekg/.pico-sdk/toolchain/14_2_Rel1/bin/../lib/gcc/arm-none-eabi/14.2.1/thumb/v8-m.main+fp/softfp/libgcc.a
LOAD /home/jaremekg/.pico-sdk/toolchain/14_2_Rel1/bin/../lib/gcc/arm-none-eabi/14.2.1/../../../../arm-none-eabi/lib/thumb/v8-m.main+fp/softfp/libg.a
LOAD /home/jaremekg/.pico-sdk/toolchain/14_2_Rel1/bin/../lib/gcc/arm-none-eabi/14.2.1/../../../../arm-none-eabi/lib/thumb/v8-m.main+fp/softfp/libc.a
END GROUP
START GROUP
LOAD /home/jaremekg/.pico-sdk/toolchain/14_2_Rel1/bin/../lib/gcc/arm-none-eabi/14.2.1/thumb/v8-m.main+fp/softfp/libgcc.a
LOAD /home/jaremekg/.pico-sdk/toolchain/14_2_Rel1/bin/../lib/gcc/arm-none-eabi/14.2.1/../../../../arm-none-eabi/lib/thumb/v8-m.main+fp/softfp/libc.a
LOAD /home/jaremekg/.pico-sdk/toolchain/14_2_Rel1/bin/../lib/gcc/arm-none-eabi/14.2.1/../../../../arm-none-eabi/lib/thumb/v8-m.main+fp/softfp/libnosys.a
END GROUP
LOAD /home/jaremekg/.pico-sdk/toolchain/14_2_Rel1/bin/../lib/gcc/arm-none-eabi/14.2.1/thumb/v8-m.main+fp/softfp/crtend.o
LOAD /home/jaremekg/.pico-sdk/toolchain/14_2_Rel1/bin/../lib/gcc/arm-none-eabi/14.2.1/thumb/v8-m.main+fp/softfp/crtn.o
OUTPUT(layout_seeder/w6100_part_layout.elf elf32-littlearm)
LOAD linker stubs

.rel.dyn        0x1000345c        0x0
 .rel.iplt      0x1000345c        0x0 /home/jaremekg/.pico-sdk/toolchain/14_2_Rel1/bin/../lib/gcc/arm-none-eabi/14.2.1/thumb/v8-m.main+fp/softfp/crtbegin.o

.ARM.attributes
                0x00000000       0x34
 .ARM.attributes
                0x00000000       0x26 /home/jaremekg/.pico-sdk/toolchain/14_2_Rel1/bin/../lib/gcc/arm-none-eabi/14.2.1/thumb/v8-m.main+fp/softfp/crti.o
 .ARM.attributes
                0x00000026       0x36 /home/jaremekg/.pico-sdk/toolchain/14_2_Rel1/bin/../lib/gcc/arm-none-eabi/14.2.1/thumb/v8-m.main+fp/softfp/crtbegin.o
 .ARM.attributes
                0x0000005c       0x38 layout_seeder/CMakeFiles/w6100_part_layout.dir/layout_seed.c.o
 .ARM.attributes
                0x00000094       0x38 layout_seeder/CMakeFiles/w6100_part_layout.dir/home/jaremekg/.pico-sdk/sdk/2.2.0/src/rp2_common/pico_platform_panic/panic.c.o
 .ARM.attributes
                0x000000cc       0x38 layout_seeder/CMakeFiles/w6100_part_layout.dir/home/jaremekg/.pico-sdk/sdk/2.2.0/src/common/hardware_claim/claim.c.o
 .ARM.attributes
                0x00000104       0x38 layout_seeder/CMakeFiles/w6100_part_layout.dir/home/jaremekg/.pico-sdk/sdk/2.2.0/src/rp2_common/hardware_sync/sync.c.o
 .ARM.attributes
                0x0000013c       0x38 layout_seeder/CMakeFiles/w6100_part_layout.dir/home/jaremekg/.pico-sdk/sdk/2.2.0/src/rp2_common/hardware_sync_spin_lock/sync_spin_lock.c.o
 .ARM.attributes
                0x00000174       0x38 layout_seeder/CMakeFiles/w6100_part_layout.dir/home/jaremekg/.pico-sdk/sdk/2.2.0/src/rp2_common/hardware_irq/irq.c.o
 .ARM.attributes
                0x000001ac       0x38 layout_seeder/CMakeFiles/w6100_part_layout.dir/home/jaremekg/.pico-sdk/sdk/2.2.0/src/common/pico_sync/lock_core.c.o
 .ARM.attributes
                0x000001e4       0x38 layout_seeder/CMakeFiles/w6100_part_layout.dir/home/jaremekg/.pico-sdk/sdk/2.2.0/src/common/pico_sync/mutex.c.o
 .ARM.attributes
                0x0000021c       0x38 layout_seeder/CMakeFiles/w6100_part_layout.dir/home/jaremekg/.pico-sdk/sdk/2.2.0/src/common/pico_time/time.c.o
 .ARM.attributes
                0x00000254       0x38 layout_seeder/CMakeFiles/w6100_part_layout.dir/home/jaremekg/.pico-sdk/sdk/2.2.0/src/rp2_common/hardware_timer/timer.c.o
 .ARM.attributes
                0x0000028c       0x38 layout_seeder/CMakeFiles/w6100_part_layout.dir/home/jaremekg/.pico-sdk/sdk/2.2.0/src/rp2_common/hardware_clocks/clocks.c.o
 .ARM.attributes
                0x000002c4       0x38 layout_seeder/CMakeFiles/w6100_part_layout.dir/home/jaremekg/.pico-sdk/sdk/2.2.0/src/rp2_common/hardware_pll/pll.c.o
 .ARM.attributes
                0x000002fc       0x38 layout_seeder/CMakeFiles/w6100_part_layout.dir/home/jaremekg/.pico-sdk/sdk/2.2.0/src/rp2_common/hardware_ticks/ticks.c.o
 .ARM.attributes
                0x00000334       0x38 layout_seeder/CMakeFiles/w6100_part_layout.dir/home/jaremekg/.pico-sdk/sdk/2.2.0/src/rp2_common/pico_bootrom/bootrom.c.o
 .ARM.attributes
                0x0000036c       0x38 layout_seeder/CMakeFiles/w6100_part_layout.dir/home/jaremekg/.pico-sdk/sdk/2.2.0/src/rp2_common/pico_bootrom/bootrom_lock.c.o
 .ARM.attributes
                0x000003a4       0x38 layout_seeder/CMakeFiles/w6100_part_layout.dir/home/jaremekg/.pico-sdk/sdk/2.2.0/src/rp2_common/hardware_boot_lock/boot_lock.c.o
 .ARM.attributes
                0x000003dc       0x38 layout_seeder/CMakeFiles/w6100_part_layout.dir/home/jaremekg/.pico-sdk/sdk/2.2.0/src/rp2_common/hardware_xosc/xosc.c.o
 .ARM.attributes
                0x00000414       0x38 layout_seeder/CMakeFiles/w6100_part_layout.dir/home/jaremekg/.pico-sdk/sdk/2.2.0/src/rp2_common/pico_runtime/runtime.c.o
 .ARM.attributes
                0x0000044c       0x38 layout_seeder/CMakeFiles/w6100_part_layout.dir/home/jaremekg/.pico-sdk/sdk/2.2.0/src/rp2_common/pico_runtime_init/runtime_init.c.o
 .ARM.attributes
                0x00000484       0x38 layout_seeder/CMakeFiles/w6100_part_layout.dir/home/jaremekg/.pico-sdk/sdk/2.2.0/src/rp2_common/pico_runtime_init/runtime_init_clocks.c.o
 .ARM.attributes
                0x000004bc       0x28 layout_seeder/CMakeFiles/w6100_part_layout.dir/home/jaremekg/.pico-sdk/sdk/2.2.0/src/rp2_common/pico_double/double_aeabi_dcp.S.o
 .ARM.attributes
                0x000004e4       0x38 layout_seeder/CMakeFiles/w6100_part_layout.dir/home/jaremekg/.pico-sdk/sdk/2.2.0/src/rp2_common/pico_standard_binary_info/standard_binary_info.c.o
 .ARM.attributes
                0x0000051c       0x38 layout_seeder/CMakeFiles/w6100_part_layout.dir/home/jaremekg/.pico-sdk/sdk/2.2.0/src/rp2_common/pico_printf/printf.c.o
 .ARM.attributes
                0x00000554       0x28 layout_seeder/CMakeFiles/w6100_part_layout.dir/home/jaremekg/.pico-sdk/sdk/2.2.0/src/rp2_common/pico_crt0/crt0.S.o
 .ARM.attributes
                0x0000057c       0x38 layout_seeder/CMakeFiles/w6100_part_layout.dir/home/jaremekg/.pico-sdk/sdk/2.2.0/src/rp2_common/pico_clib_interface/newlib_interface.c.o
 .ARM.attributes
                0x000005b4       0x38 layout_seeder/CMakeFiles/w6100_part_layout.dir/home/jaremekg/.pico-sdk/sdk/2.2.0/src/rp2_common/pico_stdio/stdio.c.o
 .ARM.attributes
                0x000005ec       0x26 /home/jaremekg/.pico-sdk/toolchain/14_2_Rel1/bin/../lib/gcc/arm-none-eabi/14.2.1/thumb/v8-m.main+fp/softfp/libgcc.a(_aeabi_uldivmod.o)
 .ARM.attributes
                0x00000612       0x36 /home/jaremekg/.pico-sdk/toolchain/14_2_Rel1/bin/../lib/gcc/arm-none-eabi/14.2.1/thumb/v8-m.main+fp/softfp/libgcc.a(_udivmoddi4.o)
 .ARM.attributes
                0x00000648       0x26 /home/jaremekg/.pico-sdk/toolchain/14_2_Rel1/bin/../lib/gcc/arm-none-eabi/14.2.1/thumb/v8-m.main+fp/softfp/libgcc.a(_dvmd_tls.o)
 .ARM.attributes
                0x0000066e       0x24 /home/jaremekg/.pico-sdk/toolchain/14_2_Rel1/bin/../lib/gcc/arm-none-eabi/14.2.1/../../../../arm-none-eabi/lib/thumb/v8-m.main+fp/softfp/libg.a(libc_a-memcpy.o)
 .ARM.attributes
                0x00000692       0x36 /home/jaremekg/.pico-sdk/toolchain/14_2_Rel1/bin/../lib/gcc/arm-none-eabi/14.2.1/../../../../arm-none-eabi/lib/thumb/v8-m.main+fp/softfp/libg.a(libc_a-strlen-stub.o)
 .ARM.attributes
                0x000006c8       0x36 /home/jaremekg/.pico-sdk/toolchain/14_2_Rel1/bin/../lib/gcc/arm-none-eabi/14.2.1/thumb/v8-m.main+fp/softfp/crtend.o

.comment        0x00000000       0x45
 .comment       0x00000000       0x45 layout_seeder/CMakeFiles/w6100_part_layout.dir/layout_seed.c.o
                                 0x46 (size before relaxing)
 .comment       0x00000045       0x46 layout_seeder/CMakeFiles/w6100_part_layout.dir/home/jaremekg/.pico-sdk/sdk/2.2.0/src/rp2_common/pico_platform_panic/panic.c.o
 .comment       0x00000045       0x46 layout_seeder/CMakeFiles/w6100_part_layout.dir/home/jaremekg/.pico-sdk/sdk/2.2.0/src/common/hardware_claim/claim.c.o
 .comment       0x00000045       0x46 layout_seeder/CMakeFiles/w6100_part_layout.dir/home/jaremekg/.pico-sdk/sdk/2.2.0/src/rp2_common/hardware_sync/sync.c.o
 .comment       0x00000045       0x46 layout_seeder/CMakeFiles/w6100_part_layout.dir/home/jaremekg/.pico-sdk/sdk/2.2.0/src/rp2_common/hardware_sync_spin_lock/sync_spin_lock.c.o
 .comment       0x00000045       0x46 layout_seeder/CMakeFiles/w6100_part_layout.dir/home/jaremekg/.pico-sdk/sdk/2.2.0/src/rp2_common/hardware_irq/irq.c.o
 .comment       0x00000045       0x46 layout_seeder/CMakeFiles/w6100_part_layout.dir/home/jaremekg/.pico-sdk/sdk/2.2.0/src/common/pico_sync/lock_core.c.o
 .comment       0x00000045       0x46 layout_seeder/CMakeFiles/w6100_part_layout.dir/home/jaremekg/.pico-sdk/sdk/2.2.0/src/common/pico_sync/mutex.c.o
 .comment       0x00000045       0x46 layout_seeder/CMakeFiles/w6100_part_layout.dir/home/jaremekg/.pico-sdk/sdk/2.2.0/src/common/pico_time/time.c.o
 .comment       0x00000045       0x46 layout_seeder/CMakeFiles/w6100_part_layout.dir/home/jaremekg/.pico-sdk/sdk/2.2.0/src/rp2_common/hardware_timer/timer.c.o
 .comment       0x00000045       0x46 layout_seeder/CMakeFiles/w6100_part_layout.dir/home/jaremekg/.pico-sdk/sdk/2.2.0/src/rp2_common/hardware_clocks/clocks.c.o
 .comment       0x00000045       0x46 layout_seeder/CMakeFiles/w6100_part_layout.dir/home/jaremekg/.pico-sdk/sdk/2.2.0/src/rp2_common/hardware_pll/pll.c.o
 .comment       0x00000045       0x46 layout_seeder/CMakeFiles/w6100_part_layout.dir/home/jaremekg/.pico-sdk/sdk/2.2.0/src/rp2_common/hardware_ticks/ticks.c.o
 .comment       0x00000045       0x46 layout_seeder/CMakeFiles/w6100_part_layout.dir/home/jaremekg/.pico-sdk/sdk/2.2.0/src/rp2_common/pico_bootrom/bootrom.c.o
 .comment       0x00000045       0x46 layout_seeder/CMakeFiles/w6100_part_layout.dir/home/jaremekg/.pico-sdk/sdk/2.2.0/src/rp2_common/pico_bootrom/bootrom_lock.c.o
 .comment       0x00000045       0x46 layout_seeder/CMakeFiles/w6100_part_layout.dir/home/jaremekg/.pico-sdk/sdk/2.2.0/src/rp2_common/hardware_boot_lock/boot_lock.c.o
 .comment       0x00000045       0x46 layout_seeder/CMakeFiles/w6100_part_layout.dir/home/jaremekg/.pico-sdk/sdk/2.2.0/src/rp2_common/hardware_xosc/xosc.c.o
 .comment       0x00000045       0x46 layout_seeder/CMakeFiles/w6100_part_layout.dir/home/jaremekg/.pico-sdk/sdk/2.2.0/src/rp2_common/pico_runtime/runtime.c.o
 .comment       0x00000045       0x46 layout_seeder/CMakeFiles/w6100_part_layout.dir/home/jaremekg/.pico-sdk/sdk/2.2.0/src/rp2_common/pico_runtime_init/runtime_init.c.o
 .comment       0x00000045       0x46 layout_seeder/CMakeFiles/w6100_part_layout.dir/home/jaremekg/.pico-sdk/sdk/2.2.0/src/rp2_common/pico_runtime_init/runtime_init_clocks.c.o
 .comment       0x00000045       0x46 layout_seeder/CMakeFiles/w6100_part_layout.dir/home/jaremekg/.pico-sdk/sdk/2.2.0/src/rp2_common/pico_standard_binary_info/standard_binary_info.c.o
 .comment       0x00000045       0x46 layout_seeder/CMakeFiles/w6100_part_layout.dir/home/jaremekg/.pico-sdk/sdk/2.2.0/src/rp2_common/pico_printf/printf.c.o
 .comment       0x00000045       0x46 layout_seeder/CMakeFiles/w6100_part_layout.dir/home/jaremekg/.pico-sdk/sdk/2.2.0/src/rp2_common/pico_clib_interface/newlib_interface.c.o
 .comment       0x00000045       0x46 layout_seeder/CMakeFiles/w6100_part_layout.dir/home/jaremekg/.pico-sdk/sdk/2.2.0/src/rp2_common/pico_stdio/stdio.c.o

.debug_info     0x00000000    0x15ad9
 .debug_info    0x00000000       0x44 layout_seeder/CMakeFiles/w6100_part_layout.dir/layout_seed.c.o
 .debug_info    0x00000044      0x1b3 layout_seeder/CMakeFiles/w6100_part_layout.dir/home/jaremekg/.pico-sdk/sdk/2.2.0/src/rp2_common/pico_platform_panic/panic.c.o
 .debug_info    0x000001f7      0x745 layout_seeder/CMakeFiles/w6100_part_layout.dir/home/jaremekg/.pico-sdk/sdk/2.2.0/src/common/hardware_claim/claim.c.o
 .debug_info    0x0000093c      0x47d layout_seeder/CMakeFiles/w6100_part_layout.dir/home/jaremekg/.pico-sdk/sdk/2.2.0/src/rp2_common/hardware_sync/sync.c.o
 .debug_info    0x00000db9     0x152a layout_seeder/CMakeFiles/w6100_part_layout.dir/home/jaremekg/.pico-sdk/sdk/2.2.0/src/rp2_common/hardware_sync_spin_lock/sync_spin_lock.c.o
 .debug_info    0x000022e3     0x2427 layout_seeder/CMakeFiles/w6100_part_layout.dir/home/jaremekg/.pico-sdk/sdk/2.2.0/src/rp2_common/hardware_irq/irq.c.o
 .debug_info    0x0000470a      0x1cf layout_seeder/CMakeFiles/w6100_part_layout.dir/home/jaremekg/.pico-sdk/sdk/2.2.0/src/common/pico_sync/lock_core.c.o
 .debug_info    0x000048d9     0x1f13 layout_seeder/CMakeFiles/w6100_part_layout.dir/home/jaremekg/.pico-sdk/sdk/2.2.0/src/common/pico_sync/mutex.c.o
 .debug_info    0x000067ec     0x3879 layout_seeder/CMakeFiles/w6100_part_layout.dir/home/jaremekg/.pico-sdk/sdk/2.2.0/src/common/pico_time/time.c.o
 .debug_info    0x0000a065     0x1ea5 layout_seeder/CMakeFiles/w6100_part_layout.dir/home/jaremekg/.pico-sdk/sdk/2.2.0/src/rp2_common/hardware_timer/timer.c.o
 .debug_info    0x0000bf0a     0x167c layout_seeder/CMakeFiles/w6100_part_layout.dir/home/jaremekg/.pico-sdk/sdk/2.2.0/src/rp2_common/hardware_clocks/clocks.c.o
 .debug_info    0x0000d586      0x67c layout_seeder/CMakeFiles/w6100_part_layout.dir/home/jaremekg/.pico-sdk/sdk/2.2.0/src/rp2_common/hardware_pll/pll.c.o
 .debug_info    0x0000dc02      0x2d6 layout_seeder/CMakeFiles/w6100_part_layout.dir/home/jaremekg/.pico-sdk/sdk/2.2.0/src/rp2_common/hardware_ticks/ticks.c.o
 .debug_info    0x0000ded8     0x1030 layout_seeder/CMakeFiles/w6100_part_layout.dir/home/jaremekg/.pico-sdk/sdk/2.2.0/src/rp2_common/pico_bootrom/bootrom.c.o
 .debug_info    0x0000ef08      0x1d5 layout_seeder/CMakeFiles/w6100_part_layout.dir/home/jaremekg/.pico-sdk/sdk/2.2.0/src/rp2_common/pico_bootrom/bootrom_lock.c.o
 .debug_info    0x0000f0dd      0x334 layout_seeder/CMakeFiles/w6100_part_layout.dir/home/jaremekg/.pico-sdk/sdk/2.2.0/src/rp2_common/hardware_boot_lock/boot_lock.c.o
 .debug_info    0x0000f411      0x1b5 layout_seeder/CMakeFiles/w6100_part_layout.dir/home/jaremekg/.pico-sdk/sdk/2.2.0/src/rp2_common/hardware_xosc/xosc.c.o
 .debug_info    0x0000f5c6      0x1bc layout_seeder/CMakeFiles/w6100_part_layout.dir/home/jaremekg/.pico-sdk/sdk/2.2.0/src/rp2_common/pico_runtime/runtime.c.o
 .debug_info    0x0000f782     0x1c5d layout_seeder/CMakeFiles/w6100_part_layout.dir/home/jaremekg/.pico-sdk/sdk/2.2.0/src/rp2_common/pico_runtime_init/runtime_init.c.o
 .debug_info    0x000113df      0x7b0 layout_seeder/CMakeFiles/w6100_part_layout.dir/home/jaremekg/.pico-sdk/sdk/2.2.0/src/rp2_common/pico_runtime_init/runtime_init_clocks.c.o
 .debug_info    0x00011b8f       0x23 layout_seeder/CMakeFiles/w6100_part_layout.dir/home/jaremekg/.pico-sdk/sdk/2.2.0/src/rp2_common/pico_double/double_aeabi_dcp.S.o
 .debug_info    0x00011bb2      0x2e2 layout_seeder/CMakeFiles/w6100_part_layout.dir/home/jaremekg/.pico-sdk/sdk/2.2.0/src/rp2_common/pico_standard_binary_info/standard_binary_info.c.o
 .debug_info    0x00011e94     0x1959 layout_seeder/CMakeFiles/w6100_part_layout.dir/home/jaremekg/.pico-sdk/sdk/2.2.0/src/rp2_common/pico_printf/printf.c.o
 .debug_info    0x000137ed       0x23 layout_seeder/CMakeFiles/w6100_part_layout.dir/home/jaremekg/.pico-sdk/sdk/2.2.0/src/rp2_common/pico_crt0/crt0.S.o
 .debug_info    0x00013810      0xcab layout_seeder/CMakeFiles/w6100_part_layout.dir/home/jaremekg/.pico-sdk/sdk/2.2.0/src/rp2_common/pico_clib_interface/newlib_interface.c.o
 .debug_info    0x000144bb     0x161e layout_seeder/CMakeFiles/w6100_part_layout.dir/home/jaremekg/.pico-sdk/sdk/2.2.0/src/rp2_common/pico_stdio/stdio.c.o

.debug_abbrev   0x00000000     0x4377
 .debug_abbrev  0x00000000       0x3a layout_seeder/CMakeFiles/w6100_part_layout.dir/layout_seed.c.o
 .debug_abbrev  0x0000003a      0x12d layout_seeder/CMakeFiles/w6100_part_layout.dir/home/jaremekg/.pico-sdk/sdk/2.2.0/src/rp2_common/pico_platform_panic/panic.c.o
 .debug_abbrev  0x00000167      0x2c8 layout_seeder/CMakeFiles/w6100_part_layout.dir/home/jaremekg/.pico-sdk/sdk/2.2.0/src/common/hardware_claim/claim.c.o
 .debug_abbrev  0x0000042f      0x1f8 layout_seeder/CMakeFiles/w6100_part_layout.dir/home/jaremekg/.pico-sdk/sdk/2.2.0/src/rp2_common/hardware_sync/sync.c.o
 .debug_abbrev  0x00000627      0x2a1 layout_seeder/CMakeFiles/w6100_part_layout.dir/home/jaremekg/.pico-sdk/sdk/2.2.0/src/rp2_common/hardware_sync_spin_lock/sync_spin_lock.c.o
 .debug_abbrev  0x000008c8      0x5d5 layout_seeder/CMakeFiles/w6100_part_layout.dir/home/jaremekg/.pico-sdk/sdk/2.2.0/src/rp2_common/hardware_irq/irq.c.o
 .debug_abbrev  0x00000e9d      0x130 layout_seeder/CMakeFiles/w6100_part_layout.dir/home/jaremekg/.pico-sdk/sdk/2.2.0/src/common/pico_sync/lock_core.c.o
 .debug_abbrev  0x00000fcd      0x44b layout_seeder/CMakeFiles/w6100_part_layout.dir/home/jaremekg/.pico-sdk/sdk/2.2.0/src/common/pico_sync/mutex.c.o
 .debug_abbrev  0x00001418      0x632 layout_seeder/CMakeFiles/w6100_part_layout.dir/home/jaremekg/.pico-sdk/sdk/2.2.0/src/common/pico_time/time.c.o
 .debug_abbrev  0x00001a4a      0x4b4 layout_seeder/CMakeFiles/w6100_part_layout.dir/home/jaremekg/.pico-sdk/sdk/2.2.0/src/rp2_common/hardware_timer/timer.c.o
 .debug_abbrev  0x00001efe      0x477 layout_seeder/CMakeFiles/w6100_part_layout.dir/home/jaremekg/.pico-sdk/sdk/2.2.0/src/rp2_common/hardware_clocks/clocks.c.o
 .debug_abbrev  0x00002375      0x1f8 layout_seeder/CMakeFiles/w6100_part_layout.dir/home/jaremekg/.pico-sdk/sdk/2.2.0/src/rp2_common/hardware_pll/pll.c.o
 .debug_abbrev  0x0000256d      0x153 layout_seeder/CMakeFiles/w6100_part_layout.dir/home/jaremekg/.pico-sdk/sdk/2.2.0/src/rp2_common/hardware_ticks/ticks.c.o
 .debug_abbrev  0x000026c0      0x498 layout_seeder/CMakeFiles/w6100_part_layout.dir/home/jaremekg/.pico-sdk/sdk/2.2.0/src/rp2_common/pico_bootrom/bootrom.c.o
 .debug_abbrev  0x00002b58      0x12b layout_seeder/CMakeFiles/w6100_part_layout.dir/home/jaremekg/.pico-sdk/sdk/2.2.0/src/rp2_common/pico_bootrom/bootrom_lock.c.o
 .debug_abbrev  0x00002c83      0x200 layout_seeder/CMakeFiles/w6100_part_layout.dir/home/jaremekg/.pico-sdk/sdk/2.2.0/src/rp2_common/hardware_boot_lock/boot_lock.c.o
 .debug_abbrev  0x00002e83      0x10b layout_seeder/CMakeFiles/w6100_part_layout.dir/home/jaremekg/.pico-sdk/sdk/2.2.0/src/rp2_common/hardware_xosc/xosc.c.o
 .debug_abbrev  0x00002f8e      0x149 layout_seeder/CMakeFiles/w6100_part_layout.dir/home/jaremekg/.pico-sdk/sdk/2.2.0/src/rp2_common/pico_runtime/runtime.c.o
 .debug_abbrev  0x000030d7      0x2f9 layout_seeder/CMakeFiles/w6100_part_layout.dir/home/jaremekg/.pico-sdk/sdk/2.2.0/src/rp2_common/pico_runtime_init/runtime_init.c.o
 .debug_abbrev  0x000033d0      0x2c3 layout_seeder/CMakeFiles/w6100_part_layout.dir/home/jaremekg/.pico-sdk/sdk/2.2.0/src/rp2_common/pico_runtime_init/runtime_init_clocks.c.o
 .debug_abbrev  0x00003693       0x12 layout_seeder/CMakeFiles/w6100_part_layout.dir/home/jaremekg/.pico-sdk/sdk/2.2.0/src/rp2_common/pico_double/double_aeabi_dcp.S.o
 .debug_abbrev  0x000036a5       0xb8 layout_seeder/CMakeFiles/w6100_part_layout.dir/home/jaremekg/.pico-sdk/sdk/2.2.0/src/rp2_common/pico_standard_binary_info/standard_binary_info.c.o
 .debug_abbrev  0x0000375d      0x382 layout_seeder/CMakeFiles/w6100_part_layout.dir/home/jaremekg/.pico-sdk/sdk/2.2.0/src/rp2_common/pico_printf/printf.c.o
 .debug_abbrev  0x00003adf       0x12 layout_seeder/CMakeFiles/w6100_part_layout.dir/home/jaremekg/.pico-sdk/sdk/2.2.0/src/rp2_common/pico_crt0/crt0.S.o
 .debug_abbrev  0x00003af1      0x35f layout_seeder/CMakeFiles/w6100_part_layout.dir/home/jaremekg/.pico-sdk/sdk/2.2.0/src/rp2_common/pico_clib_interface/newlib_interface.c.o
 .debug_abbrev  0x00003e50      0x527 layout_seeder/CMakeFiles/w6100_part_layout.dir/home/jaremekg/.pico-sdk/sdk/2.2.0/src/rp2_common/pico_stdio/stdio.c.o

.debug_aranges  0x00000000      0xab8
 .debug_aranges
                0x00000000       0x20 layout_seeder/CMakeFiles/w6100_part_layout.dir/layout_seed.c.o
 .debug_aranges
                0x00000020       0x28 layout_seeder/CMakeFiles/w6100_part_layout.dir/home/jaremekg/.pico-sdk/sdk/2.2.0/src/rp2_common/pico_platform_panic/panic.c.o
 .debug_aranges
                0x00000048       0x48 layout_seeder/CMakeFiles/w6100_part_layout.dir/home/jaremekg/.pico-sdk/sdk/2.2.0/src/common/hardware_claim/claim.c.o
 .debug_aranges
                0x00000090       0x48 layout_seeder/CMakeFiles/w6100_part_layout.dir/home/jaremekg/.pico-sdk/sdk/2.2.0/src/rp2_common/hardware_sync/sync.c.o
 .debug_aranges
                0x000000d8       0x30 layout_seeder/CMakeFiles/w6100_part_layout.dir/home/jaremekg/.pico-sdk/sdk/2.2.0/src/rp2_common/hardware_sync_spin_lock/sync_spin_lock.c.o
 .debug_aranges
                0x00000108       0xe8 layout_seeder/CMakeFiles/w6100_part_layout.dir/home/jaremekg/.pico-sdk/sdk/2.2.0/src/rp2_common/hardware_irq/irq.c.o
 .debug_aranges
                0x000001f0       0x20 layout_seeder/CMakeFiles/w6100_part_layout.dir/home/jaremekg/.pico-sdk/sdk/2.2.0/src/common/pico_sync/lock_core.c.o
 .debug_aranges
                0x00000210       0x98 layout_seeder/CMakeFiles/w6100_part_layout.dir/home/jaremekg/.pico-sdk/sdk/2.2.0/src/common/pico_sync/mutex.c.o
 .debug_aranges
                0x000002a8      0x120 layout_seeder/CMakeFiles/w6100_part_layout.dir/home/jaremekg/.pico-sdk/sdk/2.2.0/src/common/pico_time/time.c.o
 .debug_aranges
                0x000003c8       0xf0 layout_seeder/CMakeFiles/w6100_part_layout.dir/home/jaremekg/.pico-sdk/sdk/2.2.0/src/rp2_common/hardware_timer/timer.c.o
 .debug_aranges
                0x000004b8       0xa8 layout_seeder/CMakeFiles/w6100_part_layout.dir/home/jaremekg/.pico-sdk/sdk/2.2.0/src/rp2_common/hardware_clocks/clocks.c.o
 .debug_aranges
                0x00000560       0x28 layout_seeder/CMakeFiles/w6100_part_layout.dir/home/jaremekg/.pico-sdk/sdk/2.2.0/src/rp2_common/hardware_pll/pll.c.o
 .debug_aranges
                0x00000588       0x30 layout_seeder/CMakeFiles/w6100_part_layout.dir/home/jaremekg/.pico-sdk/sdk/2.2.0/src/rp2_common/hardware_ticks/ticks.c.o
 .debug_aranges
                0x000005b8       0x80 layout_seeder/CMakeFiles/w6100_part_layout.dir/home/jaremekg/.pico-sdk/sdk/2.2.0/src/rp2_common/pico_bootrom/bootrom.c.o
 .debug_aranges
                0x00000638       0x20 layout_seeder/CMakeFiles/w6100_part_layout.dir/home/jaremekg/.pico-sdk/sdk/2.2.0/src/rp2_common/pico_bootrom/bootrom_lock.c.o
 .debug_aranges
                0x00000658       0x30 layout_seeder/CMakeFiles/w6100_part_layout.dir/home/jaremekg/.pico-sdk/sdk/2.2.0/src/rp2_common/hardware_boot_lock/boot_lock.c.o
 .debug_aranges
                0x00000688       0x30 layout_seeder/CMakeFiles/w6100_part_layout.dir/home/jaremekg/.pico-sdk/sdk/2.2.0/src/rp2_common/hardware_xosc/xosc.c.o
 .debug_aranges
                0x000006b8       0x40 layout_seeder/CMakeFiles/w6100_part_layout.dir/home/jaremekg/.pico-sdk/sdk/2.2.0/src/rp2_common/pico_runtime/runtime.c.o
 .debug_aranges
                0x000006f8       0x58 layout_seeder/CMakeFiles/w6100_part_layout.dir/home/jaremekg/.pico-sdk/sdk/2.2.0/src/rp2_common/pico_runtime_init/runtime_init.c.o
 .debug_aranges
                0x00000750       0x28 layout_seeder/CMakeFiles/w6100_part_layout.dir/home/jaremekg/.pico-sdk/sdk/2.2.0/src/rp2_common/pico_runtime_init/runtime_init_clocks.c.o
 .debug_aranges
                0x00000778       0xf8 layout_seeder/CMakeFiles/w6100_part_layout.dir/home/jaremekg/.pico-sdk/sdk/2.2.0/src/rp2_common/pico_double/double_aeabi_dcp.S.o
 .debug_aranges
                0x00000870       0x18 layout_seeder/CMakeFiles/w6100_part_layout.dir/home/jaremekg/.pico-sdk/sdk/2.2.0/src/rp2_common/pico_standard_binary_info/standard_binary_info.c.o
 .debug_aranges
                0x00000888       0x90 layout_seeder/CMakeFiles/w6100_part_layout.dir/home/jaremekg/.pico-sdk/sdk/2.2.0/src/rp2_common/pico_printf/printf.c.o
 .debug_aranges
                0x00000918       0x28 layout_seeder/CMakeFiles/w6100_part_layout.dir/home/jaremekg/.pico-sdk/sdk/2.2.0/src/rp2_common/pico_crt0/crt0.S.o
 .debug_aranges
                0x00000940       0xa8 layout_seeder/CMakeFiles/w6100_part_layout.dir/home/jaremekg/.pico-sdk/sdk/2.2.0/src/rp2_common/pico_clib_interface/newlib_interface.c.o
 .debug_aranges
                0x000009e8       0xd0 layout_seeder/CMakeFiles/w6100_part_layout.dir/home/jaremekg/.pico-sdk/sdk/2.2.0/src/rp2_common/pico_stdio/stdio.c.o

.debug_rnglists
                0x00000000      0xb85
 .debug_rnglists
                0x00000000       0x13 layout_seeder/CMakeFiles/w6100_part_layout.dir/layout_seed.c.o
 .debug_rnglists
                0x00000013       0x19 layout_seeder/CMakeFiles/w6100_part_layout.dir/home/jaremekg/.pico-sdk/sdk/2.2.0/src/rp2_common/pico_platform_panic/panic.c.o
 .debug_rnglists
                0x0000002c       0x31 layout_seeder/CMakeFiles/w6100_part_layout.dir/home/jaremekg/.pico-sdk/sdk/2.2.0/src/common/hardware_claim/claim.c.o
 .debug_rnglists
                0x0000005d       0x31 layout_seeder/CMakeFiles/w6100_part_layout.dir/home/jaremekg/.pico-sdk/sdk/2.2.0/src/rp2_common/hardware_sync/sync.c.o
 .debug_rnglists
                0x0000008e       0x1f layout_seeder/CMakeFiles/w6100_part_layout.dir/home/jaremekg/.pico-sdk/sdk/2.2.0/src/rp2_common/hardware_sync_spin_lock/sync_spin_lock.c.o
 .debug_rnglists
                0x000000ad       0xf6 layout_seeder/CMakeFiles/w6100_part_layout.dir/home/jaremekg/.pico-sdk/sdk/2.2.0/src/rp2_common/hardware_irq/irq.c.o
 .debug_rnglists
                0x000001a3       0x13 layout_seeder/CMakeFiles/w6100_part_layout.dir/home/jaremekg/.pico-sdk/sdk/2.2.0/src/common/pico_sync/lock_core.c.o
 .debug_rnglists
                0x000001b6      0x137 layout_seeder/CMakeFiles/w6100_part_layout.dir/home/jaremekg/.pico-sdk/sdk/2.2.0/src/common/pico_sync/mutex.c.o
 .debug_rnglists
                0x000002ed      0x1f4 layout_seeder/CMakeFiles/w6100_part_layout.dir/home/jaremekg/.pico-sdk/sdk/2.2.0/src/common/pico_time/time.c.o
 .debug_rnglists
                0x000004e1       0xca layout_seeder/CMakeFiles/w6100_part_layout.dir/home/jaremekg/.pico-sdk/sdk/2.2.0/src/rp2_common/hardware_timer/timer.c.o
 .debug_rnglists
                0x000005ab       0xe7 layout_seeder/CMakeFiles/w6100_part_layout.dir/home/jaremekg/.pico-sdk/sdk/2.2.0/src/rp2_common/hardware_clocks/clocks.c.o
 .debug_rnglists
                0x00000692       0x1a layout_seeder/CMakeFiles/w6100_part_layout.dir/home/jaremekg/.pico-sdk/sdk/2.2.0/src/rp2_common/hardware_pll/pll.c.o
 .debug_rnglists
                0x000006ac       0x1f layout_seeder/CMakeFiles/w6100_part_layout.dir/home/jaremekg/.pico-sdk/sdk/2.2.0/src/rp2_common/hardware_ticks/ticks.c.o
 .debug_rnglists
                0x000006cb       0xbd layout_seeder/CMakeFiles/w6100_part_layout.dir/home/jaremekg/.pico-sdk/sdk/2.2.0/src/rp2_common/pico_bootrom/bootrom.c.o
 .debug_rnglists
                0x00000788       0x13 layout_seeder/CMakeFiles/w6100_part_layout.dir/home/jaremekg/.pico-sdk/sdk/2.2.0/src/rp2_common/pico_bootrom/bootrom_lock.c.o
 .debug_rnglists
                0x0000079b       0x1f layout_seeder/CMakeFiles/w6100_part_layout.dir/home/jaremekg/.pico-sdk/sdk/2.2.0/src/rp2_common/hardware_boot_lock/boot_lock.c.o
 .debug_rnglists
                0x000007ba       0x1f layout_seeder/CMakeFiles/w6100_part_layout.dir/home/jaremekg/.pico-sdk/sdk/2.2.0/src/rp2_common/hardware_xosc/xosc.c.o
 .debug_rnglists
                0x000007d9       0x2b layout_seeder/CMakeFiles/w6100_part_layout.dir/home/jaremekg/.pico-sdk/sdk/2.2.0/src/rp2_common/pico_runtime/runtime.c.o
 .debug_rnglists
                0x00000804       0x3d layout_seeder/CMakeFiles/w6100_part_layout.dir/home/jaremekg/.pico-sdk/sdk/2.2.0/src/rp2_common/pico_runtime_init/runtime_init.c.o
 .debug_rnglists
                0x00000841       0x1a layout_seeder/CMakeFiles/w6100_part_layout.dir/home/jaremekg/.pico-sdk/sdk/2.2.0/src/rp2_common/pico_runtime_init/runtime_init_clocks.c.o
 .debug_rnglists
                0x0000085b       0xb7 layout_seeder/CMakeFiles/w6100_part_layout.dir/home/jaremekg/.pico-sdk/sdk/2.2.0/src/rp2_common/pico_double/double_aeabi_dcp.S.o
 .debug_rnglists
                0x00000912       0xf2 layout_seeder/CMakeFiles/w6100_part_layout.dir/home/jaremekg/.pico-sdk/sdk/2.2.0/src/rp2_common/pico_printf/printf.c.o
 .debug_rnglists
                0x00000a04       0x1b layout_seeder/CMakeFiles/w6100_part_layout.dir/home/jaremekg/.pico-sdk/sdk/2.2.0/src/rp2_common/pico_crt0/crt0.S.o
 .debug_rnglists
                0x00000a1f       0x79 layout_seeder/CMakeFiles/w6100_part_layout.dir/home/jaremekg/.pico-sdk/sdk/2.2.0/src/rp2_common/pico_clib_interface/newlib_interface.c.o
 .debug_rnglists
                0x00000a98       0xed layout_seeder/CMakeFiles/w6100_part_layout.dir/home/jaremekg/.pico-sdk/sdk/2.2.0/src/rp2_common/pico_stdio/stdio.c.o

.debug_line     0x00000000     0xc88d
 .debug_line    0x00000000       0x77 layout_seeder/CMakeFiles/w6100_part_layout.dir/layout_seed.c.o
 .debug_line    0x00000077      0x21d layout_seeder/CMakeFiles/w6100_part_layout.dir/home/jaremekg/.pico-sdk/sdk/2.2.0/src/rp2_common/pico_platform_panic/panic.c.o
 .debug_line    0x00000294      0x580 layout_seeder/CMakeFiles/w6100_part_layout.dir/home/jaremekg/.pico-sdk/sdk/2.2.0/src/common/hardware_claim/claim.c.o
 .debug_line    0x00000814      0x3b6 layout_seeder/CMakeFiles/w6100_part_layout.dir/home/jaremekg/.pico-sdk/sdk/2.2.0/src/rp2_common/hardware_sync/sync.c.o
 .debug_line    0x00000bca      0x3da layout_seeder/CMakeFiles/w6100_part_layout.dir/home/jaremekg/.pico-sdk/sdk/2.2.0/src/rp2_common/hardware_sync_spin_lock/sync_spin_lock.c.o
 .debug_line    0x00000fa4     0x11fe layout_seeder/CMakeFiles/w6100_part_layout.dir/home/jaremekg/.pico-sdk/sdk/2.2.0/src/rp2_common/hardware_irq/irq.c.o